Microchip MPLAB XC8 Compiler V3.00

Linker command line:

-W-3 \
  --edf=/Applications/microchip/mplabx/v6.25/packs/Microchip/PIC18F-K_DFP/1.14.301/xc8/pic/dat/20241213203129_en.msgs \
  -cn -h+dist/default/production/MCU_PIC_Drivers.X.production.sym \
  --cmf=dist/default/production/MCU_PIC_Drivers.X.production.cmf -z \
  -Q18F46K20 -o/tmp/xcgTit6yc/driver_tmp_3.o --defsym=__MPLAB_BUILD=1 \
  --fixupoverflow=error \
  -Mdist/default/production/MCU_PIC_Drivers.X.production.map \
  --md=/tmp/xcgTit6yc/driver_tmp_0.dat -E1 -ver=XC8 Compiler \
  -ACODE=00h-0FFFFh -ACONST=00h-0FFFFh -ASMALLCONST=01000h-010FFhx240 \
  -AMEDIUMCONST=01000h-0FFFFh -ACOMRAM=01h-05Fh -AABS1=00h-0F5Fh \
  -ABIGRAM=01h-0F5Fh -ARAM=060h-0FFh,0100h-01FFhx14,0F00h-0F5Fh \
  -ABANK0=060h-0FFh -ABANK1=0100h-01FFh -ABANK2=0200h-02FFh \
  -ABANK3=0300h-03FFh -ABANK4=0400h-04FFh -ABANK5=0500h-05FFh \
  -ABANK6=0600h-06FFh -ABANK7=0700h-07FFh -ABANK8=0800h-08FFh \
  -ABANK9=0900h-09FFh -ABANK10=0A00h-0AFFh -ABANK11=0B00h-0BFFh \
  -ABANK12=0C00h-0CFFh -ABANK13=0D00h-0DFFh -ABANK14=0E00h-0EFFh \
  -ABANK15=0F00h-0F5Fh -ASFR=0F60h-0FFFh -ABIGSFR=0F60h-0FFFh \
  -ACONFIG=0300000h-030000Dh -AIDLOC=0200000h-0200007h \
  -AEEDATA=0F00000h-0F003FFh -peeprom_data=EEDATA \
  -preset_vec=00h,intcode=8h,intcodelo=18h,sivt_lo,sivt_hi=CODE \
  -ppowerup=CODE,init -pramtop=01000h -psmallconst=SMALLCONST \
  -pmediumconst=MEDIUMCONST -pconst=CONST -AFARRAM=00h-00h \
  -prdata=COMRAM,nvrram=COMRAM,nvbit=COMRAM,rbss=COMRAM,rbit=COMRAM \
  -pfarbss=FARRAM,fardata=FARRAM,nvFARRAM=FARRAM \
  -pintsave_regs=BIGRAM,bigbss=BIGRAM,bigdata=BIGRAM -pbss=RAM \
  -pidata=CODE,irdata=CODE,ibigdata=CODE,ifardata=CODE -prparam=COMRAM \
  /tmp/xcgTit6yc/driver_tmp_9.o \
  dist/default/production/MCU_PIC_Drivers.X.production.o 

Object code version is 3.11

Machine type is 18F46K20



                Name                               Link     Load   Length Selector   Space Scale
/tmp/xcgTit6yc/driver_tmp_9.o
                config                           300000   300000        E        0       4
                init                                31A      31A        4        4       0
                reset_vec                             0        0        4        0       0
dist/default/production/MCU_PIC_Drivers.X.production.o
                intcode                               8        8      312        4       0
                config                           300000   300000        E        0       4
                temp                                 4F       4F        1        1       1
                smallconst                         1000     1000       16      800       0
                text50                             1822     1822       8A      80B       0
                text49                             20B0     20B0       1E     1015       0
                text48                             213E     213E        A     1015       0
                text47                             2134     2134        A     1015       0
                text46                             212A     212A        A     1015       0
                text45                             1F04     1F04       2E      80B       0
                text44                             1ED6     1ED6       2E      80B       0
                text43                             1EA8     1EA8       2E      80B       0
                text42                             146C     146C      10E      80B       0
                text41                             206E     206E       22     1015       0
                text40                             204C     204C       22     1015       0
                text39                             2120     2120        A     1015       0
                text38                             2116     2116        A     1015       0
                text37                             210C     210C        A     1015       0
                text36                             2102     2102        A     1015       0
                text35                             20F8     20F8        A     1015       0
                text34                             20EE     20EE        A     1015       0
                text33                             20E4     20E4        A     1015       0
                text32                             20DA     20DA        A     1015       0
                text31                             1AA6     1AA6       7E      80B       0
                text30                             1A28     1A28       7E      80B       0
                text29                             19AA     19AA       7E      80B       0
                text28                             192C     192C       7E      80B       0
                text26                             2148     2148        2     1015       0
                text25                             1B92     1B92       6E      80B       0
                text24                             1B24     1B24       6E      80B       0
                text23                             1016     1016      11C      80B       0
                text22                             18AC     18AC       80      80B       0
                text21                             1132     1132      116      80B       0
                text20                             1FDA     1FDA       2A      80B       0
                text19                             1FB0     1FB0       2A      80B       0
                text18                             1F86     1F86       2A      80B       0
                text17                             1F5C     1F5C       2A      80B       0
                text16                             16E0     16E0       A6      80B       0
                text15                             1C62     1C62       5C      80B       0
                text14                             202A     202A       22     1015       0
                text13                             157A     157A       BC      80B       0
                text12                             1786     1786       9C      80B       0
                text11                             1F32     1F32       2A      80B       0
                text10                             1E28     1E28       44      80B       0
                text9                              1DE4     1DE4       44      80B       0
                text8                              1DA0     1DA0       44      80B       0
                text7                              1D5C     1D5C       44      80B       0
                text6                              135C     135C      110      80B       0
                text5                              1D14     1D14       48      80B       0
                text4                              1248     1248      114      80B       0
                text3                              1C00     1C00       62      80B       0
                text2                              2090     2090       20     1015       0
                text1                              1636     1636       AA      80B       0
                text0                              20CE     20CE        C     1015       0
                cstackCOMRAM                         3E       3E       11        1       1
                cstackBANK0                          9C       9C        B       60       1
                dataBANK0                            60       60       3C       60       1
                dataCOMRAM                            1        1       25        1       1
                bssCOMRAM                            26       26       18        1       1
                cinit                              1CBE     1CBE       56      80B       0
                idataBANK0                         1E6C     1E6C       3C      80B       0
                idataCOMRAM                        2004     2004       25      80B       0

TOTAL           Name                               Link     Load   Length     Space
        CLASS   CODE           
                intcode                               8        8      312         0
                init                                31A      31A        4         0
                reset_vec                             0        0        4         0
                text50                             1822     1822       8A         0
                text49                             20B0     20B0       1E         0
                text48                             213E     213E        A         0
                text47                             2134     2134        A         0
                text46                             212A     212A        A         0
                text45                             1F04     1F04       2E         0
                text44                             1ED6     1ED6       2E         0
                text43                             1EA8     1EA8       2E         0
                text42                             146C     146C      10E         0
                text41                             206E     206E       22         0
                text40                             204C     204C       22         0
                text39                             2120     2120        A         0
                text38                             2116     2116        A         0
                text37                             210C     210C        A         0
                text36                             2102     2102        A         0
                text35                             20F8     20F8        A         0
                text34                             20EE     20EE        A         0
                text33                             20E4     20E4        A         0
                text32                             20DA     20DA        A         0
                text31                             1AA6     1AA6       7E         0
                text30                             1A28     1A28       7E         0
                text29                             19AA     19AA       7E         0
                text28                             192C     192C       7E         0
                text26                             2148     2148        2         0
                text25                             1B92     1B92       6E         0
                text24                             1B24     1B24       6E         0
                text23                             1016     1016      11C         0
                text22                             18AC     18AC       80         0
                text21                             1132     1132      116         0
                text20                             1FDA     1FDA       2A         0
                text19                             1FB0     1FB0       2A         0
                text18                             1F86     1F86       2A         0
                text17                             1F5C     1F5C       2A         0
                text16                             16E0     16E0       A6         0
                text15                             1C62     1C62       5C         0
                text14                             202A     202A       22         0
                text13                             157A     157A       BC         0
                text12                             1786     1786       9C         0
                text11                             1F32     1F32       2A         0
                text10                             1E28     1E28       44         0
                text9                              1DE4     1DE4       44         0
                text8                              1DA0     1DA0       44         0
                text7                              1D5C     1D5C       44         0
                text6                              135C     135C      110         0
                text5                              1D14     1D14       48         0
                text4                              1248     1248      114         0
                text3                              1C00     1C00       62         0
                text2                              2090     2090       20         0
                text1                              1636     1636       AA         0
                text0                              20CE     20CE        C         0
                cinit                              1CBE     1CBE       56         0
                idataBANK0                         1E6C     1E6C       3C         0
                idataCOMRAM                        2004     2004       25         0

        CLASS   CONST          

        CLASS   SMALLCONST     
                smallconst                         1000     1000       16         0

        CLASS   MEDIUMCONST    

        CLASS   COMRAM         
                temp                                 4F       4F        1         1
                cstackCOMRAM                         3E       3E       11         1
                dataCOMRAM                            1        1       25         1
                bssCOMRAM                            26       26       18         1

        CLASS   ABS1           

        CLASS   BIGRAM         

        CLASS   RAM            

        CLASS   BANK0          
                cstackBANK0                          9C       9C        B         1
                dataBANK0                            60       60       3C         1

        CLASS   BANK1          

        CLASS   BANK2          

        CLASS   BANK3          

        CLASS   BANK4          

        CLASS   BANK5          

        CLASS   BANK6          

        CLASS   BANK7          

        CLASS   BANK8          

        CLASS   BANK9          

        CLASS   BANK10         

        CLASS   BANK11         

        CLASS   BANK12         

        CLASS   BANK13         

        CLASS   BANK14         

        CLASS   BANK15         

        CLASS   SFR            

        CLASS   BIGSFR         

        CLASS   CONFIG         
                config                           300000   300000        E         4

        CLASS   IDLOC          

        CLASS   EEDATA         

        CLASS   FARRAM         

        CLASS   HEAP           

        CLASS   STACK          



SEGMENTS        Name                           Load    Length   Top    Selector   Space  Class

                reset_vec                      000000  000004  000004         0       0  CODE    
                dataBANK0                      000060  000047  0000A7        60       1  BANK0   
                text23                         001016  001013  002029       80B       0  CODE    
                text14                         00202A  000120  00214A      1015       0  CODE    
                intcode                        000008  000316  00031E         4       0  CODE    
                smallconst                     001000  000016  001016       800       0  SMALLCON
                dataCOMRAM                     000001  00004F  000050         1       1  COMRAM  


UNUSED ADDRESS RANGES

        Name                Unused          Largest block    Delta
        BANK0            0000A7-0000FF               59
        BANK1            000100-0001FF              100
        BANK10           000A00-000AFF              100
        BANK11           000B00-000BFF              100
        BANK12           000C00-000CFF              100
        BANK13           000D00-000DFF              100
        BANK14           000E00-000EFF              100
        BANK15           000F00-000F5F               60
        BANK2            000200-0002FF              100
        BANK3            000300-0003FF              100
        BANK4            000400-0004FF              100
        BANK5            000500-0005FF              100
        BANK6            000600-0006FF              100
        BANK7            000700-0007FF              100
        BANK8            000800-0008FF              100
        BANK9            000900-0009FF              100
        BIGRAM           000050-00005F               10
                         0000A7-000F5F              EB9
        BIGSFR           000F60-000FFF               A0
        CODE             000004-000007                4
                         00031E-000FFF              CE2
                         002029-002029                1
                         00214A-00FFFF             DEB6
        COMRAM           000050-00005F               10
        CONST            000004-000007                4
                         00031E-000FFF              CE2
                         002029-002029                1
                         00214A-00FFFF             DEB6
        EEDATA           F00000-F003FF              400
        IDLOC            200000-200007                8
        MEDIUMCONST      002029-002029                1
                         00214A-00FFFF             DEB6
        RAM              0000A7-000F5F              100
        SFR              000F60-000FFF               A0
        SMALLCONST       002029-002029                1
                         00214A-00FFFF              100

                                  Symbol Table

EXTERNAL_INTERRUPT_INTX_INIT@Retval          cstackBANK0  0000A5
EXTERNAL_INTERRUPT_INTX_INIT@int_pin         cstackBANK0  0000A4
EXTERNAL_INTERRUPT_RBX_INIT@Retval           cstackBANK0  0000A5
EXTERNAL_INTERRUPT_RBX_INIT@int_pin          cstackBANK0  0000A4
GPIO_DC_MOTOR_ROTATE_CLOCKWISE@F3770         dataCOMRAM   000017
GPIO_DC_MOTOR_ROTATE_COUNTER_CLOCKWISE@F3776 dataCOMRAM   000015
GPIO_LED_INIT@led                            cstackBANK0  0000A6
GPIO_LED_TURN_OFF@led                        cstackCOMRAM 000046
GPIO_LED_TURN_ON@led                         cstackCOMRAM 000046
GPIO_LED_TURN_TOGGLE@led                     cstackCOMRAM 000044
GPIO_PIN_DIRECTION_INIT@Retval               cstackBANK0  0000A1
GPIO_PIN_DIRECTION_INIT@pin                  cstackCOMRAM 00004E
GPIO_PIN_INIT@Retval                         cstackBANK0  0000A5
GPIO_PIN_INIT@pin                            cstackBANK0  0000A3
GPIO_PIN_TOGGLE_LOGIC@Retval                 cstackCOMRAM 000043
GPIO_PIN_TOGGLE_LOGIC@pin                    cstackCOMRAM 00003E
GPIO_PIN_WRITE_LOGIC@Retval                  cstackCOMRAM 00004E
GPIO_PIN_WRITE_LOGIC@logic                   cstackBANK0  00009D
GPIO_PIN_WRITE_LOGIC@pin                     cstackBANK0  00009C
INT0_SET_HANDLER@INTERRUPT_HANDLER           cstackBANK0  00009C
INT0_SET_HANDLER@Retval                      cstackCOMRAM 00004E
INT1_SET_HANDLER@INTERRUPT_HANDLER           cstackBANK0  00009C
INT1_SET_HANDLER@Retval                      cstackCOMRAM 00004E
INT2_SET_HANDLER@INTERRUPT_HANDLER           cstackBANK0  00009C
INT2_SET_HANDLER@Retval                      cstackCOMRAM 00004E
INTERRUPT_INTX_CLEAR_FLAG@Retval             cstackBANK0  00009E
INTERRUPT_INTX_CLEAR_FLAG@int_pin            cstackCOMRAM 00004E
INTERRUPT_INTX_DISABLE@Retval                cstackBANK0  00009E
INTERRUPT_INTX_DISABLE@int_pin               cstackCOMRAM 00004E
INTERRUPT_INTX_EDGE_INIT@Retval              cstackBANK0  00009E
INTERRUPT_INTX_EDGE_INIT@int_pin             cstackCOMRAM 00004E
INTERRUPT_INTX_ENABLE@Retval                 cstackBANK0  00009E
INTERRUPT_INTX_ENABLE@int_pin                cstackCOMRAM 00004E
INTERRUPT_INTX_PIN_INIT@Retval               cstackBANK0  0000A3
INTERRUPT_INTX_PIN_INIT@int_pin              cstackBANK0  0000A2
INTERRUPT_RBX_CLEAR_FLAG@Retval              cstackBANK0  00009C
INTERRUPT_RBX_CLEAR_FLAG@int_pin             cstackCOMRAM 00004E
INTERRUPT_RBX_DISABLE@Retval                 cstackBANK0  00009E
INTERRUPT_RBX_DISABLE@int_pin                cstackCOMRAM 00004E
INTERRUPT_RBX_ENABLE@Retval                  cstackBANK0  00009E
INTERRUPT_RBX_ENABLE@int_pin                 cstackCOMRAM 00004E
INTERRUPT_RBX_PIN_INIT@Retval                cstackBANK0  0000A3
INTERRUPT_RBX_PIN_INIT@int_pin               cstackBANK0  0000A2
INTX_SET_HANDLER@Retval                      cstackBANK0  0000A1
INTX_SET_HANDLER@int_pin                     cstackBANK0  00009E
RB4_ISR@change                               cstackCOMRAM 000047
RB4_SET_HANDLER@INTERRUPT_HANDLER_HIGH       cstackBANK0  00009C
RB4_SET_HANDLER@INTERRUPT_HANDLER_LOW        cstackBANK0  00009E
RB4_SET_HANDLER@Retval                       cstackCOMRAM 00004E
RB5_ISR@change                               cstackCOMRAM 000047
RB5_SET_HANDLER@INTERRUPT_HANDLER_HIGH       cstackBANK0  00009C
RB5_SET_HANDLER@INTERRUPT_HANDLER_LOW        cstackBANK0  00009E
RB5_SET_HANDLER@Retval                       cstackCOMRAM 00004E
RB6_ISR@change                               cstackCOMRAM 000047
RB6_SET_HANDLER@INTERRUPT_HANDLER_HIGH       cstackBANK0  00009C
RB6_SET_HANDLER@INTERRUPT_HANDLER_LOW        cstackBANK0  00009E
RB6_SET_HANDLER@Retval                       cstackCOMRAM 00004E
RB7_ISR@change                               cstackCOMRAM 000047
RB7_SET_HANDLER@INTERRUPT_HANDLER_HIGH       cstackBANK0  00009C
RB7_SET_HANDLER@INTERRUPT_HANDLER_LOW        cstackBANK0  00009E
RB7_SET_HANDLER@Retval                       cstackCOMRAM 00004E
RBX_SET_HANDLER@Retval                       cstackBANK0  0000A3
RBX_SET_HANDLER@int_pin                      cstackBANK0  0000A0
_ECUAL_LAYER_INIT                            text26       002148
_EEADR                                       (abs)        000FA9
_EEADRH                                      (abs)        000FAA
_EECON1                                      (abs)        000FA6
_EECON1bits                                  (abs)        000FA6
_EECON2                                      (abs)        000FA7
_EEDATA                                      (abs)        000FA8
_EXTERNAL_INTERRUPT_INTX_INIT                text15       001C62
_EXTERNAL_INTERRUPT_RBX_INIT                 text5        001D14
_GPIO_LED_INIT                               text2        002090
_GPIO_LED_TURN_OFF                           text40       00204C
_GPIO_LED_TURN_ON                            text41       00206E
_GPIO_LED_TURN_TOGGLE                        text49       0020B0
_GPIO_PIN_DIRECTION_INIT                     text21       001132
_GPIO_PIN_INIT                               text3        001C00
_GPIO_PIN_TOGGLE_LOGIC                       text50       001822
_GPIO_PIN_WRITE_LOGIC                        text4        001248
_INT0_APP_ISR                                text47       002134
_INT0_INTERRUPT_HANDLER                      bssCOMRAM    00003A
_INT0_ISR                                    text45       001F04
_INT0_SET_HANDLER                            text19       001FB0
_INT1_APP_ISR                                text46       00212A
_INT1_INTERRUPT_HANDLER                      bssCOMRAM    000038
_INT1_ISR                                    text44       001ED6
_INT1_SET_HANDLER                            text18       001F86
_INT2_APP_ISR                                text48       00213E
_INT2_INTERRUPT_HANDLER                      bssCOMRAM    000036
_INT2_ISR                                    text43       001EA8
_INT2_SET_HANDLER                            text17       001F5C
_INTCON                                      (abs)        000FF2
_INTCON2                                     (abs)        000FF1
_INTCON3                                     (abs)        000FF0
_INTCON3bits                                 (abs)        000FF0
_INTCONbits                                  (abs)        000FF2
_INTERRUPT_INTX_CLEAR_FLAG                   text25       001B92
_INTERRUPT_INTX_DISABLE                      text24       001B24
_INTERRUPT_INTX_EDGE_INIT                    text23       001016
_INTERRUPT_INTX_ENABLE                       text22       0018AC
_INTERRUPT_INTX_PIN_INIT                     text20       001FDA
_INTERRUPT_MANAGER                           intcode      000008
_INTERRUPT_RBX_CLEAR_FLAG                    text14       00202A
_INTERRUPT_RBX_DISABLE                       text13       00157A
_INTERRUPT_RBX_ENABLE                        text12       001786
_INTERRUPT_RBX_PIN_INIT                      text11       001F32
_INTX_SET_HANDLER                            text16       0016E0
_IOCB                                        (abs)        000F7D
_IOCBbits                                    (abs)        000F7D
_KEYPAD_BTNS                                 smallconst   001001
_LATA                                        (abs)        000F89
_LATB                                        (abs)        000F8A
_LATC                                        (abs)        000F8B
_LATD                                        (abs)        000F8C
_LATE                                        (abs)        000F8D
_LAT_REGs                                    dataCOMRAM   000001
_PORTA                                       (abs)        000F80
_PORTB                                       (abs)        000F81
_PORTBbits                                   (abs)        000F81
_PORTC                                       (abs)        000F82
_PORTD                                       (abs)        000F83
_PORTE                                       (abs)        000F84
_PORT_REGs                                   dataBANK0    000060
_RB4_APP_ISR_HIGH                            text38       002116
_RB4_APP_ISR_LOW                             text34       0020EE
_RB4_INTERRUPT_HANDLER_CHANGE_HIGH           bssCOMRAM    000034
_RB4_INTERRUPT_HANDLER_CHANGE_LOW            bssCOMRAM    00002C
_RB4_ISR                                     text31       001AA6
_RB4_ISR_FLAG                                dataCOMRAM   00001C
_RB4_SET_HANDLER                             text10       001E28
_RB5_APP_ISR_HIGH                            text37       00210C
_RB5_APP_ISR_LOW                             text33       0020E4
_RB5_INTERRUPT_HANDLER_CHANGE_HIGH           bssCOMRAM    000032
_RB5_INTERRUPT_HANDLER_CHANGE_LOW            bssCOMRAM    00002A
_RB5_ISR                                     text30       001A28
_RB5_ISR_FLAG                                dataCOMRAM   00001B
_RB5_SET_HANDLER                             text9        001DE4
_RB6_APP_ISR_HIGH                            text36       002102
_RB6_APP_ISR_LOW                             text32       0020DA
_RB6_INTERRUPT_HANDLER_CHANGE_HIGH           bssCOMRAM    000030
_RB6_INTERRUPT_HANDLER_CHANGE_LOW            bssCOMRAM    000028
_RB6_ISR                                     text29       0019AA
_RB6_ISR_FLAG                                dataCOMRAM   00001A
_RB6_SET_HANDLER                             text8        001DA0
_RB7_APP_ISR_HIGH                            text39       002120
_RB7_APP_ISR_LOW                             text35       0020F8
_RB7_INTERRUPT_HANDLER_CHANGE_HIGH           bssCOMRAM    00002E
_RB7_INTERRUPT_HANDLER_CHANGE_LOW            bssCOMRAM    000026
_RB7_ISR                                     text28       00192C
_RB7_ISR_FLAG                                dataCOMRAM   000019
_RB7_SET_HANDLER                             text7        001D5C
_RBX_SET_HANDLER                             text6        00135C
_RCON                                        (abs)        000FD0
_Ret                                         dataCOMRAM   00001D
_TRISA                                       (abs)        000F92
_TRISB                                       (abs)        000F93
_TRISC                                       (abs)        000F94
_TRISD                                       (abs)        000F95
_TRISE                                       (abs)        000F96
_TRIS_REGs                                   dataCOMRAM   00000B
__HRAM                                       (abs)        000000
__H__absolute__                              __absolute__ 000000
__Habs1                                      abs1         000000
__Hbank0                                     bank0        000000
__Hbank1                                     bank1        000000
__Hbank10                                    bank10       000000
__Hbank11                                    bank11       000000
__Hbank12                                    bank12       000000
__Hbank13                                    bank13       000000
__Hbank14                                    bank14       000000
__Hbank15                                    bank15       000000
__Hbank2                                     bank2        000000
__Hbank3                                     bank3        000000
__Hbank4                                     bank4        000000
__Hbank5                                     bank5        000000
__Hbank6                                     bank6        000000
__Hbank7                                     bank7        000000
__Hbank8                                     bank8        000000
__Hbank9                                     bank9        000000
__Hbigbss                                    bigbss       000000
__Hbigdata                                   bigdata      000000
__Hbigram                                    bigram       000000
__Hbigsfr                                    bigsfr       000000
__Hbss                                       bss          000000
__HbssCOMRAM                                 bssCOMRAM    000000
__Hcinit                                     cinit        000000
__Hclrtext                                   clrtext      000000
__Hcomram                                    comram       000000
__Hconfig                                    config       30000E
__Hconst                                     const        000000
__HcstackBANK0                               cstackBANK0  000000
__HcstackCOMRAM                              cstackCOMRAM 000000
__Hdata                                      data         000000
__HdataBANK0                                 dataBANK0    000000
__HdataCOMRAM                                dataCOMRAM   000000
__Heeprom_data                               eeprom_data  000000
__Hfarbss                                    farbss       000000
__Hfardata                                   fardata      000000
__Hheap                                      heap         000000
__Hibigdata                                  ibigdata     000000
__Hidata                                     idata        000000
__HidataBANK0                                idataBANK0   000000
__HidataCOMRAM                               idataCOMRAM  000000
__Hidloc                                     idloc        000000
__Hifardata                                  ifardata     000000
__Hinit                                      init         00031E
__Hintcode                                   intcode      00031A
__Hintcode_body                              intcode_body 000000
__Hintcodelo                                 intcodelo    000018
__Hintentry                                  intentry     000000
__Hintret                                    intret       000000
__Hintsave_regs                              intsave_regs 000000
__Hirdata                                    irdata       000000
__Hmediumconst                               mediumconst  000000
__HnvFARRAM                                  nvFARRAM     000000
__Hnvbit                                     nvbit        000000
__Hnvrram                                    nvrram       000000
__Hparam                                     rparam       000000
__Hpowerup                                   powerup      000000
__Hram                                       ram          000000
__Hramtop                                    ramtop       001000
__Hrbit                                      rbit         000000
__Hrbss                                      rbss         000000
__Hrdata                                     rdata        000000
__Hreset_vec                                 reset_vec    000004
__Hrparam                                    rparam       000000
__Hsfr                                       sfr          000000
__Hsivt_hi                                   sivt_hi      000000
__Hsivt_lo                                   sivt_lo      000018
__Hsmallconst                                smallconst   001016
__Hspace_0                                   (abs)        00214A
__Hspace_1                                   (abs)        0000A7
__Hspace_2                                   (abs)        000000
__Hspace_4                                   (abs)        60000E
__Hstack                                     stack        000000
__Hstruct                                    struct       000000
__Htemp                                      temp         000050
__Htext                                      text         000000
__Htext0                                     text0        000000
__Htext1                                     text1        000000
__Htext10                                    text10       000000
__Htext11                                    text11       000000
__Htext12                                    text12       000000
__Htext13                                    text13       000000
__Htext14                                    text14       000000
__Htext15                                    text15       000000
__Htext16                                    text16       000000
__Htext17                                    text17       000000
__Htext18                                    text18       000000
__Htext19                                    text19       000000
__Htext2                                     text2        000000
__Htext20                                    text20       000000
__Htext21                                    text21       000000
__Htext22                                    text22       000000
__Htext23                                    text23       000000
__Htext24                                    text24       000000
__Htext25                                    text25       000000
__Htext26                                    text26       000000
__Htext28                                    text28       000000
__Htext29                                    text29       000000
__Htext3                                     text3        000000
__Htext30                                    text30       000000
__Htext31                                    text31       000000
__Htext32                                    text32       000000
__Htext33                                    text33       000000
__Htext34                                    text34       000000
__Htext35                                    text35       000000
__Htext36                                    text36       000000
__Htext37                                    text37       000000
__Htext38                                    text38       000000
__Htext39                                    text39       000000
__Htext4                                     text4        000000
__Htext40                                    text40       000000
__Htext41                                    text41       000000
__Htext42                                    text42       000000
__Htext43                                    text43       000000
__Htext44                                    text44       000000
__Htext45                                    text45       000000
__Htext46                                    text46       000000
__Htext47                                    text47       000000
__Htext48                                    text48       000000
__Htext49                                    text49       000000
__Htext5                                     text5        000000
__Htext50                                    text50       000000
__Htext6                                     text6        000000
__Htext7                                     text7        000000
__Htext8                                     text8        000000
__Htext9                                     text9        000000
__LRAM                                       (abs)        000001
__L__absolute__                              __absolute__ 000000
__Labs1                                      abs1         000000
__Lbank0                                     bank0        000000
__Lbank1                                     bank1        000000
__Lbank10                                    bank10       000000
__Lbank11                                    bank11       000000
__Lbank12                                    bank12       000000
__Lbank13                                    bank13       000000
__Lbank14                                    bank14       000000
__Lbank15                                    bank15       000000
__Lbank2                                     bank2        000000
__Lbank3                                     bank3        000000
__Lbank4                                     bank4        000000
__Lbank5                                     bank5        000000
__Lbank6                                     bank6        000000
__Lbank7                                     bank7        000000
__Lbank8                                     bank8        000000
__Lbank9                                     bank9        000000
__Lbigbss                                    bigbss       000000
__Lbigdata                                   bigdata      000000
__Lbigram                                    bigram       000000
__Lbigsfr                                    bigsfr       000000
__Lbss                                       bss          000000
__LbssCOMRAM                                 bssCOMRAM    000000
__Lcinit                                     cinit        000000
__Lclrtext                                   clrtext      000000
__Lcomram                                    comram       000000
__Lconfig                                    config       000000
__Lconst                                     const        000000
__LcstackBANK0                               cstackBANK0  000000
__LcstackCOMRAM                              cstackCOMRAM 000000
__Ldata                                      data         000000
__LdataBANK0                                 dataBANK0    000000
__LdataCOMRAM                                dataCOMRAM   000000
__Leeprom_data                               eeprom_data  000000
__Lfarbss                                    farbss       000000
__Lfardata                                   fardata      000000
__Lheap                                      heap         000000
__Libigdata                                  ibigdata     000000
__Lidata                                     idata        000000
__LidataBANK0                                idataBANK0   000000
__LidataCOMRAM                               idataCOMRAM  000000
__Lidloc                                     idloc        000000
__Lifardata                                  ifardata     000000
__Linit                                      init         00031A
__Lintcode                                   intcode      000008
__Lintcode_body                              intcode_body 000000
__Lintcodelo                                 intcodelo    000018
__Lintentry                                  intentry     000000
__Lintret                                    intret       000000
__Lintsave_regs                              intsave_regs 000000
__Lirdata                                    irdata       000000
__Lmediumconst                               mediumconst  000000
__LnvFARRAM                                  nvFARRAM     000000
__Lnvbit                                     nvbit        000000
__Lnvrram                                    nvrram       000000
__Lparam                                     rparam       000000
__Lpowerup                                   powerup      000000
__Lram                                       ram          000000
__Lramtop                                    ramtop       001000
__Lrbit                                      rbit         000000
__Lrbss                                      rbss         000000
__Lrdata                                     rdata        000000
__Lreset_vec                                 reset_vec    000000
__Lrparam                                    rparam       000000
__Lsfr                                       sfr          000000
__Lsivt_hi                                   sivt_hi      000000
__Lsivt_lo                                   sivt_lo      000018
__Lsmallconst                                smallconst   001000
__Lspace_0                                   (abs)        000000
__Lspace_1                                   (abs)        000000
__Lspace_2                                   (abs)        000000
__Lspace_4                                   (abs)        000000
__Lstack                                     stack        000000
__Lstruct                                    struct       000000
__Ltemp                                      temp         00004F
__Ltext                                      text         000000
__Ltext0                                     text0        000000
__Ltext1                                     text1        000000
__Ltext10                                    text10       000000
__Ltext11                                    text11       000000
__Ltext12                                    text12       000000
__Ltext13                                    text13       000000
__Ltext14                                    text14       000000
__Ltext15                                    text15       000000
__Ltext16                                    text16       000000
__Ltext17                                    text17       000000
__Ltext18                                    text18       000000
__Ltext19                                    text19       000000
__Ltext2                                     text2        000000
__Ltext20                                    text20       000000
__Ltext21                                    text21       000000
__Ltext22                                    text22       000000
__Ltext23                                    text23       000000
__Ltext24                                    text24       000000
__Ltext25                                    text25       000000
__Ltext26                                    text26       000000
__Ltext28                                    text28       000000
__Ltext29                                    text29       000000
__Ltext3                                     text3        000000
__Ltext30                                    text30       000000
__Ltext31                                    text31       000000
__Ltext32                                    text32       000000
__Ltext33                                    text33       000000
__Ltext34                                    text34       000000
__Ltext35                                    text35       000000
__Ltext36                                    text36       000000
__Ltext37                                    text37       000000
__Ltext38                                    text38       000000
__Ltext39                                    text39       000000
__Ltext4                                     text4        000000
__Ltext40                                    text40       000000
__Ltext41                                    text41       000000
__Ltext42                                    text42       000000
__Ltext43                                    text43       000000
__Ltext44                                    text44       000000
__Ltext45                                    text45       000000
__Ltext46                                    text46       000000
__Ltext47                                    text47       000000
__Ltext48                                    text48       000000
__Ltext49                                    text49       000000
__Ltext5                                     text5        000000
__Ltext50                                    text50       000000
__Ltext6                                     text6        000000
__Ltext7                                     text7        000000
__Ltext8                                     text8        000000
__Ltext9                                     text9        000000
__S0                                         (abs)        00214A
__S1                                         (abs)        0000A7
__S4                                         (abs)        000000
__S5                                         (abs)        000000
___heap_hi                                   (abs)        000000
___heap_lo                                   (abs)        000000
___inthi_sp                                  stack        000000
___inthi_stack_hi                            stack        000000
___inthi_stack_lo                            stack        000000
___intlo_sp                                  stack        000000
___intlo_stack_hi                            stack        000000
___intlo_stack_lo                            stack        000000
___param_bank                                (abs)        000000
___rparam_used                               (abs)        000001
___sp                                        stack        000000
___stack_hi                                  stack        000000
___stack_lo                                  stack        000000
__accesstop                                  (abs)        000060
__activetblptr                               (abs)        000003
__end_of_ECUAL_LAYER_INIT                    text26       00214A
__end_of_EXTERNAL_INTERRUPT_INTX_INIT        text15       001CBE
__end_of_EXTERNAL_INTERRUPT_RBX_INIT         text5        001D5C
__end_of_GPIO_LED_INIT                       text2        0020B0
__end_of_GPIO_LED_TURN_OFF                   text40       00206E
__end_of_GPIO_LED_TURN_ON                    text41       002090
__end_of_GPIO_LED_TURN_TOGGLE                text49       0020CE
__end_of_GPIO_PIN_DIRECTION_INIT             text21       001248
__end_of_GPIO_PIN_INIT                       text3        001C62
__end_of_GPIO_PIN_TOGGLE_LOGIC               text50       0018AC
__end_of_GPIO_PIN_WRITE_LOGIC                text4        00135C
__end_of_INT0_APP_ISR                        text47       00213E
__end_of_INT0_ISR                            text45       001F32
__end_of_INT0_SET_HANDLER                    text19       001FDA
__end_of_INT1_APP_ISR                        text46       002134
__end_of_INT1_ISR                            text44       001F04
__end_of_INT1_SET_HANDLER                    text18       001FB0
__end_of_INT2_APP_ISR                        text48       002148
__end_of_INT2_ISR                            text43       001ED6
__end_of_INT2_SET_HANDLER                    text17       001F86
__end_of_INTERRUPT_INTX_CLEAR_FLAG           text25       001C00
__end_of_INTERRUPT_INTX_DISABLE              text24       001B92
__end_of_INTERRUPT_INTX_EDGE_INIT            text23       001132
__end_of_INTERRUPT_INTX_ENABLE               text22       00192C
__end_of_INTERRUPT_INTX_PIN_INIT             text20       002004
__end_of_INTERRUPT_MANAGER                   intcode      00031A
__end_of_INTERRUPT_RBX_CLEAR_FLAG            text14       00204C
__end_of_INTERRUPT_RBX_DISABLE               text13       001636
__end_of_INTERRUPT_RBX_ENABLE                text12       001822
__end_of_INTERRUPT_RBX_PIN_INIT              text11       001F5C
__end_of_INTX_SET_HANDLER                    text16       001786
__end_of_KEYPAD_BTNS                         smallconst   001011
__end_of_RB4_APP_ISR_HIGH                    text38       002120
__end_of_RB4_APP_ISR_LOW                     text34       0020F8
__end_of_RB4_ISR                             text31       001B24
__end_of_RB4_SET_HANDLER                     text10       001E6C
__end_of_RB5_APP_ISR_HIGH                    text37       002116
__end_of_RB5_APP_ISR_LOW                     text33       0020EE
__end_of_RB5_ISR                             text30       001AA6
__end_of_RB5_SET_HANDLER                     text9        001E28
__end_of_RB6_APP_ISR_HIGH                    text36       00210C
__end_of_RB6_APP_ISR_LOW                     text32       0020E4
__end_of_RB6_ISR                             text29       001A28
__end_of_RB6_SET_HANDLER                     text8        001DE4
__end_of_RB7_APP_ISR_HIGH                    text39       00212A
__end_of_RB7_APP_ISR_LOW                     text35       002102
__end_of_RB7_ISR                             text28       0019AA
__end_of_RB7_SET_HANDLER                     text7        001DA0
__end_of_RBX_SET_HANDLER                     text6        00146C
__end_of__initialization                     cinit        001D0A
__end_of_application_init                    text1        0016E0
__end_of_main                                text0        0020DA
__end_ofi2_GPIO_PIN_WRITE_LOGIC              text42       00157A
__initialization                             cinit        001CBE
__mediumconst                                smallconst   001000
__pbssCOMRAM                                 bssCOMRAM    000026
__pcinit                                     cinit        001CBE
__pcstackBANK0                               cstackBANK0  00009C
__pcstackCOMRAM                              cstackCOMRAM 00003E
__pdataBANK0                                 dataBANK0    000060
__pdataCOMRAM                                dataCOMRAM   000001
__pidataBANK0                                idataBANK0   001E6C
__pidataCOMRAM                               idataCOMRAM  002004
__pintcode                                   intcode      000008
__psmallconst                                smallconst   001000
__ptext0                                     text0        0020CE
__ptext1                                     text1        001636
__ptext10                                    text10       001E28
__ptext11                                    text11       001F32
__ptext12                                    text12       001786
__ptext13                                    text13       00157A
__ptext14                                    text14       00202A
__ptext15                                    text15       001C62
__ptext16                                    text16       0016E0
__ptext17                                    text17       001F5C
__ptext18                                    text18       001F86
__ptext19                                    text19       001FB0
__ptext2                                     text2        002090
__ptext20                                    text20       001FDA
__ptext21                                    text21       001132
__ptext22                                    text22       0018AC
__ptext23                                    text23       001016
__ptext24                                    text24       001B24
__ptext25                                    text25       001B92
__ptext26                                    text26       002148
__ptext28                                    text28       00192C
__ptext29                                    text29       0019AA
__ptext3                                     text3        001C00
__ptext30                                    text30       001A28
__ptext31                                    text31       001AA6
__ptext32                                    text32       0020DA
__ptext33                                    text33       0020E4
__ptext34                                    text34       0020EE
__ptext35                                    text35       0020F8
__ptext36                                    text36       002102
__ptext37                                    text37       00210C
__ptext38                                    text38       002116
__ptext39                                    text39       002120
__ptext4                                     text4        001248
__ptext40                                    text40       00204C
__ptext41                                    text41       00206E
__ptext42                                    text42       00146C
__ptext43                                    text43       001EA8
__ptext44                                    text44       001ED6
__ptext45                                    text45       001F04
__ptext46                                    text46       00212A
__ptext47                                    text47       002134
__ptext48                                    text48       00213E
__ptext49                                    text49       0020B0
__ptext5                                     text5        001D14
__ptext50                                    text50       001822
__ptext6                                     text6        00135C
__ptext7                                     text7        001D5C
__ptext8                                     text8        001DA0
__ptext9                                     text9        001DE4
__ramtop                                     ramtop       001000
__smallconst                                 smallconst   001000
_application_init                            text1        001636
_int0_ob                                     dataBANK0    000096
_int1_ob                                     dataBANK0    000090
_int2_ob                                     dataBANK0    00008A
_led1                                        dataCOMRAM   000025
_led2                                        dataCOMRAM   000024
_led3                                        dataCOMRAM   000023
_led4                                        dataCOMRAM   000022
_led5                                        dataCOMRAM   000021
_led6                                        dataCOMRAM   000020
_led7                                        dataCOMRAM   00001F
_led8                                        dataCOMRAM   00001E
_main                                        text0        0020CE
_rb4_ob                                      dataBANK0    000082
_rb5_ob                                      dataBANK0    00007A
_rb6_ob                                      dataBANK0    000072
_rb7_ob                                      dataBANK0    00006A
btemp                                        temp         00004F
end_of_initialization                        cinit        001D0A
i2GPIO_PIN_WRITE_LOGIC@Retval                cstackCOMRAM 000045
i2GPIO_PIN_WRITE_LOGIC@logic                 cstackCOMRAM 00003F
i2GPIO_PIN_WRITE_LOGIC@pin                   cstackCOMRAM 00003E
i2_GPIO_PIN_WRITE_LOGIC                      text42       00146C
int$flags                                    temp         00004F
intlevel0                                    text         000000
intlevel1                                    text         000000
intlevel2                                    text         000000
intlevel3                                    text         000000
isa$std                                      (abs)        000001
isa$xinst                                    (abs)        000000
stackhi                                      (abs)        000000
stacklo                                      (abs)        000000
start                                        init         00031A
start_initialization                         cinit        001CBE
ttemp5                                       temp         000050
ttemp6                                       temp         000053
ttemp7                                       temp         000057
wtemp8                                       temp         000050


MODULE INFORMATION

Module		Function		Class		Link	Load	Size
APP_Layer/Main.c
		_RB5_APP_ISR_LOW		CODE           	20E4	0000	10
		_RB6_APP_ISR_LOW		CODE           	20DA	0000	10
		_INT0_APP_ISR  		CODE           	2134	0000	10
		_RB7_APP_ISR_LOW		CODE           	20F8	0000	10
		_INT1_APP_ISR  		CODE           	212A	0000	10
		_INT2_APP_ISR  		CODE           	213E	0000	10
		_RB4_APP_ISR_HIGH		CODE           	2116	0000	10
		_main          		CODE           	20CE	0000	12
		_RB5_APP_ISR_HIGH		CODE           	210C	0000	10
		_RB6_APP_ISR_HIGH		CODE           	2102	0000	10
		_RB7_APP_ISR_HIGH		CODE           	2120	0000	10
		_application_init		CODE           	1636	0000	170
		_RB4_APP_ISR_LOW		CODE           	20EE	0000	10

APP_Layer/Main.c estimated size: 292

ECUAL_Layer/LED/ECUAL_LED.c
		_GPIO_LED_TURN_OFF		CODE           	204C	0000	34
		_GPIO_LED_TURN_ON		CODE           	206E	0000	34
		_GPIO_LED_INIT 		CODE           	2090	0000	32
		_GPIO_LED_TURN_TOGGLE		CODE           	20B0	0000	30

ECUAL_Layer/LED/ECUAL_LED.c estimated size: 130

MCAL_Layer/Interrupt/HAL_EXT_INTERRUPT.c
		_INTERRUPT_RBX_ENABLE		CODE           	1786	0000	156
		_RB5_SET_HANDLER		CODE           	1DE4	0000	68
		_RB6_SET_HANDLER		CODE           	1DA0	0000	68
		_RB7_SET_HANDLER		CODE           	1D5C	0000	68
		_INTERRUPT_INTX_ENABLE		CODE           	18AC	0000	128
		_INTERRUPT_RBX_DISABLE		CODE           	157A	0000	188
		_RB4_ISR       		CODE           	1AA6	0000	126
		_RB5_ISR       		CODE           	1A28	0000	126
		_RB6_ISR       		CODE           	19AA	0000	126
		_RB7_ISR       		CODE           	192C	0000	126
		_INTERRUPT_RBX_CLEAR_FLAG		CODE           	202A	0000	34
		_INT0_SET_HANDLER		CODE           	1FB0	0000	42
		_RBX_SET_HANDLER		CODE           	135C	0000	272
		_INT1_SET_HANDLER		CODE           	1F86	0000	42
		_INTERRUPT_INTX_DISABLE		CODE           	1B24	0000	110
		_INTERRUPT_INTX_CLEAR_FLAG		CODE           	1B92	0000	110
		_EXTERNAL_INTERRUPT_RBX_INIT		CODE           	1D14	0000	72
		_INT2_SET_HANDLER		CODE           	1F5C	0000	42
		_EXTERNAL_INTERRUPT_INTX_INIT		CODE           	1C62	0000	92
		_INTERRUPT_INTX_EDGE_INIT		CODE           	1016	0000	284
		_INT0_ISR      		CODE           	1F04	0000	46
		_INTERRUPT_RBX_PIN_INIT		CODE           	1F32	0000	42
		_INTX_SET_HANDLER		CODE           	16E0	0000	166
		_INT1_ISR      		CODE           	1ED6	0000	46
		_INTERRUPT_INTX_PIN_INIT		CODE           	1FDA	0000	42
		_RB4_SET_HANDLER		CODE           	1E28	0000	68
		_INT2_ISR      		CODE           	1EA8	0000	46

MCAL_Layer/Interrupt/HAL_EXT_INTERRUPT.c estimated size: 2736

shared
		_KEYPAD_BTNS   		SMALLCONST     	1001	0000	16
		i2_GPIO_PIN_WRITE_LOGIC		CODE           	146C	0000	270
		__initialization		CODE           	1CBE	0000	76

shared estimated size: 362

ECUAL_Layer/ECUAL_INIT.c
		_ECUAL_LAYER_INIT		CODE           	2148	0000	2

ECUAL_Layer/ECUAL_INIT.c estimated size: 2

MCAL_Layer/GPIO/HAL_GPIO.c
		_GPIO_PIN_DIRECTION_INIT		CODE           	1132	0000	278
		_GPIO_PIN_INIT 		CODE           	1C00	0000	98
		_GPIO_PIN_WRITE_LOGIC		CODE           	1248	0000	276
		_GPIO_PIN_TOGGLE_LOGIC		CODE           	1822	0000	138

MCAL_Layer/GPIO/HAL_GPIO.c estimated size: 790

MCAL_Layer/Interrupt/HAL_INTERRUPT_MNG.c
		_INTERRUPT_MANAGER		CODE           	0008	0000	786

MCAL_Layer/Interrupt/HAL_INTERRUPT_MNG.c estimated size: 786

