Microchip MPLAB XC8 Compiler V3.00

Linker command line:

-W-3 \
  --edf=/Applications/microchip/mplabx/v6.25/packs/Microchip/PIC18F-K_DFP/1.14.301/xc8/pic/dat/20241213203129_en.msgs \
  -cn -h+dist/default/production/MCU_PIC_Drivers.X.production.sym \
  --cmf=dist/default/production/MCU_PIC_Drivers.X.production.cmf -z \
  -Q18F46K20 -o/tmp/xcCWpxl2c/driver_tmp_3.o --defsym=__MPLAB_BUILD=1 \
  --fixupoverflow=error \
  -Mdist/default/production/MCU_PIC_Drivers.X.production.map \
  --md=/tmp/xcCWpxl2c/driver_tmp_0.dat -E1 -ver=XC8 Compiler \
  -ACODE=00h-0FFFFh -ACONST=00h-0FFFFh -ASMALLCONST=01000h-010FFhx240 \
  -AMEDIUMCONST=01000h-0FFFFh -ACOMRAM=01h-05Fh -AABS1=00h-0F5Fh \
  -ABIGRAM=01h-0F5Fh -ARAM=060h-0FFh,0100h-01FFhx14,0F00h-0F5Fh \
  -ABANK0=060h-0FFh -ABANK1=0100h-01FFh -ABANK2=0200h-02FFh \
  -ABANK3=0300h-03FFh -ABANK4=0400h-04FFh -ABANK5=0500h-05FFh \
  -ABANK6=0600h-06FFh -ABANK7=0700h-07FFh -ABANK8=0800h-08FFh \
  -ABANK9=0900h-09FFh -ABANK10=0A00h-0AFFh -ABANK11=0B00h-0BFFh \
  -ABANK12=0C00h-0CFFh -ABANK13=0D00h-0DFFh -ABANK14=0E00h-0EFFh \
  -ABANK15=0F00h-0F5Fh -ASFR=0F60h-0FFFh -ABIGSFR=0F60h-0FFFh \
  -ACONFIG=0300000h-030000Dh -AIDLOC=0200000h-0200007h \
  -AEEDATA=0F00000h-0F003FFh -peeprom_data=EEDATA \
  -preset_vec=00h,intcode=8h,intcodelo=18h,sivt_lo,sivt_hi=CODE \
  -ppowerup=CODE,init -pramtop=01000h -psmallconst=SMALLCONST \
  -pmediumconst=MEDIUMCONST -pconst=CONST -AFARRAM=00h-00h \
  -prdata=COMRAM,nvrram=COMRAM,nvbit=COMRAM,rbss=COMRAM,rbit=COMRAM \
  -pfarbss=FARRAM,fardata=FARRAM,nvFARRAM=FARRAM \
  -pintsave_regs=BIGRAM,bigbss=BIGRAM,bigdata=BIGRAM -pbss=RAM \
  -pidata=CODE,irdata=CODE,ibigdata=CODE,ifardata=CODE -prparam=COMRAM \
  /tmp/xcCWpxl2c/driver_tmp_9.o \
  dist/default/production/MCU_PIC_Drivers.X.production.o 

Object code version is 3.11

Machine type is 18F46K20



                Name                               Link     Load   Length Selector   Space Scale
/tmp/xcCWpxl2c/driver_tmp_9.o
                config                           300000   300000        E        0       4
                init                                3AE      3AE        4        4       0
                reset_vec                             0        0        4        0       0
dist/default/production/MCU_PIC_Drivers.X.production.o
                intcode                               8        8      3A6        4       0
                config                           300000   300000        E        0       4
                temp                                 5E       5E        1        1       1
                smallconst                         1000     1000       16      800       0
                text38                             2C8C     2C8C        4     1559       0
                text37                             2C88     2C88        4     1559       0
                text36                             2C84     2C84        4     1559       0
                text35                             2C80     2C80        4     1559       0
                text34                             2C20     2C20       1A     1559       0
                text33                             2C06     2C06       1A     1559       0
                text32                             2BEC     2BEC       1A     1559       0
                text31                             2BD2     2BD2       1A     1559       0
                text30                             2C6A     2C6A        E     1559       0
                text29                             2C5C     2C5C        E     1559       0
                text28                             2C78     2C78        8     1559       0
                text27                             2C4E     2C4E        E     1559       0
                text25                             282E     282E       74      80B       0
                text24                             296A     296A       5E      80B       0
                text23                             234C     234C      110      80B       0
                text22                             245C     245C      10E      80B       0
                text21                             29C8     29C8       5C      80B       0
                text20                             21F2     21F2      15A      80B       0
                text19                             2722     2722       8A      80B       0
                text18                             1016     1016      4B8      80B       0
                text17                             1CAE     1CAE      390      80B       0
                text16                             14CE     14CE      426      80B       0
                text15                             256A     256A      108      80B       0
                text14                             28A2     28A2       6A      80B       0
                text13                             203E     203E      1B4      80B       0
                text12                             18F4     18F4      3BA      80B       0
                text11                             2B20     2B20       30     1559       0
                text10                             2C90     2C90        2     1559       0
                text9                              2AEA     2AEA       36     1559       0
                text8                              2B96     2B96       20     1559       0
                text7                              2B76     2B76       20     1559       0
                text6                              2672     2672       B0      80B       0
                text5                              2AB2     2AB2       38     1559       0
                text4                              290C     290C       5E      80B       0
                text3                              27AC     27AC       82      80B       0
                text2                              2B50     2B50       26     1559       0
                text1                              2C3A     2C3A       14     1559       0
                text0                              2BB6     2BB6       1C     1559       0
                cstackCOMRAM                          1        1       5C        1       1
                cstackBANK0                          EE       EE       10       60       1
                dataBANK0                            A9       A9       45       60       1
                bssBANK0                             60       60       49       60       1
                dataCOMRAM                           5D       5D        1        1       1
                cinit                              2A24     2A24       48      80B       0
                idataBANK0                         2A6C     2A6C       45      80B       0
                idataCOMRAM                        2C92     2C92        1     1559       0

TOTAL           Name                               Link     Load   Length     Space
        CLASS   CODE           
                intcode                               8        8      3A6         0
                init                                3AE      3AE        4         0
                reset_vec                             0        0        4         0
                text38                             2C8C     2C8C        4         0
                text37                             2C88     2C88        4         0
                text36                             2C84     2C84        4         0
                text35                             2C80     2C80        4         0
                text34                             2C20     2C20       1A         0
                text33                             2C06     2C06       1A         0
                text32                             2BEC     2BEC       1A         0
                text31                             2BD2     2BD2       1A         0
                text30                             2C6A     2C6A        E         0
                text29                             2C5C     2C5C        E         0
                text28                             2C78     2C78        8         0
                text27                             2C4E     2C4E        E         0
                text25                             282E     282E       74         0
                text24                             296A     296A       5E         0
                text23                             234C     234C      110         0
                text22                             245C     245C      10E         0
                text21                             29C8     29C8       5C         0
                text20                             21F2     21F2      15A         0
                text19                             2722     2722       8A         0
                text18                             1016     1016      4B8         0
                text17                             1CAE     1CAE      390         0
                text16                             14CE     14CE      426         0
                text15                             256A     256A      108         0
                text14                             28A2     28A2       6A         0
                text13                             203E     203E      1B4         0
                text12                             18F4     18F4      3BA         0
                text11                             2B20     2B20       30         0
                text10                             2C90     2C90        2         0
                text9                              2AEA     2AEA       36         0
                text8                              2B96     2B96       20         0
                text7                              2B76     2B76       20         0
                text6                              2672     2672       B0         0
                text5                              2AB2     2AB2       38         0
                text4                              290C     290C       5E         0
                text3                              27AC     27AC       82         0
                text2                              2B50     2B50       26         0
                text1                              2C3A     2C3A       14         0
                text0                              2BB6     2BB6       1C         0
                cinit                              2A24     2A24       48         0
                idataBANK0                         2A6C     2A6C       45         0
                idataCOMRAM                        2C92     2C92        1         0

        CLASS   CONST          

        CLASS   SMALLCONST     
                smallconst                         1000     1000       16         0

        CLASS   MEDIUMCONST    

        CLASS   COMRAM         
                temp                                 5E       5E        1         1
                cstackCOMRAM                          1        1       5C         1
                dataCOMRAM                           5D       5D        1         1

        CLASS   ABS1           

        CLASS   BIGRAM         

        CLASS   RAM            

        CLASS   BANK0          
                cstackBANK0                          EE       EE       10         1
                dataBANK0                            A9       A9       45         1
                bssBANK0                             60       60       49         1

        CLASS   BANK1          

        CLASS   BANK2          

        CLASS   BANK3          

        CLASS   BANK4          

        CLASS   BANK5          

        CLASS   BANK6          

        CLASS   BANK7          

        CLASS   BANK8          

        CLASS   BANK9          

        CLASS   BANK10         

        CLASS   BANK11         

        CLASS   BANK12         

        CLASS   BANK13         

        CLASS   BANK14         

        CLASS   BANK15         

        CLASS   SFR            

        CLASS   BIGSFR         

        CLASS   CONFIG         
                config                           300000   300000        E         4

        CLASS   IDLOC          

        CLASS   EEDATA         

        CLASS   FARRAM         

        CLASS   HEAP           

        CLASS   STACK          



SEGMENTS        Name                           Load    Length   Top    Selector   Space  Class

                reset_vec                      000000  000004  000004         0       0  CODE    
                bssBANK0                       000060  00009E  0000FE        60       1  BANK0   
                text18                         001016  001A9B  002AB1       80B       0  CODE    
                text5                          002AB2  0001E1  002C93      1559       0  CODE    
                intcode                        000008  0003AA  0003B2         4       0  CODE    
                smallconst                     001000  000016  001016       800       0  SMALLCON
                cstackCOMRAM                   000001  00005E  00005F         1       1  COMRAM  


UNUSED ADDRESS RANGES

        Name                Unused          Largest block    Delta
        BANK0            0000FE-0000FF                2
        BANK1            000100-0001FF              100
        BANK10           000A00-000AFF              100
        BANK11           000B00-000BFF              100
        BANK12           000C00-000CFF              100
        BANK13           000D00-000DFF              100
        BANK14           000E00-000EFF              100
        BANK15           000F00-000F5F               60
        BANK2            000200-0002FF              100
        BANK3            000300-0003FF              100
        BANK4            000400-0004FF              100
        BANK5            000500-0005FF              100
        BANK6            000600-0006FF              100
        BANK7            000700-0007FF              100
        BANK8            000800-0008FF              100
        BANK9            000900-0009FF              100
        BIGRAM           00005F-00005F                1
                         0000FE-000F5F              E62
        BIGSFR           000F60-000FFF               A0
        CODE             000004-000007                4
                         0003B2-000FFF              C4E
                         002AB1-002AB1                1
                         002C93-00FFFF             D36D
        COMRAM           00005F-00005F                1
        CONST            000004-000007                4
                         0003B2-000FFF              C4E
                         002AB1-002AB1                1
                         002C93-00FFFF             D36D
        EEDATA           F00000-F003FF              400
        IDLOC            200000-200007                8
        MEDIUMCONST      002AB1-002AB1                1
                         002C93-00FFFF             D36D
        RAM              0000FE-000F5F              100
        SFR              000F60-000FFF               A0
        SMALLCONST       002AB1-002AB1                1
                         002C93-00FFFF              100

                                  Symbol Table

?___fladd                                    cstackCOMRAM 00004E
?___fldiv                                    cstackCOMRAM 000035
?___flmul                                    cstackCOMRAM 00001C
?___fltol                                    cstackBANK0  0000F2
?___lmul                                     cstackCOMRAM 000002
?___xxtofl                                   cstackCOMRAM 00000E
ADC_SET_CHANNEL_CONFIGURATIONS@F3881         dataBANK0    0000E3
ADC_SET_CHANNEL_CONFIGURATIONS@F3883         dataBANK0    0000E2
ADC_SET_CHANNEL_CONFIGURATIONS@F3885         dataBANK0    0000E1
ADC_SET_CHANNEL_CONFIGURATIONS@F3887         dataBANK0    0000E0
ADC_SET_CHANNEL_CONFIGURATIONS@F3889         dataBANK0    0000DF
ADC_SET_CHANNEL_CONFIGURATIONS@F3891         dataBANK0    0000DE
ADC_SET_CHANNEL_CONFIGURATIONS@F3893         dataBANK0    0000DD
ADC_SET_CHANNEL_CONFIGURATIONS@F3895         dataBANK0    0000DC
ADC_SET_CHANNEL_CONFIGURATIONS@F3897         dataBANK0    0000DB
ADC_SET_CHANNEL_CONFIGURATIONS@F3899         dataBANK0    0000DA
ADC_SET_CHANNEL_CONFIGURATIONS@F3901         dataBANK0    0000D9
ADC_SET_CHANNEL_CONFIGURATIONS@F3903         dataBANK0    0000D8
ADC_SET_CHANNEL_CONFIGURATIONS@F3905         dataBANK0    0000D7
CCP_INIT@ccp                                 cstackBANK0  0000FD
CCP_PIN_INIT@F3882                           dataBANK0    0000D6
CCP_PIN_INIT@F3884                           dataBANK0    0000D5
CCP_PIN_INIT@F3886                           dataBANK0    0000D4
CCP_PIN_INIT@F3888                           dataBANK0    0000D3
CCP_PIN_INIT@F3890                           dataBANK0    0000D2
CCP_PIN_INIT@F3892                           dataBANK0    0000D1
CCP_PIN_INIT@Retval                          cstackCOMRAM 000012
CCP_PIN_INIT@ccp                             cstackCOMRAM 00000D
CCP_PIN_INIT@ccp1_pin                        cstackCOMRAM 000010
CCP_PIN_INIT@ccp1_pin_1599                   cstackCOMRAM 000013
CCP_PIN_INIT@ccp1_pin_1619                   cstackCOMRAM 000015
CCP_PIN_INIT@ccp2_pin                        cstackCOMRAM 000011
CCP_PIN_INIT@ccp2_pin_1609                   cstackCOMRAM 000014
CCP_PIN_INIT@ccp2_pin_1629                   cstackCOMRAM 000016
CCP_SET_CAPTURE_COMPARE_TIMER@Retval         cstackCOMRAM 000004
CCP_SET_CAPTURE_COMPARE_TIMER@ccp            cstackCOMRAM 000002
CCP_SET_DISABLE@Retval                       cstackCOMRAM 000004
CCP_SET_DISABLE@ccp                          cstackCOMRAM 000002
CCP_SET_MODE@Retval                          cstackCOMRAM 00005C
CCP_SET_MODE@ccp                             cstackBANK0  0000FA
CCP_WRITE_COMPARE_SET_VALUE@ccp              cstackCOMRAM 000002
CCP_WRITE_COMPARE_SET_VALUE@value            cstackCOMRAM 000003
GPIO_DC_MOTOR_ROTATE_CLOCKWISE@F3770         dataBANK0    0000C9
GPIO_DC_MOTOR_ROTATE_COUNTER_CLOCKWISE@F3776 dataBANK0    0000C7
GPIO_PIN_DIRECTION_INIT@Retval               cstackCOMRAM 000008
GPIO_PIN_DIRECTION_INIT@pin                  cstackCOMRAM 000002
GPIO_PIN_INIT@Retval                         cstackCOMRAM 00000C
GPIO_PIN_INIT@pin                            cstackCOMRAM 00000A
GPIO_PIN_WRITE_LOGIC@Retval                  cstackCOMRAM 000009
GPIO_PIN_WRITE_LOGIC@logic                   cstackCOMRAM 000003
GPIO_PIN_WRITE_LOGIC@pin                     cstackCOMRAM 000002
RB4_ISR@change                               cstackCOMRAM 000001
RB5_ISR@change                               cstackCOMRAM 000001
RB6_ISR@change                               cstackCOMRAM 000001
RB7_ISR@change                               cstackCOMRAM 000001
TIMER0_SET_MODE@F3828                        dataBANK0    0000CD
TIMER1_CONFIGURE_INTERRUPT@Retval            cstackCOMRAM 000003
TIMER1_CONFIGURE_INTERRUPT@timer1            cstackCOMRAM 000002
TIMER1_INIT@timer1                           cstackCOMRAM 00000E
TIMER1_SET_DISABLE@Retval                    cstackCOMRAM 000003
TIMER1_SET_DISABLE@timer1                    cstackCOMRAM 000002
TIMER1_SET_ENABLE@Retval                     cstackCOMRAM 000003
TIMER1_SET_ENABLE@timer1                     cstackCOMRAM 000002
TIMER1_SET_MODE@F3822                        dataBANK0    0000CC
TIMER1_SET_MODE@Retval                       cstackCOMRAM 00000C
TIMER1_SET_MODE@T13CKI_Pin                   cstackCOMRAM 00000D
TIMER1_SET_MODE@timer1                       cstackCOMRAM 000009
TIMER1_SET_PRESCALER@Retval                  cstackCOMRAM 000004
TIMER1_SET_PRESCALER@timer1                  cstackCOMRAM 000002
TIMER1_SET_RW_MODE@Retval                    cstackCOMRAM 000005
TIMER1_SET_RW_MODE@timer1                    cstackCOMRAM 000002
TIMER3_SET_MODE@F3863                        dataBANK0    0000CB
_ADCON0                                      (abs)        000FC2
_ADCON0bits                                  (abs)        000FC2
_ADCON1                                      (abs)        000FC1
_ADCON2                                      (abs)        000FC0
_ADCON2bits                                  (abs)        000FC0
_ADC_HANDLER_FUNCTION                        bssBANK0     000099
_ADC_ISR                                     text38       002C8C
_ADRESH                                      (abs)        000FC4
_ADRESL                                      (abs)        000FC3
_ANSEL                                       (abs)        000F7E
_ANSELH                                      (abs)        000F7F
_CCP1CONbits                                 (abs)        000FBD
_CCP2CONbits                                 (abs)        000FBA
_CCPR1                                       (abs)        000FBE
_CCPR1L                                      (abs)        000FBE
_CCPR2                                       (abs)        000FBB
_CCPR2L                                      (abs)        000FBB
_CCP_INIT                                    text11       002B20
_CCP_PIN_INIT                                text20       0021F2
_CCP_SET_CAPTURE_COMPARE_TIMER               text19       002722
_CCP_SET_DISABLE                             text24       00296A
_CCP_SET_MODE                                text12       0018F4
_CCP_WRITE_COMPARE_SET_VALUE                 text25       00282E
_ECUAL_LAYER_INIT                            text10       002C90
_EEADR                                       (abs)        000FA9
_EEADRH                                      (abs)        000FAA
_EECON1                                      (abs)        000FA6
_EECON1bits                                  (abs)        000FA6
_EECON2                                      (abs)        000FA7
_EEDATA                                      (abs)        000FA8
_GPIO_PIN_DIRECTION_INIT                     text23       00234C
_GPIO_PIN_INIT                               text21       0029C8
_GPIO_PIN_WRITE_LOGIC                        text22       00245C
_INT0_INTERRUPT_HANDLER                      bssBANK0     000097
_INT0_ISR                                    text37       002C88
_INT1_INTERRUPT_HANDLER                      bssBANK0     000095
_INT1_ISR                                    text36       002C84
_INT2_INTERRUPT_HANDLER                      bssBANK0     000093
_INT2_ISR                                    text35       002C80
_INTCON                                      (abs)        000FF2
_INTCON2                                     (abs)        000FF1
_INTCON3                                     (abs)        000FF0
_INTCON3bits                                 (abs)        000FF0
_INTCONbits                                  (abs)        000FF2
_INTERRUPT_MANAGER                           intcode      000008
_IOCB                                        (abs)        000F7D
_IOCBbits                                    (abs)        000F7D
_KEYPAD_BTNS                                 smallconst   001001
_LATA                                        (abs)        000F89
_LATB                                        (abs)        000F8A
_LATC                                        (abs)        000F8B
_LATD                                        (abs)        000F8C
_LATE                                        (abs)        000F8D
_LAT_REGs                                    dataBANK0    0000A9
_PIE1                                        (abs)        000F9D
_PIE1bits                                    (abs)        000F9D
_PIE2                                        (abs)        000FA0
_PIE2bits                                    (abs)        000FA0
_PIR1                                        (abs)        000F9E
_PIR1bits                                    (abs)        000F9E
_PIR2                                        (abs)        000FA1
_PIR2bits                                    (abs)        000FA1
_PORTA                                       (abs)        000F80
_PORTB                                       (abs)        000F81
_PORTBbits                                   (abs)        000F81
_PORTC                                       (abs)        000F82
_PORTD                                       (abs)        000F83
_PORTE                                       (abs)        000F84
_PORT_REGs                                   dataBANK0    0000B3
_PR2                                         (abs)        000FCB
_RB4_INTERRUPT_HANDLER_CHANGE_HIGH           bssBANK0     000091
_RB4_INTERRUPT_HANDLER_CHANGE_LOW            bssBANK0     000089
_RB4_ISR                                     text34       002C20
_RB4_ISR_FLAG                                dataCOMRAM   00005D
_RB5_INTERRUPT_HANDLER_CHANGE_HIGH           bssBANK0     00008F
_RB5_INTERRUPT_HANDLER_CHANGE_LOW            bssBANK0     000087
_RB5_ISR                                     text33       002C06
_RB5_ISR_FLAG                                dataBANK0    0000D0
_RB6_INTERRUPT_HANDLER_CHANGE_HIGH           bssBANK0     00008D
_RB6_INTERRUPT_HANDLER_CHANGE_LOW            bssBANK0     000085
_RB6_ISR                                     text32       002BEC
_RB6_ISR_FLAG                                dataBANK0    0000CF
_RB7_INTERRUPT_HANDLER_CHANGE_HIGH           bssBANK0     00008B
_RB7_INTERRUPT_HANDLER_CHANGE_LOW            bssBANK0     000083
_RB7_ISR                                     text31       002BD2
_RB7_ISR_FLAG                                dataBANK0    0000CE
_RCON                                        (abs)        000FD0
_Ret                                         dataBANK0    0000E4
_T0CON                                       (abs)        000FD5
_T0CONbits                                   (abs)        000FD5
_T1CON                                       (abs)        000FCD
_T1CONbits                                   (abs)        000FCD
_T2CON                                       (abs)        000FCA
_T2CONbits                                   (abs)        000FCA
_T3CON                                       (abs)        000FB1
_T3CONbits                                   (abs)        000FB1
_TIMER0_HANDLER_FUNCTION                     bssBANK0     00007F
_TIMER0_PRELOADED                            bssBANK0     000081
_TIMER1_CONFIGURE_INTERRUPT                  text9        002AEA
_TIMER1_HANDLER_FUNCTION                     bssBANK0     00007B
_TIMER1_INIT                                 text3        0027AC
_TIMER1_SET_DISABLE                          text8        002B96
_TIMER1_SET_ENABLE                           text7        002B76
_TIMER1_SET_MODE                             text6        002672
_TIMER1_SET_PRESCALER                        text5        002AB2
_TIMER1_SET_RW_MODE                          text4        00290C
_TIMER2_HANDLER_FUNCTION                     bssBANK0     000079
_TIMER3_HANDLER_FUNCTION                     bssBANK0     000075
_TMR0H                                       (abs)        000FD7
_TMR0L                                       (abs)        000FD6
_TMR0_ISR                                    text30       002C6A
_TMR1H                                       (abs)        000FCF
_TMR1L                                       (abs)        000FCE
_TMR1_ISR                                    text29       002C5C
_TMR2                                        (abs)        000FCC
_TMR2_ISR                                    text28       002C78
_TMR3H                                       (abs)        000FB3
_TMR3L                                       (abs)        000FB2
_TMR3_ISR                                    text27       002C4E
_TRISA                                       (abs)        000F92
_TRISB                                       (abs)        000F93
_TRISC                                       (abs)        000F94
_TRISD                                       (abs)        000F95
_TRISE                                       (abs)        000F96
_TRIS_REGs                                   dataBANK0    0000BD
__HRAM                                       (abs)        000000
__H__absolute__                              __absolute__ 000000
__Habs1                                      abs1         000000
__Hbank0                                     bank0        000000
__Hbank1                                     bank1        000000
__Hbank10                                    bank10       000000
__Hbank11                                    bank11       000000
__Hbank12                                    bank12       000000
__Hbank13                                    bank13       000000
__Hbank14                                    bank14       000000
__Hbank15                                    bank15       000000
__Hbank2                                     bank2        000000
__Hbank3                                     bank3        000000
__Hbank4                                     bank4        000000
__Hbank5                                     bank5        000000
__Hbank6                                     bank6        000000
__Hbank7                                     bank7        000000
__Hbank8                                     bank8        000000
__Hbank9                                     bank9        000000
__Hbigbss                                    bigbss       000000
__Hbigdata                                   bigdata      000000
__Hbigram                                    bigram       000000
__Hbigsfr                                    bigsfr       000000
__Hbss                                       bss          000000
__HbssBANK0                                  bssBANK0     000000
__Hcinit                                     cinit        000000
__Hclrtext                                   clrtext      000000
__Hcomram                                    comram       000000
__Hconfig                                    config       30000E
__Hconst                                     const        000000
__HcstackBANK0                               cstackBANK0  000000
__HcstackCOMRAM                              cstackCOMRAM 000000
__Hdata                                      data         000000
__HdataBANK0                                 dataBANK0    000000
__HdataCOMRAM                                dataCOMRAM   000000
__Heeprom_data                               eeprom_data  000000
__Hfarbss                                    farbss       000000
__Hfardata                                   fardata      000000
__Hheap                                      heap         000000
__Hibigdata                                  ibigdata     000000
__Hidata                                     idata        000000
__HidataBANK0                                idataBANK0   000000
__HidataCOMRAM                               idataCOMRAM  000000
__Hidloc                                     idloc        000000
__Hifardata                                  ifardata     000000
__Hinit                                      init         0003B2
__Hintcode                                   intcode      0003AE
__Hintcode_body                              intcode_body 000000
__Hintcodelo                                 intcodelo    000018
__Hintentry                                  intentry     000000
__Hintret                                    intret       000000
__Hintsave_regs                              intsave_regs 000000
__Hirdata                                    irdata       000000
__Hmediumconst                               mediumconst  000000
__HnvFARRAM                                  nvFARRAM     000000
__Hnvbit                                     nvbit        000000
__Hnvrram                                    nvrram       000000
__Hparam                                     rparam       000000
__Hpowerup                                   powerup      000000
__Hram                                       ram          000000
__Hramtop                                    ramtop       001000
__Hrbit                                      rbit         000000
__Hrbss                                      rbss         000000
__Hrdata                                     rdata        000000
__Hreset_vec                                 reset_vec    000004
__Hrparam                                    rparam       000000
__Hsfr                                       sfr          000000
__Hsivt_hi                                   sivt_hi      000000
__Hsivt_lo                                   sivt_lo      000018
__Hsmallconst                                smallconst   001016
__Hspace_0                                   (abs)        002C93
__Hspace_1                                   (abs)        0000FE
__Hspace_2                                   (abs)        000000
__Hspace_4                                   (abs)        60000E
__Hstack                                     stack        000000
__Hstruct                                    struct       000000
__Htemp                                      temp         00005F
__Htext                                      text         000000
__Htext0                                     text0        000000
__Htext1                                     text1        000000
__Htext10                                    text10       000000
__Htext11                                    text11       000000
__Htext12                                    text12       000000
__Htext13                                    text13       000000
__Htext14                                    text14       000000
__Htext15                                    text15       000000
__Htext16                                    text16       000000
__Htext17                                    text17       000000
__Htext18                                    text18       000000
__Htext19                                    text19       000000
__Htext2                                     text2        000000
__Htext20                                    text20       000000
__Htext21                                    text21       000000
__Htext22                                    text22       000000
__Htext23                                    text23       000000
__Htext24                                    text24       000000
__Htext25                                    text25       000000
__Htext27                                    text27       000000
__Htext28                                    text28       000000
__Htext29                                    text29       000000
__Htext3                                     text3        000000
__Htext30                                    text30       000000
__Htext31                                    text31       000000
__Htext32                                    text32       000000
__Htext33                                    text33       000000
__Htext34                                    text34       000000
__Htext35                                    text35       000000
__Htext36                                    text36       000000
__Htext37                                    text37       000000
__Htext38                                    text38       000000
__Htext4                                     text4        000000
__Htext5                                     text5        000000
__Htext6                                     text6        000000
__Htext7                                     text7        000000
__Htext8                                     text8        000000
__Htext9                                     text9        000000
__LRAM                                       (abs)        000001
__L__absolute__                              __absolute__ 000000
__Labs1                                      abs1         000000
__Lbank0                                     bank0        000000
__Lbank1                                     bank1        000000
__Lbank10                                    bank10       000000
__Lbank11                                    bank11       000000
__Lbank12                                    bank12       000000
__Lbank13                                    bank13       000000
__Lbank14                                    bank14       000000
__Lbank15                                    bank15       000000
__Lbank2                                     bank2        000000
__Lbank3                                     bank3        000000
__Lbank4                                     bank4        000000
__Lbank5                                     bank5        000000
__Lbank6                                     bank6        000000
__Lbank7                                     bank7        000000
__Lbank8                                     bank8        000000
__Lbank9                                     bank9        000000
__Lbigbss                                    bigbss       000000
__Lbigdata                                   bigdata      000000
__Lbigram                                    bigram       000000
__Lbigsfr                                    bigsfr       000000
__Lbss                                       bss          000000
__LbssBANK0                                  bssBANK0     000000
__Lcinit                                     cinit        000000
__Lclrtext                                   clrtext      000000
__Lcomram                                    comram       000000
__Lconfig                                    config       000000
__Lconst                                     const        000000
__LcstackBANK0                               cstackBANK0  000000
__LcstackCOMRAM                              cstackCOMRAM 000000
__Ldata                                      data         000000
__LdataBANK0                                 dataBANK0    000000
__LdataCOMRAM                                dataCOMRAM   000000
__Leeprom_data                               eeprom_data  000000
__Lfarbss                                    farbss       000000
__Lfardata                                   fardata      000000
__Lheap                                      heap         000000
__Libigdata                                  ibigdata     000000
__Lidata                                     idata        000000
__LidataBANK0                                idataBANK0   000000
__LidataCOMRAM                               idataCOMRAM  000000
__Lidloc                                     idloc        000000
__Lifardata                                  ifardata     000000
__Linit                                      init         0003AE
__Lintcode                                   intcode      000008
__Lintcode_body                              intcode_body 000000
__Lintcodelo                                 intcodelo    000018
__Lintentry                                  intentry     000000
__Lintret                                    intret       000000
__Lintsave_regs                              intsave_regs 000000
__Lirdata                                    irdata       000000
__Lmediumconst                               mediumconst  000000
__LnvFARRAM                                  nvFARRAM     000000
__Lnvbit                                     nvbit        000000
__Lnvrram                                    nvrram       000000
__Lparam                                     rparam       000000
__Lpowerup                                   powerup      000000
__Lram                                       ram          000000
__Lramtop                                    ramtop       001000
__Lrbit                                      rbit         000000
__Lrbss                                      rbss         000000
__Lrdata                                     rdata        000000
__Lreset_vec                                 reset_vec    000000
__Lrparam                                    rparam       000000
__Lsfr                                       sfr          000000
__Lsivt_hi                                   sivt_hi      000000
__Lsivt_lo                                   sivt_lo      000018
__Lsmallconst                                smallconst   001000
__Lspace_0                                   (abs)        000000
__Lspace_1                                   (abs)        000000
__Lspace_2                                   (abs)        000000
__Lspace_4                                   (abs)        000000
__Lstack                                     stack        000000
__Lstruct                                    struct       000000
__Ltemp                                      temp         00005E
__Ltext                                      text         000000
__Ltext0                                     text0        000000
__Ltext1                                     text1        000000
__Ltext10                                    text10       000000
__Ltext11                                    text11       000000
__Ltext12                                    text12       000000
__Ltext13                                    text13       000000
__Ltext14                                    text14       000000
__Ltext15                                    text15       000000
__Ltext16                                    text16       000000
__Ltext17                                    text17       000000
__Ltext18                                    text18       000000
__Ltext19                                    text19       000000
__Ltext2                                     text2        000000
__Ltext20                                    text20       000000
__Ltext21                                    text21       000000
__Ltext22                                    text22       000000
__Ltext23                                    text23       000000
__Ltext24                                    text24       000000
__Ltext25                                    text25       000000
__Ltext27                                    text27       000000
__Ltext28                                    text28       000000
__Ltext29                                    text29       000000
__Ltext3                                     text3        000000
__Ltext30                                    text30       000000
__Ltext31                                    text31       000000
__Ltext32                                    text32       000000
__Ltext33                                    text33       000000
__Ltext34                                    text34       000000
__Ltext35                                    text35       000000
__Ltext36                                    text36       000000
__Ltext37                                    text37       000000
__Ltext38                                    text38       000000
__Ltext4                                     text4        000000
__Ltext5                                     text5        000000
__Ltext6                                     text6        000000
__Ltext7                                     text7        000000
__Ltext8                                     text8        000000
__Ltext9                                     text9        000000
__S0                                         (abs)        002C93
__S1                                         (abs)        0000FE
__S4                                         (abs)        000000
__S5                                         (abs)        000000
___fladd                                     text18       001016
___fladd@a                                   cstackCOMRAM 000052
___fladd@aexp                                cstackBANK0  0000EF
___fladd@b                                   cstackCOMRAM 00004E
___fladd@bexp                                cstackBANK0  0000F0
___fladd@grs                                 cstackBANK0  0000F1
___fladd@signs                               cstackBANK0  0000EE
___fldiv                                     text17       001CAE
___fldiv@a                                   cstackCOMRAM 000039
___fldiv@aexp                                cstackCOMRAM 00004D
___fldiv@b                                   cstackCOMRAM 000035
___fldiv@bexp                                cstackCOMRAM 00004C
___fldiv@grs                                 cstackCOMRAM 000048
___fldiv@new_exp                             cstackCOMRAM 000046
___fldiv@rem                                 cstackCOMRAM 000041
___fldiv@sign                                cstackCOMRAM 000045
___flmul                                     text16       0014CE
___flmul@a                                   cstackCOMRAM 000020
___flmul@aexp                                cstackCOMRAM 000029
___flmul@b                                   cstackCOMRAM 00001C
___flmul@bexp                                cstackCOMRAM 00002E
___flmul@grs                                 cstackCOMRAM 00002A
___flmul@prod                                cstackCOMRAM 00002F
___flmul@sign                                cstackCOMRAM 000028
___flmul@temp                                cstackCOMRAM 000033
___fltol                                     text15       00256A
___fltol@exp1                                cstackCOMRAM 00005B
___fltol@f1                                  cstackBANK0  0000F2
___fltol@sign1                               cstackCOMRAM 00005A
___heap_hi                                   (abs)        000000
___heap_lo                                   (abs)        000000
___inthi_sp                                  stack        000000
___inthi_stack_hi                            stack        000000
___inthi_stack_lo                            stack        000000
___intlo_sp                                  stack        000000
___intlo_stack_hi                            stack        000000
___intlo_stack_lo                            stack        000000
___lmul                                      text14       0028A2
___lmul@multiplicand                         cstackCOMRAM 000006
___lmul@multiplier                           cstackCOMRAM 000002
___lmul@product                              cstackCOMRAM 00000A
___param_bank                                (abs)        000000
___rparam_used                               (abs)        000001
___sp                                        stack        000000
___stack_hi                                  stack        000000
___stack_lo                                  stack        000000
___xxtofl                                    text13       00203E
___xxtofl@arg                                cstackCOMRAM 000018
___xxtofl@exp                                cstackCOMRAM 000017
___xxtofl@sign                               cstackCOMRAM 000016
___xxtofl@val                                cstackCOMRAM 00000E
__accesstop                                  (abs)        000060
__activetblptr                               (abs)        000003
__end_of_ADC_ISR                             text38       002C90
__end_of_CCP_INIT                            text11       002B50
__end_of_CCP_PIN_INIT                        text20       00234C
__end_of_CCP_SET_CAPTURE_COMPARE_TIMER       text19       0027AC
__end_of_CCP_SET_DISABLE                     text24       0029C8
__end_of_CCP_SET_MODE                        text12       001CAE
__end_of_CCP_WRITE_COMPARE_SET_VALUE         text25       0028A2
__end_of_ECUAL_LAYER_INIT                    text10       002C92
__end_of_GPIO_PIN_DIRECTION_INIT             text23       00245C
__end_of_GPIO_PIN_INIT                       text21       002A24
__end_of_GPIO_PIN_WRITE_LOGIC                text22       00256A
__end_of_INT0_ISR                            text37       002C8C
__end_of_INT1_ISR                            text36       002C88
__end_of_INT2_ISR                            text35       002C84
__end_of_INTERRUPT_MANAGER                   intcode      0003AE
__end_of_KEYPAD_BTNS                         smallconst   001011
__end_of_RB4_ISR                             text34       002C3A
__end_of_RB5_ISR                             text33       002C20
__end_of_RB6_ISR                             text32       002C06
__end_of_RB7_ISR                             text31       002BEC
__end_of_TIMER1_CONFIGURE_INTERRUPT          text9        002B20
__end_of_TIMER1_INIT                         text3        00282E
__end_of_TIMER1_SET_DISABLE                  text8        002BB6
__end_of_TIMER1_SET_ENABLE                   text7        002B96
__end_of_TIMER1_SET_MODE                     text6        002722
__end_of_TIMER1_SET_PRESCALER                text5        002AEA
__end_of_TIMER1_SET_RW_MODE                  text4        00296A
__end_of_TMR0_ISR                            text30       002C78
__end_of_TMR1_ISR                            text29       002C6A
__end_of_TMR2_ISR                            text28       002C80
__end_of_TMR3_ISR                            text27       002C5C
__end_of___fladd                             text18       0014CE
__end_of___fldiv                             text17       00203E
__end_of___flmul                             text16       0018F4
__end_of___fltol                             text15       002672
__end_of___lmul                              text14       00290C
__end_of___xxtofl                            text13       0021F2
__end_of__initialization                     cinit        002A62
__end_of_application_init                    text1        002C4E
__end_of_main                                text0        002BD2
__end_of_timer1_timer_init                   text2        002B76
__initialization                             cinit        002A24
__mediumconst                                smallconst   001000
__pbssBANK0                                  bssBANK0     000060
__pcinit                                     cinit        002A24
__pcstackBANK0                               cstackBANK0  0000EE
__pcstackCOMRAM                              cstackCOMRAM 000001
__pdataBANK0                                 dataBANK0    0000A9
__pdataCOMRAM                                dataCOMRAM   00005D
__pidataBANK0                                idataBANK0   002A6C
__pidataCOMRAM                               idataCOMRAM  002C92
__pintcode                                   intcode      000008
__psmallconst                                smallconst   001000
__ptext0                                     text0        002BB6
__ptext1                                     text1        002C3A
__ptext10                                    text10       002C90
__ptext11                                    text11       002B20
__ptext12                                    text12       0018F4
__ptext13                                    text13       00203E
__ptext14                                    text14       0028A2
__ptext15                                    text15       00256A
__ptext16                                    text16       0014CE
__ptext17                                    text17       001CAE
__ptext18                                    text18       001016
__ptext19                                    text19       002722
__ptext2                                     text2        002B50
__ptext20                                    text20       0021F2
__ptext21                                    text21       0029C8
__ptext22                                    text22       00245C
__ptext23                                    text23       00234C
__ptext24                                    text24       00296A
__ptext25                                    text25       00282E
__ptext27                                    text27       002C4E
__ptext28                                    text28       002C78
__ptext29                                    text29       002C5C
__ptext3                                     text3        0027AC
__ptext30                                    text30       002C6A
__ptext31                                    text31       002BD2
__ptext32                                    text32       002BEC
__ptext33                                    text33       002C06
__ptext34                                    text34       002C20
__ptext35                                    text35       002C80
__ptext36                                    text36       002C84
__ptext37                                    text37       002C88
__ptext38                                    text38       002C8C
__ptext4                                     text4        00290C
__ptext5                                     text5        002AB2
__ptext6                                     text6        002672
__ptext7                                     text7        002B76
__ptext8                                     text8        002B96
__ptext9                                     text9        002AEA
__ramtop                                     ramtop       001000
__smallconst                                 smallconst   001000
_application_init                            text1        002C3A
_ccp1_com                                    dataBANK0    0000E5
_flag                                        bssBANK0     00009E
_main                                        text0        002BB6
_t1_timer                                    bssBANK0     00009F
_timer1_preloaded_value                      bssBANK0     00007D
_timer1_timer_init                           text2        002B50
_timer2_preloaded_value                      bssBANK0     00009D
_timer3_preloaded_value                      bssBANK0     000077
btemp                                        temp         00005E
end_of_initialization                        cinit        002A62
int$flags                                    temp         00005E
intlevel0                                    text         000000
intlevel1                                    text         000000
intlevel2                                    text         000000
intlevel3                                    text         000000
isa$std                                      (abs)        000001
isa$xinst                                    (abs)        000000
stackhi                                      (abs)        000000
stacklo                                      (abs)        000000
start                                        init         0003AE
start_initialization                         cinit        002A24
ttemp5                                       temp         00005F
ttemp6                                       temp         000062
ttemp7                                       temp         000066
wtemp8                                       temp         00005F


MODULE INFORMATION

Module		Function		Class		Link	Load	Size
APP_Layer/Main.c
		_timer1_timer_init		CODE           	2B50	0000	38
		_main          		CODE           	2BB6	0000	28
		_application_init		CODE           	2C3A	0000	20

APP_Layer/Main.c estimated size: 86

MCAL_Layer/Timers/Timer3/HAL_TIMER3.c
		_TMR3_ISR      		CODE           	2C4E	0000	14

MCAL_Layer/Timers/Timer3/HAL_TIMER3.c estimated size: 14

MCAL_Layer/Timers/Timer2/HAL_TIMER2.c
		_TMR2_ISR      		CODE           	2C78	0000	8

MCAL_Layer/Timers/Timer2/HAL_TIMER2.c estimated size: 8

MCAL_Layer/Timers/Timer1/HAL_TIMER1.c
		_TIMER1_INIT   		CODE           	27AC	0000	130
		_TIMER1_SET_DISABLE		CODE           	2B96	0000	32
		_TIMER1_SET_RW_MODE		CODE           	290C	0000	94
		_TIMER1_SET_PRESCALER		CODE           	2AB2	0000	56
		_TIMER1_SET_MODE		CODE           	2672	0000	176
		_TIMER1_CONFIGURE_INTERRUPT		CODE           	2AEA	0000	54
		_TIMER1_SET_ENABLE		CODE           	2B76	0000	32
		_TMR1_ISR      		CODE           	2C5C	0000	14

MCAL_Layer/Timers/Timer1/HAL_TIMER1.c estimated size: 588

MCAL_Layer/Timers/Timer0/HAL_TIMER0.c
		_TMR0_ISR      		CODE           	2C6A	0000	14

MCAL_Layer/Timers/Timer0/HAL_TIMER0.c estimated size: 14

MCAL_Layer/ADC/HAL_ADC.c
		_ADC_ISR       		CODE           	2C8C	0000	4

MCAL_Layer/ADC/HAL_ADC.c estimated size: 4

/Applications/microchip/xc8/v3.00/pic/sources/c99/common/sprcmul.c
		___flmul       		CODE           	14CE	0000	1062

/Applications/microchip/xc8/v3.00/pic/sources/c99/common/sprcmul.c estimated size: 1062

/Applications/microchip/xc8/v3.00/pic/sources/c99/common/sprcdiv.c
		___fldiv       		CODE           	1CAE	0000	912

/Applications/microchip/xc8/v3.00/pic/sources/c99/common/sprcdiv.c estimated size: 912

MCAL_Layer/Interrupt/HAL_EXT_INTERRUPT.c
		_RB4_ISR       		CODE           	2C20	0000	26
		_RB5_ISR       		CODE           	2C06	0000	26
		_RB6_ISR       		CODE           	2BEC	0000	26
		_RB7_ISR       		CODE           	2BD2	0000	26
		_INT0_ISR      		CODE           	2C88	0000	4
		_INT1_ISR      		CODE           	2C84	0000	4
		_INT2_ISR      		CODE           	2C80	0000	4

MCAL_Layer/Interrupt/HAL_EXT_INTERRUPT.c estimated size: 116

/Applications/microchip/xc8/v3.00/pic/sources/c99/common/fltol.c
		___fltol       		CODE           	256A	0000	264

/Applications/microchip/xc8/v3.00/pic/sources/c99/common/fltol.c estimated size: 264

/Applications/microchip/xc8/v3.00/pic/sources/c99/common/Umul32.c
		___lmul        		CODE           	28A2	0000	106

/Applications/microchip/xc8/v3.00/pic/sources/c99/common/Umul32.c estimated size: 106

MCAL_Layer/CCP/HAL_CCP.c
		_CCP_SET_DISABLE		CODE           	296A	0000	94
		_CCP_SET_CAPTURE_COMPARE_TIMER		CODE           	2722	0000	138
		_CCP_PIN_INIT  		CODE           	21F2	0000	346
		_CCP_INIT      		CODE           	2B20	0000	48
		_CCP_WRITE_COMPARE_SET_VALUE		CODE           	282E	0000	116
		_CCP_SET_MODE  		CODE           	18F4	0000	954

MCAL_Layer/CCP/HAL_CCP.c estimated size: 1696

/Applications/microchip/xc8/v3.00/pic/sources/c99/common/xxtofl.c
		___xxtofl      		CODE           	203E	0000	436

/Applications/microchip/xc8/v3.00/pic/sources/c99/common/xxtofl.c estimated size: 436

shared
		_KEYPAD_BTNS   		SMALLCONST     	1001	0000	16
		__initialization		CODE           	2A24	0000	62

shared estimated size: 78

/Applications/microchip/xc8/v3.00/pic/sources/c99/common/sprcadd.c
		___fladd       		CODE           	1016	0000	1208

/Applications/microchip/xc8/v3.00/pic/sources/c99/common/sprcadd.c estimated size: 1208

ECUAL_Layer/ECUAL_INIT.c
		_ECUAL_LAYER_INIT		CODE           	2C90	0000	2

ECUAL_Layer/ECUAL_INIT.c estimated size: 2

MCAL_Layer/GPIO/HAL_GPIO.c
		_GPIO_PIN_DIRECTION_INIT		CODE           	234C	0000	272
		_GPIO_PIN_INIT 		CODE           	29C8	0000	92
		_GPIO_PIN_WRITE_LOGIC		CODE           	245C	0000	270

MCAL_Layer/GPIO/HAL_GPIO.c estimated size: 634

MCAL_Layer/Interrupt/HAL_INTERRUPT_MNG.c
		_INTERRUPT_MANAGER		CODE           	0008	0000	934

MCAL_Layer/Interrupt/HAL_INTERRUPT_MNG.c estimated size: 934

