Microchip MPLAB XC8 Compiler V3.00

Linker command line:

-W-3 \
  --edf=/Applications/microchip/mplabx/v6.25/packs/Microchip/PIC18F-K_DFP/1.14.301/xc8/pic/dat/20241213203129_en.msgs \
  -cn -h+dist/default/debug/MCU_PIC_Drivers.X.debug.sym \
  --cmf=dist/default/debug/MCU_PIC_Drivers.X.debug.cmf -z -Q18F46K20 \
  -o/tmp/xcDGlefL6/driver_tmp_3.o --defsym=__MPLAB_BUILD=1 \
  --fixupoverflow=error -Mdist/default/debug/MCU_PIC_Drivers.X.debug.map \
  --md=/tmp/xcDGlefL6/driver_tmp_0.dat -E1 -ver=XC8 Compiler \
  -ACODE=00h-0FFFFh -ACONST=00h-0FFFFh -ASMALLCONST=01000h-010FFhx240 \
  -AMEDIUMCONST=01000h-0FFFFh -ACOMRAM=01h-05Fh -AABS1=00h-0F5Fh \
  -ABIGRAM=01h-0F5Fh -ARAM=060h-0FFh,0100h-01FFhx14,0F00h-0F5Fh \
  -ABANK0=060h-0FFh -ABANK1=0100h-01FFh -ABANK2=0200h-02FFh \
  -ABANK3=0300h-03FFh -ABANK4=0400h-04FFh -ABANK5=0500h-05FFh \
  -ABANK6=0600h-06FFh -ABANK7=0700h-07FFh -ABANK8=0800h-08FFh \
  -ABANK9=0900h-09FFh -ABANK10=0A00h-0AFFh -ABANK11=0B00h-0BFFh \
  -ABANK12=0C00h-0CFFh -ABANK13=0D00h-0DFFh -ABANK14=0E00h-0EFFh \
  -ABANK15=0F00h-0F5Fh -ASFR=0F60h-0FFFh -ABIGSFR=0F60h-0FFFh \
  -ACONFIG=0300000h-030000Dh -AIDLOC=0200000h-0200007h \
  -AEEDATA=0F00000h-0F003FFh -peeprom_data=EEDATA \
  -preset_vec=00h,intcode=8h,intcodelo=18h,sivt_lo,sivt_hi=CODE \
  -ppowerup=CODE,init -pramtop=01000h -psmallconst=SMALLCONST \
  -pmediumconst=MEDIUMCONST -pconst=CONST -AFARRAM=00h-00h \
  -prdata=COMRAM,nvrram=COMRAM,nvbit=COMRAM,rbss=COMRAM,rbit=COMRAM \
  -pfarbss=FARRAM,fardata=FARRAM,nvFARRAM=FARRAM \
  -pintsave_regs=BIGRAM,bigbss=BIGRAM,bigdata=BIGRAM -pbss=RAM \
  -pidata=CODE,irdata=CODE,ibigdata=CODE,ifardata=CODE -prparam=COMRAM \
  /tmp/xcDGlefL6/driver_tmp_9.o \
  dist/default/debug/MCU_PIC_Drivers.X.debug.o 

Object code version is 3.11

Machine type is 18F46K20



                Name                               Link     Load   Length Selector   Space Scale
/tmp/xcDGlefL6/driver_tmp_9.o
                config                           300000   300000        E        0       4
                init                                446      446        4        4       0
                reset_vec                             0        0        4        0       0
dist/default/debug/MCU_PIC_Drivers.X.debug.o
                intcode                               8        8      43E        4       0
                config                           300000   300000        E        0       4
                temp                                 52       52        1        1       1
                smallconst                         1000     1000       16      800       0
                text37                             24DE     24DE        4      80B       0
                text36                             24DA     24DA        4      80B       0
                text35                             24D6     24D6        4      80B       0
                text34                             24D2     24D2        4      80B       0
                text33                             2116     2116       8A      80B       0
                text32                             23D0     23D0       1E      80B       0
                text31                             24B4     24B4        A      80B       0
                text30                             2342     2342       30      80B       0
                text29                             24CE     24CE        4      80B       0
                text28                             24CA     24CA        4      80B       0
                text27                             24C6     24C6        4      80B       0
                text26                             2458     2458       1A      80B       0
                text25                             243E     243E       1A      80B       0
                text24                             2424     2424       1A      80B       0
                text23                             240A     240A       1A      80B       0
                text22                             24A6     24A6        E      80B       0
                text21                             2498     2498        E      80B       0
                text20                             24BE     24BE        8      80B       0
                text19                             248A     248A        E      80B       0
                text17                             22D8     22D8       38      80B       0
                text16                             24E2     24E2        2      80B       0
                text15                             1C4C     1C4C      110      80B       0
                text14                             1B22     1B22      12A      80B       0
                text13                             1F70     1F70      102      80B       0
                text12                             1016     1016      4B6      80B       0
                text11                             1E6A     1E6A      106      80B       0
                text10                             2072     2072       A4      80B       0
                text9                              196E     196E      1B4      80B       0
                text8                              14CC     14CC      4A2      80B       0
                text7                              2392     2392       20      80B       0
                text6                              2372     2372       20      80B       0
                text5                              2252     2252       48      80B       0
                text4                              1D5C     1D5C      10E      80B       0
                text3                              21A0     21A0       5C      80B       0
                text2                              23B2     23B2       1E      80B       0
                text1                              23EE     23EE       1C      80B       0
                text0                              2310     2310       32      80B       0
                cstackCOMRAM                          1        1       39        1       1
                cstackBANK0                          E8       E8        D       60       1
                dataBANK0                            AA       AA       3E       60       1
                bssBANK0                             60       60       4A       60       1
                dataCOMRAM                           3A       3A       18        1       1
                cinit                              21FC     21FC       56      80B       0
                idataBANK0                         229A     229A       3E      80B       0
                idataCOMRAM                        2472     2472       18      80B       0

TOTAL           Name                               Link     Load   Length     Space
        CLASS   CODE           
                intcode                               8        8      43E         0
                init                                446      446        4         0
                reset_vec                             0        0        4         0
                text37                             24DE     24DE        4         0
                text36                             24DA     24DA        4         0
                text35                             24D6     24D6        4         0
                text34                             24D2     24D2        4         0
                text33                             2116     2116       8A         0
                text32                             23D0     23D0       1E         0
                text31                             24B4     24B4        A         0
                text30                             2342     2342       30         0
                text29                             24CE     24CE        4         0
                text28                             24CA     24CA        4         0
                text27                             24C6     24C6        4         0
                text26                             2458     2458       1A         0
                text25                             243E     243E       1A         0
                text24                             2424     2424       1A         0
                text23                             240A     240A       1A         0
                text22                             24A6     24A6        E         0
                text21                             2498     2498        E         0
                text20                             24BE     24BE        8         0
                text19                             248A     248A        E         0
                text17                             22D8     22D8       38         0
                text16                             24E2     24E2        2         0
                text15                             1C4C     1C4C      110         0
                text14                             1B22     1B22      12A         0
                text13                             1F70     1F70      102         0
                text12                             1016     1016      4B6         0
                text11                             1E6A     1E6A      106         0
                text10                             2072     2072       A4         0
                text9                              196E     196E      1B4         0
                text8                              14CC     14CC      4A2         0
                text7                              2392     2392       20         0
                text6                              2372     2372       20         0
                text5                              2252     2252       48         0
                text4                              1D5C     1D5C      10E         0
                text3                              21A0     21A0       5C         0
                text2                              23B2     23B2       1E         0
                text1                              23EE     23EE       1C         0
                text0                              2310     2310       32         0
                cinit                              21FC     21FC       56         0
                idataBANK0                         229A     229A       3E         0
                idataCOMRAM                        2472     2472       18         0

        CLASS   CONST          

        CLASS   SMALLCONST     
                smallconst                         1000     1000       16         0

        CLASS   MEDIUMCONST    

        CLASS   COMRAM         
                temp                                 52       52        1         1
                cstackCOMRAM                          1        1       39         1
                dataCOMRAM                           3A       3A       18         1

        CLASS   ABS1           

        CLASS   BIGRAM         

        CLASS   RAM            

        CLASS   BANK0          
                cstackBANK0                          E8       E8        D         1
                dataBANK0                            AA       AA       3E         1
                bssBANK0                             60       60       4A         1

        CLASS   BANK1          

        CLASS   BANK2          

        CLASS   BANK3          

        CLASS   BANK4          

        CLASS   BANK5          

        CLASS   BANK6          

        CLASS   BANK7          

        CLASS   BANK8          

        CLASS   BANK9          

        CLASS   BANK10         

        CLASS   BANK11         

        CLASS   BANK12         

        CLASS   BANK13         

        CLASS   BANK14         

        CLASS   BANK15         

        CLASS   SFR            

        CLASS   BIGSFR         

        CLASS   CONFIG         
                config                           300000   300000        E         4

        CLASS   IDLOC          

        CLASS   EEDATA         

        CLASS   FARRAM         

        CLASS   HEAP           

        CLASS   STACK          



SEGMENTS        Name                           Load    Length   Top    Selector   Space  Class

                reset_vec                      000000  000004  000004         0       0  CODE    
                bssBANK0                       000060  000095  0000F5        60       1  BANK0   
                text12                         001016  0014CE  0024E4       80B       0  CODE    
                cstackCOMRAM                   000001  000052  000053         1       1  COMRAM  
                intcode                        000008  000442  00044A         4       0  CODE    
                smallconst                     001000  000016  001016       800       0  SMALLCON


UNUSED ADDRESS RANGES

        Name                Unused          Largest block    Delta
        BANK0            0000F5-0000FF                B
        BANK1            000100-0001FF              100
        BANK10           000A00-000AFF              100
        BANK11           000B00-000BFF              100
        BANK12           000C00-000CFF              100
        BANK13           000D00-000DFF              100
        BANK14           000E00-000EFF              100
        BANK15           000F00-000F5F               60
        BANK2            000200-0002FF              100
        BANK3            000300-0003FF              100
        BANK4            000400-0004FF              100
        BANK5            000500-0005FF              100
        BANK6            000600-0006FF              100
        BANK7            000700-0007FF              100
        BANK8            000800-0008FF              100
        BANK9            000900-0009FF              100
        BIGRAM           000053-00005F                D
                         0000F5-000F5F              E6B
        BIGSFR           000F60-000FFF               A0
        CODE             000004-000007                4
                         00044A-000FFF              BB6
                         0024E4-00FFFF             DB1C
        COMRAM           000053-00005F                D
        CONST            000004-000007                4
                         00044A-000FFF              BB6
                         0024E4-00FFFF             DB1C
        EEDATA           F00000-F003FF              400
        IDLOC            200000-200007                8
        MEDIUMCONST      0024E4-00FFFF             DB1C
        RAM              0000F5-000F5F              100
        SFR              000F60-000FFF               A0
        SMALLCONST       0024E4-00FFFF              100

                                  Symbol Table

?___fladd                                          cstackCOMRAM 000029
?___fltol                                          cstackCOMRAM 00000E
?___lldiv                                          cstackCOMRAM 00000E
?___xxtofl                                         cstackCOMRAM 00001B
ADC_SET_CHANNEL_CONFIGURATIONS@F3881               dataCOMRAM   000050
ADC_SET_CHANNEL_CONFIGURATIONS@F3883               dataCOMRAM   00004F
ADC_SET_CHANNEL_CONFIGURATIONS@F3885               dataCOMRAM   00004E
ADC_SET_CHANNEL_CONFIGURATIONS@F3887               dataCOMRAM   00004D
ADC_SET_CHANNEL_CONFIGURATIONS@F3889               dataCOMRAM   00004C
ADC_SET_CHANNEL_CONFIGURATIONS@F3891               dataCOMRAM   00004B
ADC_SET_CHANNEL_CONFIGURATIONS@F3893               dataCOMRAM   00004A
ADC_SET_CHANNEL_CONFIGURATIONS@F3895               dataCOMRAM   000049
ADC_SET_CHANNEL_CONFIGURATIONS@F3897               dataCOMRAM   000048
ADC_SET_CHANNEL_CONFIGURATIONS@F3899               dataCOMRAM   000047
ADC_SET_CHANNEL_CONFIGURATIONS@F3901               dataCOMRAM   000046
ADC_SET_CHANNEL_CONFIGURATIONS@F3903               dataCOMRAM   000045
ADC_SET_CHANNEL_CONFIGURATIONS@F3905               dataCOMRAM   000044
CCP_PIN_INIT@F3897                                 dataCOMRAM   000043
CCP_PIN_INIT@F3899                                 dataCOMRAM   000042
CCP_PIN_INIT@F3901                                 dataCOMRAM   000041
CCP_PIN_INIT@F3903                                 dataCOMRAM   000040
CCP_PIN_INIT@F3905                                 dataCOMRAM   00003F
CCP_PIN_INIT@F3907                                 dataCOMRAM   00003E
EUSART_ASYNC_INIT@Retval                           cstackBANK0  0000F2
EUSART_ASYNC_INIT@eusart                           cstackBANK0  0000F1
EUSART_ASYNC_RX_INIT@F3913                         dataBANK0    0000CF
EUSART_ASYNC_RX_INIT@RX_pin                        cstackCOMRAM 000018
EUSART_ASYNC_RX_INIT@Retval                        cstackCOMRAM 000017
EUSART_ASYNC_RX_INIT@eusart                        cstackCOMRAM 000015
EUSART_ASYNC_TX_INIT@F3905                         dataBANK0    0000D0
EUSART_ASYNC_TX_INIT@Retval                        cstackCOMRAM 000017
EUSART_ASYNC_TX_INIT@TX_pin                        cstackCOMRAM 000018
EUSART_ASYNC_TX_INIT@eusart                        cstackCOMRAM 000015
EUSART_ASYNC_TX_WRITE_BYTE_NON_BLOCKING@Retval     cstackCOMRAM 000011
EUSART_ASYNC_TX_WRITE_BYTE_NON_BLOCKING@data       cstackCOMRAM 00000F
EUSART_ASYNC_TX_WRITE_BYTE_NON_BLOCKING@eusart     cstackCOMRAM 00000E
EUSART_SET_BUAD_RATE_CONFIGURATIONS@Buad_Rate_Temp cstackBANK0  0000ED
EUSART_SET_BUAD_RATE_CONFIGURATIONS@Retval         cstackBANK0  0000EC
EUSART_SET_BUAD_RATE_CONFIGURATIONS@eusart         cstackCOMRAM 000039
EUSART_SET_DISABLE@Retval                          cstackCOMRAM 00000F
EUSART_SET_DISABLE@eusart                          cstackCOMRAM 00000E
EUSART_SET_ENABLE@Retval                           cstackCOMRAM 00000F
EUSART_SET_ENABLE@eusart                           cstackCOMRAM 00000E
GPIO_DC_MOTOR_ROTATE_CLOCKWISE@F3770               dataBANK0    0000CA
GPIO_DC_MOTOR_ROTATE_COUNTER_CLOCKWISE@F3776       dataBANK0    0000C8
GPIO_LED_INIT@led                                  cstackCOMRAM 000019
GPIO_LED_TURN_TOGGLE@led                           cstackCOMRAM 000007
GPIO_PIN_DIRECTION_INIT@Retval                     cstackCOMRAM 000014
GPIO_PIN_DIRECTION_INIT@pin                        cstackCOMRAM 00000E
GPIO_PIN_INIT@Retval                               cstackCOMRAM 000018
GPIO_PIN_INIT@pin                                  cstackCOMRAM 000016
GPIO_PIN_TOGGLE_LOGIC@Retval                       cstackCOMRAM 000006
GPIO_PIN_TOGGLE_LOGIC@pin                          cstackCOMRAM 000001
GPIO_PIN_WRITE_LOGIC@Retval                        cstackCOMRAM 000015
GPIO_PIN_WRITE_LOGIC@logic                         cstackCOMRAM 00000F
GPIO_PIN_WRITE_LOGIC@pin                           cstackCOMRAM 00000E
RB4_ISR@change                                     cstackCOMRAM 000001
RB5_ISR@change                                     cstackCOMRAM 000001
RB6_ISR@change                                     cstackCOMRAM 000001
RB7_ISR@change                                     cstackCOMRAM 000001
TIMER0_SET_MODE@F3828                              dataBANK0    0000CE
TIMER1_SET_MODE@F3822                              dataBANK0    0000CD
TIMER3_SET_MODE@F3863                              dataBANK0    0000CC
_ADCON0                                            (abs)        000FC2
_ADCON0bits                                        (abs)        000FC2
_ADCON1                                            (abs)        000FC1
_ADCON2                                            (abs)        000FC0
_ADCON2bits                                        (abs)        000FC0
_ADC_HANDLER_FUNCTION                              bssBANK0     0000A5
_ADC_ISR                                           text37       0024DE
_ADRESH                                            (abs)        000FC4
_ADRESL                                            (abs)        000FC3
_ANSEL                                             (abs)        000F7E
_ANSELH                                            (abs)        000F7F
_BAUDCON                                           (abs)        000FB8
_CCP1CONbits                                       (abs)        000FBD
_CCP1_HANDLER_FUNCTION                             bssBANK0     0000A3
_CCP1_ISR                                          text36       0024DA
_CCP2CONbits                                       (abs)        000FBA
_CCP2_HANDLER_FUNCTION                             bssBANK0     0000A1
_CCP2_ISR                                          text35       0024D6
_CCPR1                                             (abs)        000FBE
_CCPR1L                                            (abs)        000FBE
_CCPR2                                             (abs)        000FBB
_CCPR2L                                            (abs)        000FBB
_ECUAL_LAYER_INIT                                  text16       0024E2
_EEADR                                             (abs)        000FA9
_EEADRH                                            (abs)        000FAA
_EECON1                                            (abs)        000FA6
_EECON1bits                                        (abs)        000FA6
_EECON2                                            (abs)        000FA7
_EEDATA                                            (abs)        000FA8
_EUSART_ASYNC_INIT                                 text5        002252
_EUSART_ASYNC_RX_INIT                              text14       001B22
_EUSART_ASYNC_TX_INIT                              text13       001F70
_EUSART_ASYNC_TX_WRITE_BYTE_NON_BLOCKING           text17       0022D8
_EUSART_FRAMING_HANDLER_FUNCTION                   bssBANK0     00009B
_EUSART_OVERRUN_HANDLER_FUNCTION                   bssBANK0     000099
_EUSART_RX_HANDLER_FUNCTION                        bssBANK0     00009D
_EUSART_RX_ISR                                     text34       0024D2
_EUSART_SET_BUAD_RATE_CONFIGURATIONS               text8        0014CC
_EUSART_SET_DISABLE                                text7        002392
_EUSART_SET_ENABLE                                 text6        002372
_EUSART_TX_HANDLER_FUNCTION                        bssBANK0     00009F
_EUSART_TX_ISR                                     text30       002342
_GPIO_LED_INIT                                     text2        0023B2
_GPIO_LED_TURN_TOGGLE                              text32       0023D0
_GPIO_PIN_DIRECTION_INIT                           text15       001C4C
_GPIO_PIN_INIT                                     text3        0021A0
_GPIO_PIN_TOGGLE_LOGIC                             text33       002116
_GPIO_PIN_WRITE_LOGIC                              text4        001D5C
_INT0_INTERRUPT_HANDLER                            bssBANK0     000097
_INT0_ISR                                          text29       0024CE
_INT1_INTERRUPT_HANDLER                            bssBANK0     000095
_INT1_ISR                                          text28       0024CA
_INT2_INTERRUPT_HANDLER                            bssBANK0     000093
_INT2_ISR                                          text27       0024C6
_INTCON                                            (abs)        000FF2
_INTCON2                                           (abs)        000FF1
_INTCON3                                           (abs)        000FF0
_INTCON3bits                                       (abs)        000FF0
_INTCONbits                                        (abs)        000FF2
_INTERRUPT_MANAGER                                 intcode      000008
_IOCB                                              (abs)        000F7D
_IOCBbits                                          (abs)        000F7D
_KEYPAD_BTNS                                       smallconst   001001
_LATA                                              (abs)        000F89
_LATB                                              (abs)        000F8A
_LATC                                              (abs)        000F8B
_LATD                                              (abs)        000F8C
_LATE                                              (abs)        000F8D
_LAT_REGs                                          dataBANK0    0000AA
_PIE1                                              (abs)        000F9D
_PIE1bits                                          (abs)        000F9D
_PIE2                                              (abs)        000FA0
_PIE2bits                                          (abs)        000FA0
_PIR1                                              (abs)        000F9E
_PIR1bits                                          (abs)        000F9E
_PIR2                                              (abs)        000FA1
_PIR2bits                                          (abs)        000FA1
_PORTA                                             (abs)        000F80
_PORTB                                             (abs)        000F81
_PORTBbits                                         (abs)        000F81
_PORTC                                             (abs)        000F82
_PORTD                                             (abs)        000F83
_PORTE                                             (abs)        000F84
_PORT_REGs                                         dataBANK0    0000B4
_PR2                                               (abs)        000FCB
_RB4_INTERRUPT_HANDLER_CHANGE_HIGH                 bssBANK0     000091
_RB4_INTERRUPT_HANDLER_CHANGE_LOW                  bssBANK0     000089
_RB4_ISR                                           text26       002458
_RB4_ISR_FLAG                                      dataCOMRAM   00003D
_RB5_INTERRUPT_HANDLER_CHANGE_HIGH                 bssBANK0     00008F
_RB5_INTERRUPT_HANDLER_CHANGE_LOW                  bssBANK0     000087
_RB5_ISR                                           text25       00243E
_RB5_ISR_FLAG                                      dataCOMRAM   00003C
_RB6_INTERRUPT_HANDLER_CHANGE_HIGH                 bssBANK0     00008D
_RB6_INTERRUPT_HANDLER_CHANGE_LOW                  bssBANK0     000085
_RB6_ISR                                           text24       002424
_RB6_ISR_FLAG                                      dataCOMRAM   00003B
_RB7_INTERRUPT_HANDLER_CHANGE_HIGH                 bssBANK0     00008B
_RB7_INTERRUPT_HANDLER_CHANGE_LOW                  bssBANK0     000083
_RB7_ISR                                           text23       00240A
_RB7_ISR_FLAG                                      dataCOMRAM   00003A
_RCON                                              (abs)        000FD0
_RCREG                                             (abs)        000FAE
_RCSTA                                             (abs)        000FAB
_Ret                                               dataBANK0    0000D1
_SPBRG                                             (abs)        000FAF
_SPBRGH                                            (abs)        000FB0
_T0CON                                             (abs)        000FD5
_T0CONbits                                         (abs)        000FD5
_T1CON                                             (abs)        000FCD
_T1CONbits                                         (abs)        000FCD
_T2CON                                             (abs)        000FCA
_T2CONbits                                         (abs)        000FCA
_T3CON                                             (abs)        000FB1
_T3CONbits                                         (abs)        000FB1
_TIMER0_HANDLER_FUNCTION                           bssBANK0     00007F
_TIMER0_PRELOADED                                  bssBANK0     000081
_TIMER1_HANDLER_FUNCTION                           bssBANK0     00007B
_TIMER2_HANDLER_FUNCTION                           bssBANK0     000079
_TIMER3_HANDLER_FUNCTION                           bssBANK0     000075
_TMR0H                                             (abs)        000FD7
_TMR0L                                             (abs)        000FD6
_TMR0_ISR                                          text22       0024A6
_TMR1H                                             (abs)        000FCF
_TMR1L                                             (abs)        000FCE
_TMR1_ISR                                          text21       002498
_TMR2                                              (abs)        000FCC
_TMR2_ISR                                          text20       0024BE
_TMR3H                                             (abs)        000FB3
_TMR3L                                             (abs)        000FB2
_TMR3_ISR                                          text19       00248A
_TRISA                                             (abs)        000F92
_TRISB                                             (abs)        000F93
_TRISC                                             (abs)        000F94
_TRISD                                             (abs)        000F95
_TRISE                                             (abs)        000F96
_TRIS_REGs                                         dataBANK0    0000BE
_TXREG                                             (abs)        000FAD
_TXSTA                                             (abs)        000FAC
__HRAM                                             (abs)        000000
__H__absolute__                                    __absolute__ 000000
__Habs1                                            abs1         000000
__Hbank0                                           bank0        000000
__Hbank1                                           bank1        000000
__Hbank10                                          bank10       000000
__Hbank11                                          bank11       000000
__Hbank12                                          bank12       000000
__Hbank13                                          bank13       000000
__Hbank14                                          bank14       000000
__Hbank15                                          bank15       000000
__Hbank2                                           bank2        000000
__Hbank3                                           bank3        000000
__Hbank4                                           bank4        000000
__Hbank5                                           bank5        000000
__Hbank6                                           bank6        000000
__Hbank7                                           bank7        000000
__Hbank8                                           bank8        000000
__Hbank9                                           bank9        000000
__Hbigbss                                          bigbss       000000
__Hbigdata                                         bigdata      000000
__Hbigram                                          bigram       000000
__Hbigsfr                                          bigsfr       000000
__Hbss                                             bss          000000
__HbssBANK0                                        bssBANK0     000000
__Hcinit                                           cinit        000000
__Hclrtext                                         clrtext      000000
__Hcomram                                          comram       000000
__Hconfig                                          config       30000E
__Hconst                                           const        000000
__HcstackBANK0                                     cstackBANK0  000000
__HcstackCOMRAM                                    cstackCOMRAM 000000
__Hdata                                            data         000000
__HdataBANK0                                       dataBANK0    000000
__HdataCOMRAM                                      dataCOMRAM   000000
__Heeprom_data                                     eeprom_data  000000
__Hfarbss                                          farbss       000000
__Hfardata                                         fardata      000000
__Hheap                                            heap         000000
__Hibigdata                                        ibigdata     000000
__Hidata                                           idata        000000
__HidataBANK0                                      idataBANK0   000000
__HidataCOMRAM                                     idataCOMRAM  000000
__Hidloc                                           idloc        000000
__Hifardata                                        ifardata     000000
__Hinit                                            init         00044A
__Hintcode                                         intcode      000446
__Hintcode_body                                    intcode_body 000000
__Hintcodelo                                       intcodelo    000018
__Hintentry                                        intentry     000000
__Hintret                                          intret       000000
__Hintsave_regs                                    intsave_regs 000000
__Hirdata                                          irdata       000000
__Hmediumconst                                     mediumconst  000000
__HnvFARRAM                                        nvFARRAM     000000
__Hnvbit                                           nvbit        000000
__Hnvrram                                          nvrram       000000
__Hparam                                           rparam       000000
__Hpowerup                                         powerup      000000
__Hram                                             ram          000000
__Hramtop                                          ramtop       001000
__Hrbit                                            rbit         000000
__Hrbss                                            rbss         000000
__Hrdata                                           rdata        000000
__Hreset_vec                                       reset_vec    000004
__Hrparam                                          rparam       000000
__Hsfr                                             sfr          000000
__Hsivt_hi                                         sivt_hi      000000
__Hsivt_lo                                         sivt_lo      000018
__Hsmallconst                                      smallconst   001016
__Hspace_0                                         (abs)        0024E4
__Hspace_1                                         (abs)        0000F5
__Hspace_2                                         (abs)        000000
__Hspace_4                                         (abs)        60000E
__Hstack                                           stack        000000
__Hstruct                                          struct       000000
__Htemp                                            temp         000053
__Htext                                            text         000000
__Htext0                                           text0        000000
__Htext1                                           text1        000000
__Htext10                                          text10       000000
__Htext11                                          text11       000000
__Htext12                                          text12       000000
__Htext13                                          text13       000000
__Htext14                                          text14       000000
__Htext15                                          text15       000000
__Htext16                                          text16       000000
__Htext17                                          text17       000000
__Htext19                                          text19       000000
__Htext2                                           text2        000000
__Htext20                                          text20       000000
__Htext21                                          text21       000000
__Htext22                                          text22       000000
__Htext23                                          text23       000000
__Htext24                                          text24       000000
__Htext25                                          text25       000000
__Htext26                                          text26       000000
__Htext27                                          text27       000000
__Htext28                                          text28       000000
__Htext29                                          text29       000000
__Htext3                                           text3        000000
__Htext30                                          text30       000000
__Htext31                                          text31       000000
__Htext32                                          text32       000000
__Htext33                                          text33       000000
__Htext34                                          text34       000000
__Htext35                                          text35       000000
__Htext36                                          text36       000000
__Htext37                                          text37       000000
__Htext4                                           text4        000000
__Htext5                                           text5        000000
__Htext6                                           text6        000000
__Htext7                                           text7        000000
__Htext8                                           text8        000000
__Htext9                                           text9        000000
__LRAM                                             (abs)        000001
__L__absolute__                                    __absolute__ 000000
__Labs1                                            abs1         000000
__Lbank0                                           bank0        000000
__Lbank1                                           bank1        000000
__Lbank10                                          bank10       000000
__Lbank11                                          bank11       000000
__Lbank12                                          bank12       000000
__Lbank13                                          bank13       000000
__Lbank14                                          bank14       000000
__Lbank15                                          bank15       000000
__Lbank2                                           bank2        000000
__Lbank3                                           bank3        000000
__Lbank4                                           bank4        000000
__Lbank5                                           bank5        000000
__Lbank6                                           bank6        000000
__Lbank7                                           bank7        000000
__Lbank8                                           bank8        000000
__Lbank9                                           bank9        000000
__Lbigbss                                          bigbss       000000
__Lbigdata                                         bigdata      000000
__Lbigram                                          bigram       000000
__Lbigsfr                                          bigsfr       000000
__Lbss                                             bss          000000
__LbssBANK0                                        bssBANK0     000000
__Lcinit                                           cinit        000000
__Lclrtext                                         clrtext      000000
__Lcomram                                          comram       000000
__Lconfig                                          config       000000
__Lconst                                           const        000000
__LcstackBANK0                                     cstackBANK0  000000
__LcstackCOMRAM                                    cstackCOMRAM 000000
__Ldata                                            data         000000
__LdataBANK0                                       dataBANK0    000000
__LdataCOMRAM                                      dataCOMRAM   000000
__Leeprom_data                                     eeprom_data  000000
__Lfarbss                                          farbss       000000
__Lfardata                                         fardata      000000
__Lheap                                            heap         000000
__Libigdata                                        ibigdata     000000
__Lidata                                           idata        000000
__LidataBANK0                                      idataBANK0   000000
__LidataCOMRAM                                     idataCOMRAM  000000
__Lidloc                                           idloc        000000
__Lifardata                                        ifardata     000000
__Linit                                            init         000446
__Lintcode                                         intcode      000008
__Lintcode_body                                    intcode_body 000000
__Lintcodelo                                       intcodelo    000018
__Lintentry                                        intentry     000000
__Lintret                                          intret       000000
__Lintsave_regs                                    intsave_regs 000000
__Lirdata                                          irdata       000000
__Lmediumconst                                     mediumconst  000000
__LnvFARRAM                                        nvFARRAM     000000
__Lnvbit                                           nvbit        000000
__Lnvrram                                          nvrram       000000
__Lparam                                           rparam       000000
__Lpowerup                                         powerup      000000
__Lram                                             ram          000000
__Lramtop                                          ramtop       001000
__Lrbit                                            rbit         000000
__Lrbss                                            rbss         000000
__Lrdata                                           rdata        000000
__Lreset_vec                                       reset_vec    000000
__Lrparam                                          rparam       000000
__Lsfr                                             sfr          000000
__Lsivt_hi                                         sivt_hi      000000
__Lsivt_lo                                         sivt_lo      000018
__Lsmallconst                                      smallconst   001000
__Lspace_0                                         (abs)        000000
__Lspace_1                                         (abs)        000000
__Lspace_2                                         (abs)        000000
__Lspace_4                                         (abs)        000000
__Lstack                                           stack        000000
__Lstruct                                          struct       000000
__Ltemp                                            temp         000052
__Ltext                                            text         000000
__Ltext0                                           text0        000000
__Ltext1                                           text1        000000
__Ltext10                                          text10       000000
__Ltext11                                          text11       000000
__Ltext12                                          text12       000000
__Ltext13                                          text13       000000
__Ltext14                                          text14       000000
__Ltext15                                          text15       000000
__Ltext16                                          text16       000000
__Ltext17                                          text17       000000
__Ltext19                                          text19       000000
__Ltext2                                           text2        000000
__Ltext20                                          text20       000000
__Ltext21                                          text21       000000
__Ltext22                                          text22       000000
__Ltext23                                          text23       000000
__Ltext24                                          text24       000000
__Ltext25                                          text25       000000
__Ltext26                                          text26       000000
__Ltext27                                          text27       000000
__Ltext28                                          text28       000000
__Ltext29                                          text29       000000
__Ltext3                                           text3        000000
__Ltext30                                          text30       000000
__Ltext31                                          text31       000000
__Ltext32                                          text32       000000
__Ltext33                                          text33       000000
__Ltext34                                          text34       000000
__Ltext35                                          text35       000000
__Ltext36                                          text36       000000
__Ltext37                                          text37       000000
__Ltext4                                           text4        000000
__Ltext5                                           text5        000000
__Ltext6                                           text6        000000
__Ltext7                                           text7        000000
__Ltext8                                           text8        000000
__Ltext9                                           text9        000000
__S0                                               (abs)        0024E4
__S1                                               (abs)        0000F5
__S4                                               (abs)        000000
__S5                                               (abs)        000000
___fladd                                           text12       001016
___fladd@a                                         cstackCOMRAM 00002D
___fladd@aexp                                      cstackCOMRAM 000036
___fladd@b                                         cstackCOMRAM 000029
___fladd@bexp                                      cstackCOMRAM 000037
___fladd@grs                                       cstackCOMRAM 000038
___fladd@signs                                     cstackCOMRAM 000035
___fltol                                           text11       001E6A
___fltol@exp1                                      cstackCOMRAM 000017
___fltol@f1                                        cstackCOMRAM 00000E
___fltol@sign1                                     cstackCOMRAM 000016
___heap_hi                                         (abs)        000000
___heap_lo                                         (abs)        000000
___inthi_sp                                        stack        000000
___inthi_stack_hi                                  stack        000000
___inthi_stack_lo                                  stack        000000
___intlo_sp                                        stack        000000
___intlo_stack_hi                                  stack        000000
___intlo_stack_lo                                  stack        000000
___lldiv                                           text10       002072
___lldiv@counter                                   cstackCOMRAM 00001A
___lldiv@dividend                                  cstackCOMRAM 00000E
___lldiv@divisor                                   cstackCOMRAM 000012
___lldiv@quotient                                  cstackCOMRAM 000016
___param_bank                                      (abs)        000000
___rparam_used                                     (abs)        000001
___sp                                              stack        000000
___stack_hi                                        stack        000000
___stack_lo                                        stack        000000
___xxtofl                                          text9        00196E
___xxtofl@arg                                      cstackCOMRAM 000025
___xxtofl@exp                                      cstackCOMRAM 000024
___xxtofl@sign                                     cstackCOMRAM 000023
___xxtofl@val                                      cstackCOMRAM 00001B
__accesstop                                        (abs)        000060
__activetblptr                                     (abs)        000003
__end_of_ADC_ISR                                   text37       0024E2
__end_of_CCP1_ISR                                  text36       0024DE
__end_of_CCP2_ISR                                  text35       0024DA
__end_of_ECUAL_LAYER_INIT                          text16       0024E4
__end_of_EUSART_ASYNC_INIT                         text5        00229A
__end_of_EUSART_ASYNC_RX_INIT                      text14       001C4C
__end_of_EUSART_ASYNC_TX_INIT                      text13       002072
__end_of_EUSART_ASYNC_TX_WRITE_BYTE_NON_BLOCKING   text17       002310
__end_of_EUSART_RX_ISR                             text34       0024D6
__end_of_EUSART_SET_BUAD_RATE_CONFIGURATIONS       text8        00196E
__end_of_EUSART_SET_DISABLE                        text7        0023B2
__end_of_EUSART_SET_ENABLE                         text6        002392
__end_of_EUSART_TX_ISR                             text30       002372
__end_of_GPIO_LED_INIT                             text2        0023D0
__end_of_GPIO_LED_TURN_TOGGLE                      text32       0023EE
__end_of_GPIO_PIN_DIRECTION_INIT                   text15       001D5C
__end_of_GPIO_PIN_INIT                             text3        0021FC
__end_of_GPIO_PIN_TOGGLE_LOGIC                     text33       0021A0
__end_of_GPIO_PIN_WRITE_LOGIC                      text4        001E6A
__end_of_INT0_ISR                                  text29       0024D2
__end_of_INT1_ISR                                  text28       0024CE
__end_of_INT2_ISR                                  text27       0024CA
__end_of_INTERRUPT_MANAGER                         intcode      000446
__end_of_KEYPAD_BTNS                               smallconst   001011
__end_of_RB4_ISR                                   text26       002472
__end_of_RB5_ISR                                   text25       002458
__end_of_RB6_ISR                                   text24       00243E
__end_of_RB7_ISR                                   text23       002424
__end_of_TMR0_ISR                                  text22       0024B4
__end_of_TMR1_ISR                                  text21       0024A6
__end_of_TMR2_ISR                                  text20       0024C6
__end_of_TMR3_ISR                                  text19       002498
__end_of___fladd                                   text12       0014CC
__end_of___fltol                                   text11       001F70
__end_of___lldiv                                   text10       002116
__end_of___xxtofl                                  text9        001B22
__end_of__initialization                           cinit        002248
__end_of_application_init                          text1        00240A
__end_of_eusart_tx_isr                             text31       0024BE
__end_of_main                                      text0        002342
__initialization                                   cinit        0021FC
__mediumconst                                      smallconst   001000
__pbssBANK0                                        bssBANK0     000060
__pcinit                                           cinit        0021FC
__pcstackBANK0                                     cstackBANK0  0000E8
__pcstackCOMRAM                                    cstackCOMRAM 000001
__pdataBANK0                                       dataBANK0    0000AA
__pdataCOMRAM                                      dataCOMRAM   00003A
__pidataBANK0                                      idataBANK0   00229A
__pidataCOMRAM                                     idataCOMRAM  002472
__pintcode                                         intcode      000008
__psmallconst                                      smallconst   001000
__ptext0                                           text0        002310
__ptext1                                           text1        0023EE
__ptext10                                          text10       002072
__ptext11                                          text11       001E6A
__ptext12                                          text12       001016
__ptext13                                          text13       001F70
__ptext14                                          text14       001B22
__ptext15                                          text15       001C4C
__ptext16                                          text16       0024E2
__ptext17                                          text17       0022D8
__ptext19                                          text19       00248A
__ptext2                                           text2        0023B2
__ptext20                                          text20       0024BE
__ptext21                                          text21       002498
__ptext22                                          text22       0024A6
__ptext23                                          text23       00240A
__ptext24                                          text24       002424
__ptext25                                          text25       00243E
__ptext26                                          text26       002458
__ptext27                                          text27       0024C6
__ptext28                                          text28       0024CA
__ptext29                                          text29       0024CE
__ptext3                                           text3        0021A0
__ptext30                                          text30       002342
__ptext31                                          text31       0024B4
__ptext32                                          text32       0023D0
__ptext33                                          text33       002116
__ptext34                                          text34       0024D2
__ptext35                                          text35       0024D6
__ptext36                                          text36       0024DA
__ptext37                                          text37       0024DE
__ptext4                                           text4        001D5C
__ptext5                                           text5        002252
__ptext6                                           text6        002372
__ptext7                                           text7        002392
__ptext8                                           text8        0014CC
__ptext9                                           text9        00196E
__ramtop                                           ramtop       001000
__smallconst                                       smallconst   001000
_application_init                                  text1        0023EE
_eusart_tx_isr                                     text31       0024B4
_led1                                              dataCOMRAM   000051
_main                                              text0        002310
_timer1_preloaded_value                            bssBANK0     00007D
_timer2_preloaded_value                            bssBANK0     0000A9
_timer3_preloaded_value                            bssBANK0     000077
_usart_object                                      dataBANK0    0000D2
btemp                                              temp         000052
end_of_initialization                              cinit        002248
int$flags                                          temp         000052
intlevel0                                          text         000000
intlevel1                                          text         000000
intlevel2                                          text         000000
intlevel3                                          text         000000
isa$std                                            (abs)        000001
isa$xinst                                          (abs)        000000
stackhi                                            (abs)        000000
stacklo                                            (abs)        000000
start                                              init         000446
start_initialization                               cinit        0021FC
ttemp5                                             temp         000053
ttemp6                                             temp         000056
ttemp7                                             temp         00005A
wtemp8                                             temp         000053


MODULE INFORMATION

Module		Function		Class		Link	Load	Size
APP_Layer/Main.c
		_main          		CODE           	2310	0000	50
		_application_init		CODE           	23EE	0000	28
		_eusart_tx_isr 		CODE           	24B4	0000	10

APP_Layer/Main.c estimated size: 88

MCAL_Layer/Timers/Timer3/HAL_TIMER3.c
		_TMR3_ISR      		CODE           	248A	0000	14

MCAL_Layer/Timers/Timer3/HAL_TIMER3.c estimated size: 14

MCAL_Layer/Timers/Timer2/HAL_TIMER2.c
		_TMR2_ISR      		CODE           	24BE	0000	8

MCAL_Layer/Timers/Timer2/HAL_TIMER2.c estimated size: 8

MCAL_Layer/Timers/Timer1/HAL_TIMER1.c
		_TMR1_ISR      		CODE           	2498	0000	14

MCAL_Layer/Timers/Timer1/HAL_TIMER1.c estimated size: 14

MCAL_Layer/Timers/Timer0/HAL_TIMER0.c
		_TMR0_ISR      		CODE           	24A6	0000	14

MCAL_Layer/Timers/Timer0/HAL_TIMER0.c estimated size: 14

MCAL_Layer/ADC/HAL_ADC.c
		_ADC_ISR       		CODE           	24DE	0000	4

MCAL_Layer/ADC/HAL_ADC.c estimated size: 4

/Applications/microchip/xc8/v3.00/pic/sources/c99/common/__lldiv.c
		___lldiv       		CODE           	2072	0000	164

/Applications/microchip/xc8/v3.00/pic/sources/c99/common/__lldiv.c estimated size: 164

ECUAL_Layer/LED/ECUAL_LED.c
		_GPIO_LED_INIT 		CODE           	23B2	0000	30
		_GPIO_LED_TURN_TOGGLE		CODE           	23D0	0000	30

ECUAL_Layer/LED/ECUAL_LED.c estimated size: 60

MCAL_Layer/Interrupt/HAL_EXT_INTERRUPT.c
		_RB4_ISR       		CODE           	2458	0000	26
		_RB5_ISR       		CODE           	243E	0000	26
		_RB6_ISR       		CODE           	2424	0000	26
		_RB7_ISR       		CODE           	240A	0000	26
		_INT0_ISR      		CODE           	24CE	0000	4
		_INT1_ISR      		CODE           	24CA	0000	4
		_INT2_ISR      		CODE           	24C6	0000	4

MCAL_Layer/Interrupt/HAL_EXT_INTERRUPT.c estimated size: 116

/Applications/microchip/xc8/v3.00/pic/sources/c99/common/fltol.c
		___fltol       		CODE           	1E6A	0000	262

/Applications/microchip/xc8/v3.00/pic/sources/c99/common/fltol.c estimated size: 262

MCAL_Layer/CCP/HAL_CCP.c
		_CCP1_ISR      		CODE           	24DA	0000	4
		_CCP2_ISR      		CODE           	24D6	0000	4

MCAL_Layer/CCP/HAL_CCP.c estimated size: 8

/Applications/microchip/xc8/v3.00/pic/sources/c99/common/xxtofl.c
		___xxtofl      		CODE           	196E	0000	436

/Applications/microchip/xc8/v3.00/pic/sources/c99/common/xxtofl.c estimated size: 436

shared
		_KEYPAD_BTNS   		SMALLCONST     	1001	0000	16
		__initialization		CODE           	21FC	0000	76

shared estimated size: 92

/Applications/microchip/xc8/v3.00/pic/sources/c99/common/sprcadd.c
		___fladd       		CODE           	1016	0000	1206

/Applications/microchip/xc8/v3.00/pic/sources/c99/common/sprcadd.c estimated size: 1206

MCAL_Layer/EUSART/HAL_EUSART.c
		_EUSART_ASYNC_TX_WRITE_BYTE_NON_BLOCKING		CODE           	22D8	0000	56
		_EUSART_SET_DISABLE		CODE           	2392	0000	32
		_EUSART_RX_ISR 		CODE           	24D2	0000	4
		_EUSART_TX_ISR 		CODE           	2342	0000	48
		_EUSART_SET_BUAD_RATE_CONFIGURATIONS		CODE           	14CC	0000	1186
		_EUSART_SET_ENABLE		CODE           	2372	0000	32
		_EUSART_ASYNC_INIT		CODE           	2252	0000	72
		_EUSART_ASYNC_RX_INIT		CODE           	1B22	0000	298
		_EUSART_ASYNC_TX_INIT		CODE           	1F70	0000	258

MCAL_Layer/EUSART/HAL_EUSART.c estimated size: 1986

ECUAL_Layer/ECUAL_INIT.c
		_ECUAL_LAYER_INIT		CODE           	24E2	0000	2

ECUAL_Layer/ECUAL_INIT.c estimated size: 2

MCAL_Layer/GPIO/HAL_GPIO.c
		_GPIO_PIN_DIRECTION_INIT		CODE           	1C4C	0000	272
		_GPIO_PIN_INIT 		CODE           	21A0	0000	92
		_GPIO_PIN_WRITE_LOGIC		CODE           	1D5C	0000	270
		_GPIO_PIN_TOGGLE_LOGIC		CODE           	2116	0000	138

MCAL_Layer/GPIO/HAL_GPIO.c estimated size: 772

MCAL_Layer/Interrupt/HAL_INTERRUPT_MNG.c
		_INTERRUPT_MANAGER		CODE           	0008	0000	1086

MCAL_Layer/Interrupt/HAL_INTERRUPT_MNG.c estimated size: 1086

