Archive member included to satisfy reference by file (symbol)

/Applications/microchip/xc8/v3.00/avr/bin/../lib/gcc/avr/5.4.0/avr5/libgcc.a(_copy_data.o)
                              build/default/production/MCAL_Layer/GPIO/hal_gpio.o (__do_copy_data)
/Applications/microchip/xc8/v3.00/avr/bin/../lib/gcc/avr/5.4.0/../../../../avr/lib/avr5/libc.a(exit.o)
                              /Applications/microchip/mplabx/v6.25/packs/Microchip/ATmega_DFP/3.3.279/xc8/avr/lib/avr5/crtatmega32.o (exit)
/Applications/microchip/xc8/v3.00/avr/bin/../lib/gcc/avr/5.4.0/../../../../avr/lib/avr5/libc.a(_Exit.o)
                              /Applications/microchip/xc8/v3.00/avr/bin/../lib/gcc/avr/5.4.0/../../../../avr/lib/avr5/libc.a(exit.o) (_Exit)
/Applications/microchip/xc8/v3.00/avr/bin/../lib/gcc/avr/5.4.0/avr5/libgcc.a(_exit.o)
                              /Applications/microchip/xc8/v3.00/avr/bin/../lib/gcc/avr/5.4.0/../../../../avr/lib/avr5/libc.a(_Exit.o) (_exit)

Discarded input sections

 .data          0x0000000000000000        0x0 /Applications/microchip/mplabx/v6.25/packs/Microchip/ATmega_DFP/3.3.279/xc8/avr/lib/avr5/crtatmega32.o
 .bss           0x0000000000000000        0x0 /Applications/microchip/mplabx/v6.25/packs/Microchip/ATmega_DFP/3.3.279/xc8/avr/lib/avr5/crtatmega32.o
 .text          0x0000000000000000        0x0 build/default/production/Codes/ECUAL/BTN/app1.o
 .data          0x0000000000000000        0x0 build/default/production/Codes/ECUAL/BTN/app1.o
 .bss           0x0000000000000000        0x0 build/default/production/Codes/ECUAL/BTN/app1.o
 .debug_line    0x0000000000000000        0x0 build/default/production/Codes/ECUAL/BTN/app1.o
 .debug_str     0x0000000000000000        0x0 build/default/production/Codes/ECUAL/BTN/app1.o
 .comment       0x0000000000000000       0x30 build/default/production/Codes/ECUAL/BTN/app1.o
 .text          0x0000000000000000        0x0 build/default/production/Codes/ECUAL/DC_Motor/app1.o
 .data          0x0000000000000000        0x0 build/default/production/Codes/ECUAL/DC_Motor/app1.o
 .bss           0x0000000000000000        0x0 build/default/production/Codes/ECUAL/DC_Motor/app1.o
 .debug_line    0x0000000000000000        0x0 build/default/production/Codes/ECUAL/DC_Motor/app1.o
 .debug_str     0x0000000000000000        0x0 build/default/production/Codes/ECUAL/DC_Motor/app1.o
 .comment       0x0000000000000000       0x30 build/default/production/Codes/ECUAL/DC_Motor/app1.o
 .text          0x0000000000000000        0x0 build/default/production/Codes/ECUAL/LED/app1.o
 .data          0x0000000000000000        0x0 build/default/production/Codes/ECUAL/LED/app1.o
 .bss           0x0000000000000000        0x0 build/default/production/Codes/ECUAL/LED/app1.o
 .debug_line    0x0000000000000000        0x0 build/default/production/Codes/ECUAL/LED/app1.o
 .debug_str     0x0000000000000000        0x0 build/default/production/Codes/ECUAL/LED/app1.o
 .comment       0x0000000000000000       0x30 build/default/production/Codes/ECUAL/LED/app1.o
 .text          0x0000000000000000        0x0 build/default/production/Codes/ECUAL/Relay/app1.o
 .data          0x0000000000000000        0x0 build/default/production/Codes/ECUAL/Relay/app1.o
 .bss           0x0000000000000000        0x0 build/default/production/Codes/ECUAL/Relay/app1.o
 .debug_line    0x0000000000000000        0x0 build/default/production/Codes/ECUAL/Relay/app1.o
 .debug_str     0x0000000000000000        0x0 build/default/production/Codes/ECUAL/Relay/app1.o
 .comment       0x0000000000000000       0x30 build/default/production/Codes/ECUAL/Relay/app1.o
 .text          0x0000000000000000        0x0 build/default/production/Codes/MCAL/GPIO/app1.o
 .data          0x0000000000000000        0x0 build/default/production/Codes/MCAL/GPIO/app1.o
 .bss           0x0000000000000000        0x0 build/default/production/Codes/MCAL/GPIO/app1.o
 .debug_line    0x0000000000000000        0x0 build/default/production/Codes/MCAL/GPIO/app1.o
 .debug_str     0x0000000000000000        0x0 build/default/production/Codes/MCAL/GPIO/app1.o
 .comment       0x0000000000000000       0x30 build/default/production/Codes/MCAL/GPIO/app1.o
 .text          0x0000000000000000        0x0 build/default/production/APP_Layer/main.o
 .data          0x0000000000000000        0x0 build/default/production/APP_Layer/main.o
 .bss           0x0000000000000000        0x0 build/default/production/APP_Layer/main.o
 .text.Application_Init
                0x0000000000000000        0x6 build/default/production/APP_Layer/main.o
 .text          0x0000000000000000        0x0 build/default/production/ECUAL_Layer/7SEG/ecual_7seg.o
 .data          0x0000000000000000        0x0 build/default/production/ECUAL_Layer/7SEG/ecual_7seg.o
 .bss           0x0000000000000000        0x0 build/default/production/ECUAL_Layer/7SEG/ecual_7seg.o
 .text.GPIO_Segment_INIT
                0x0000000000000000       0x30 build/default/production/ECUAL_Layer/7SEG/ecual_7seg.o
 .text.GPIO_Segment_Read_Number
                0x0000000000000000       0x80 build/default/production/ECUAL_Layer/7SEG/ecual_7seg.o
 .text.GPIO_Segment_Write_Number
                0x0000000000000000       0x56 build/default/production/ECUAL_Layer/7SEG/ecual_7seg.o
 .debug_info    0x0000000000000000      0x635 build/default/production/ECUAL_Layer/7SEG/ecual_7seg.o
 .debug_abbrev  0x0000000000000000      0x123 build/default/production/ECUAL_Layer/7SEG/ecual_7seg.o
 .debug_loc     0x0000000000000000      0x2ca build/default/production/ECUAL_Layer/7SEG/ecual_7seg.o
 .debug_aranges
                0x0000000000000000       0x30 build/default/production/ECUAL_Layer/7SEG/ecual_7seg.o
 .debug_ranges  0x0000000000000000       0x20 build/default/production/ECUAL_Layer/7SEG/ecual_7seg.o
 .debug_line    0x0000000000000000      0x19a build/default/production/ECUAL_Layer/7SEG/ecual_7seg.o
 .debug_str     0x0000000000000000       0x3e build/default/production/ECUAL_Layer/7SEG/ecual_7seg.o
 .comment       0x0000000000000000       0x30 build/default/production/ECUAL_Layer/7SEG/ecual_7seg.o
 .debug_frame   0x0000000000000000       0xa8 build/default/production/ECUAL_Layer/7SEG/ecual_7seg.o
 .text          0x0000000000000000        0x0 build/default/production/ECUAL_Layer/BTN/ecual_btn.o
 .data          0x0000000000000000        0x0 build/default/production/ECUAL_Layer/BTN/ecual_btn.o
 .bss           0x0000000000000000        0x0 build/default/production/ECUAL_Layer/BTN/ecual_btn.o
 .text.GPIO_Btn_INIT
                0x0000000000000000        0xe build/default/production/ECUAL_Layer/BTN/ecual_btn.o
 .text.GPIO_Btn_Read_State
                0x0000000000000000       0x8a build/default/production/ECUAL_Layer/BTN/ecual_btn.o
 .debug_info    0x0000000000000000      0x575 build/default/production/ECUAL_Layer/BTN/ecual_btn.o
 .debug_abbrev  0x0000000000000000      0x102 build/default/production/ECUAL_Layer/BTN/ecual_btn.o
 .debug_loc     0x0000000000000000      0x17c build/default/production/ECUAL_Layer/BTN/ecual_btn.o
 .debug_aranges
                0x0000000000000000       0x28 build/default/production/ECUAL_Layer/BTN/ecual_btn.o
 .debug_ranges  0x0000000000000000       0x18 build/default/production/ECUAL_Layer/BTN/ecual_btn.o
 .debug_line    0x0000000000000000      0x167 build/default/production/ECUAL_Layer/BTN/ecual_btn.o
 .debug_str     0x0000000000000000       0x2c build/default/production/ECUAL_Layer/BTN/ecual_btn.o
 .comment       0x0000000000000000       0x30 build/default/production/ECUAL_Layer/BTN/ecual_btn.o
 .debug_frame   0x0000000000000000       0x58 build/default/production/ECUAL_Layer/BTN/ecual_btn.o
 .text          0x0000000000000000        0x0 build/default/production/ECUAL_Layer/DC_Motor/ecual_dc_motor.o
 .data          0x0000000000000000        0x0 build/default/production/ECUAL_Layer/DC_Motor/ecual_dc_motor.o
 .bss           0x0000000000000000        0x0 build/default/production/ECUAL_Layer/DC_Motor/ecual_dc_motor.o
 .text.GPIO_DC_Motor_INIT
                0x0000000000000000       0x20 build/default/production/ECUAL_Layer/DC_Motor/ecual_dc_motor.o
 .text.GPIO_DC_Motor_Read_Rotation_State
                0x0000000000000000       0x7c build/default/production/ECUAL_Layer/DC_Motor/ecual_dc_motor.o
 .text.GPIO_DC_Motor_Brake
                0x0000000000000000       0x24 build/default/production/ECUAL_Layer/DC_Motor/ecual_dc_motor.o
 .text.GPIO_DC_Motor_Rotate_ClockWise
                0x0000000000000000       0x24 build/default/production/ECUAL_Layer/DC_Motor/ecual_dc_motor.o
 .text.GPIO_DC_Motor_Rotate_Counter_ClockWise
                0x0000000000000000       0x24 build/default/production/ECUAL_Layer/DC_Motor/ecual_dc_motor.o
 .text.GPIO_DC_Motor_Toggle_Rotation_Direction
                0x0000000000000000       0x42 build/default/production/ECUAL_Layer/DC_Motor/ecual_dc_motor.o
 .debug_info    0x0000000000000000      0x8f2 build/default/production/ECUAL_Layer/DC_Motor/ecual_dc_motor.o
 .debug_abbrev  0x0000000000000000      0x15b build/default/production/ECUAL_Layer/DC_Motor/ecual_dc_motor.o
 .debug_loc     0x0000000000000000      0x433 build/default/production/ECUAL_Layer/DC_Motor/ecual_dc_motor.o
 .debug_aranges
                0x0000000000000000       0x48 build/default/production/ECUAL_Layer/DC_Motor/ecual_dc_motor.o
 .debug_ranges  0x0000000000000000       0x38 build/default/production/ECUAL_Layer/DC_Motor/ecual_dc_motor.o
 .debug_line    0x0000000000000000      0x21e build/default/production/ECUAL_Layer/DC_Motor/ecual_dc_motor.o
 .debug_str     0x0000000000000000       0x4a build/default/production/ECUAL_Layer/DC_Motor/ecual_dc_motor.o
 .comment       0x0000000000000000       0x30 build/default/production/ECUAL_Layer/DC_Motor/ecual_dc_motor.o
 .debug_frame   0x0000000000000000       0xe4 build/default/production/ECUAL_Layer/DC_Motor/ecual_dc_motor.o
 .text          0x0000000000000000        0x0 build/default/production/ECUAL_Layer/LED/ecual_led.o
 .data          0x0000000000000000        0x0 build/default/production/ECUAL_Layer/LED/ecual_led.o
 .bss           0x0000000000000000        0x0 build/default/production/ECUAL_Layer/LED/ecual_led.o
 .text.GPIO_Led_Read_Logic
                0x0000000000000000       0x88 build/default/production/ECUAL_Layer/LED/ecual_led.o
 .text.GPIO_Led_Turn_Toggle
                0x0000000000000000        0xe build/default/production/ECUAL_Layer/LED/ecual_led.o
 .text          0x0000000000000000        0x0 build/default/production/ECUAL_Layer/Relay/ecual_relay.o
 .data          0x0000000000000000        0x0 build/default/production/ECUAL_Layer/Relay/ecual_relay.o
 .bss           0x0000000000000000        0x0 build/default/production/ECUAL_Layer/Relay/ecual_relay.o
 .text.GPIO_Relay_INIT
                0x0000000000000000        0xe build/default/production/ECUAL_Layer/Relay/ecual_relay.o
 .text.GPIO_Relay_Read_State
                0x0000000000000000       0x46 build/default/production/ECUAL_Layer/Relay/ecual_relay.o
 .text.GPIO_Relay_Turn_On
                0x0000000000000000       0x10 build/default/production/ECUAL_Layer/Relay/ecual_relay.o
 .text.GPIO_Relay_Turn_Off
                0x0000000000000000       0x10 build/default/production/ECUAL_Layer/Relay/ecual_relay.o
 .text.GPIO_Relay_Turn_Toggle
                0x0000000000000000        0xe build/default/production/ECUAL_Layer/Relay/ecual_relay.o
 .debug_info    0x0000000000000000      0x6a3 build/default/production/ECUAL_Layer/Relay/ecual_relay.o
 .debug_abbrev  0x0000000000000000      0x120 build/default/production/ECUAL_Layer/Relay/ecual_relay.o
 .debug_loc     0x0000000000000000      0x2fa build/default/production/ECUAL_Layer/Relay/ecual_relay.o
 .debug_aranges
                0x0000000000000000       0x40 build/default/production/ECUAL_Layer/Relay/ecual_relay.o
 .debug_ranges  0x0000000000000000       0x30 build/default/production/ECUAL_Layer/Relay/ecual_relay.o
 .debug_line    0x0000000000000000      0x1b0 build/default/production/ECUAL_Layer/Relay/ecual_relay.o
 .debug_str     0x0000000000000000       0x5a build/default/production/ECUAL_Layer/Relay/ecual_relay.o
 .comment       0x0000000000000000       0x30 build/default/production/ECUAL_Layer/Relay/ecual_relay.o
 .debug_frame   0x0000000000000000       0x80 build/default/production/ECUAL_Layer/Relay/ecual_relay.o
 .text          0x0000000000000000        0x0 build/default/production/MCAL_Layer/GPIO/hal_gpio.o
 .data          0x0000000000000000        0x0 build/default/production/MCAL_Layer/GPIO/hal_gpio.o
 .bss           0x0000000000000000        0x0 build/default/production/MCAL_Layer/GPIO/hal_gpio.o
 .text.GPIO_Pin_Get_Direction_Status
                0x0000000000000000       0x4a build/default/production/MCAL_Layer/GPIO/hal_gpio.o
 .text.GPIO_Pin_Toggle_Logic
                0x0000000000000000       0x40 build/default/production/MCAL_Layer/GPIO/hal_gpio.o
 .text.GPIO_Port_Direction_INIT
                0x0000000000000000       0x20 build/default/production/MCAL_Layer/GPIO/hal_gpio.o
 .text.GPIO_Port_Get_Direction_Status
                0x0000000000000000       0x2e build/default/production/MCAL_Layer/GPIO/hal_gpio.o
 .text.GPIO_Port_Write_Logic
                0x0000000000000000       0x20 build/default/production/MCAL_Layer/GPIO/hal_gpio.o
 .text.GPIO_Port_Read_Logic
                0x0000000000000000       0x2e build/default/production/MCAL_Layer/GPIO/hal_gpio.o
 .text.GPIO_Port_Toggle_Logic
                0x0000000000000000       0x24 build/default/production/MCAL_Layer/GPIO/hal_gpio.o
 .text.GPIO_Port_INIT
                0x0000000000000000       0x30 build/default/production/MCAL_Layer/GPIO/hal_gpio.o
 .text          0x0000000000000000        0x0 build/default/production/MCAL_Layer/device_cfg.o
 .data          0x0000000000000000        0x0 build/default/production/MCAL_Layer/device_cfg.o
 .bss           0x0000000000000000        0x0 build/default/production/MCAL_Layer/device_cfg.o
 .debug_line    0x0000000000000000        0x0 build/default/production/MCAL_Layer/device_cfg.o
 .debug_str     0x0000000000000000        0x0 build/default/production/MCAL_Layer/device_cfg.o
 .comment       0x0000000000000000       0x30 build/default/production/MCAL_Layer/device_cfg.o
 .text          0x0000000000000000        0x0 build/default/production/Codes/ECUAL/7SEG/app1.o
 .data          0x0000000000000000        0x0 build/default/production/Codes/ECUAL/7SEG/app1.o
 .bss           0x0000000000000000        0x0 build/default/production/Codes/ECUAL/7SEG/app1.o
 .debug_line    0x0000000000000000        0x0 build/default/production/Codes/ECUAL/7SEG/app1.o
 .debug_str     0x0000000000000000        0x0 build/default/production/Codes/ECUAL/7SEG/app1.o
 .comment       0x0000000000000000       0x30 build/default/production/Codes/ECUAL/7SEG/app1.o
 .text          0x0000000000000000        0x0 build/default/production/ECUAL_Layer/ECUAL_INIT.o
 .data          0x0000000000000000        0x0 build/default/production/ECUAL_Layer/ECUAL_INIT.o
 .bss           0x0000000000000000        0x0 build/default/production/ECUAL_Layer/ECUAL_INIT.o
 .text          0x0000000000000000        0x0 build/default/production/ECUAL_Layer/Keypad/ecual_keypad.o
 .data          0x0000000000000000        0x0 build/default/production/ECUAL_Layer/Keypad/ecual_keypad.o
 .bss           0x0000000000000000        0x0 build/default/production/ECUAL_Layer/Keypad/ecual_keypad.o
 .text          0x0000000000000000        0x0 /Applications/microchip/xc8/v3.00/avr/bin/../lib/gcc/avr/5.4.0/avr5/libgcc.a(_copy_data.o)
 .data          0x0000000000000000        0x0 /Applications/microchip/xc8/v3.00/avr/bin/../lib/gcc/avr/5.4.0/avr5/libgcc.a(_copy_data.o)
 .bss           0x0000000000000000        0x0 /Applications/microchip/xc8/v3.00/avr/bin/../lib/gcc/avr/5.4.0/avr5/libgcc.a(_copy_data.o)
 .text.libgcc.mul
                0x0000000000000000        0x0 /Applications/microchip/xc8/v3.00/avr/bin/../lib/gcc/avr/5.4.0/avr5/libgcc.a(_copy_data.o)
 .text.libgcc.div
                0x0000000000000000        0x0 /Applications/microchip/xc8/v3.00/avr/bin/../lib/gcc/avr/5.4.0/avr5/libgcc.a(_copy_data.o)
 .text.libgcc   0x0000000000000000        0x0 /Applications/microchip/xc8/v3.00/avr/bin/../lib/gcc/avr/5.4.0/avr5/libgcc.a(_copy_data.o)
 .text.libgcc.prologue
                0x0000000000000000        0x0 /Applications/microchip/xc8/v3.00/avr/bin/../lib/gcc/avr/5.4.0/avr5/libgcc.a(_copy_data.o)
 .text.libgcc.builtins
                0x0000000000000000        0x0 /Applications/microchip/xc8/v3.00/avr/bin/../lib/gcc/avr/5.4.0/avr5/libgcc.a(_copy_data.o)
 .text.libgcc.fmul
                0x0000000000000000        0x0 /Applications/microchip/xc8/v3.00/avr/bin/../lib/gcc/avr/5.4.0/avr5/libgcc.a(_copy_data.o)
 .text.libgcc.fixed
                0x0000000000000000        0x0 /Applications/microchip/xc8/v3.00/avr/bin/../lib/gcc/avr/5.4.0/avr5/libgcc.a(_copy_data.o)
 .text          0x0000000000000000        0x0 /Applications/microchip/xc8/v3.00/avr/bin/../lib/gcc/avr/5.4.0/../../../../avr/lib/avr5/libc.a(exit.o)
 .data          0x0000000000000000        0x0 /Applications/microchip/xc8/v3.00/avr/bin/../lib/gcc/avr/5.4.0/../../../../avr/lib/avr5/libc.a(exit.o)
 .bss           0x0000000000000000        0x0 /Applications/microchip/xc8/v3.00/avr/bin/../lib/gcc/avr/5.4.0/../../../../avr/lib/avr5/libc.a(exit.o)
 .stack.descriptors
                0x0000000000000000       0x73 /Applications/microchip/xc8/v3.00/avr/bin/../lib/gcc/avr/5.4.0/../../../../avr/lib/avr5/libc.a(exit.o)
 .text          0x0000000000000000        0x0 /Applications/microchip/xc8/v3.00/avr/bin/../lib/gcc/avr/5.4.0/../../../../avr/lib/avr5/libc.a(_Exit.o)
 .data          0x0000000000000000        0x0 /Applications/microchip/xc8/v3.00/avr/bin/../lib/gcc/avr/5.4.0/../../../../avr/lib/avr5/libc.a(_Exit.o)
 .bss           0x0000000000000000        0x0 /Applications/microchip/xc8/v3.00/avr/bin/../lib/gcc/avr/5.4.0/../../../../avr/lib/avr5/libc.a(_Exit.o)
 .stack.descriptors
                0x0000000000000000       0x13 /Applications/microchip/xc8/v3.00/avr/bin/../lib/gcc/avr/5.4.0/../../../../avr/lib/avr5/libc.a(_Exit.o)
 .text          0x0000000000000000        0x0 /Applications/microchip/xc8/v3.00/avr/bin/../lib/gcc/avr/5.4.0/avr5/libgcc.a(_exit.o)
 .data          0x0000000000000000        0x0 /Applications/microchip/xc8/v3.00/avr/bin/../lib/gcc/avr/5.4.0/avr5/libgcc.a(_exit.o)
 .bss           0x0000000000000000        0x0 /Applications/microchip/xc8/v3.00/avr/bin/../lib/gcc/avr/5.4.0/avr5/libgcc.a(_exit.o)
 .text.libgcc.mul
                0x0000000000000000        0x0 /Applications/microchip/xc8/v3.00/avr/bin/../lib/gcc/avr/5.4.0/avr5/libgcc.a(_exit.o)
 .text.libgcc.div
                0x0000000000000000        0x0 /Applications/microchip/xc8/v3.00/avr/bin/../lib/gcc/avr/5.4.0/avr5/libgcc.a(_exit.o)
 .text.libgcc   0x0000000000000000        0x0 /Applications/microchip/xc8/v3.00/avr/bin/../lib/gcc/avr/5.4.0/avr5/libgcc.a(_exit.o)
 .text.libgcc.prologue
                0x0000000000000000        0x0 /Applications/microchip/xc8/v3.00/avr/bin/../lib/gcc/avr/5.4.0/avr5/libgcc.a(_exit.o)
 .stack.descriptors
                0x0000000000000000       0x13 /Applications/microchip/xc8/v3.00/avr/bin/../lib/gcc/avr/5.4.0/avr5/libgcc.a(_exit.o)
 .text.libgcc.builtins
                0x0000000000000000        0x0 /Applications/microchip/xc8/v3.00/avr/bin/../lib/gcc/avr/5.4.0/avr5/libgcc.a(_exit.o)
 .text.libgcc.fmul
                0x0000000000000000        0x0 /Applications/microchip/xc8/v3.00/avr/bin/../lib/gcc/avr/5.4.0/avr5/libgcc.a(_exit.o)
 .text.libgcc.fixed
                0x0000000000000000        0x0 /Applications/microchip/xc8/v3.00/avr/bin/../lib/gcc/avr/5.4.0/avr5/libgcc.a(_exit.o)

Memory Configuration

Name             Origin             Length             Attributes
text             0x0000000000000000 0x0000000000008000 xr
data             0x0000000000800060 0x0000000000000800 rw !x
eeprom           0x0000000000810000 0x0000000000000400 rw !x
fuse             0x0000000000820000 0x0000000000000002 rw !x
lock             0x0000000000830000 0x0000000000000400 rw !x
signature        0x0000000000840000 0x0000000000000400 rw !x
user_signatures  0x0000000000850000 0x0000000000000400 rw !x
bootrow          0x0000000000860000 0x0000000000000400 rw !x
*default*        0x0000000000000000 0xffffffffffffffff

Linker script and memory map

LOAD /Applications/microchip/mplabx/v6.25/packs/Microchip/ATmega_DFP/3.3.279/xc8/avr/lib/avr5/crtatmega32.o
                0x0000000000000001                __MPLAB_BUILD = 0x1
LOAD build/default/production/Codes/ECUAL/BTN/app1.o
LOAD build/default/production/Codes/ECUAL/DC_Motor/app1.o
LOAD build/default/production/Codes/ECUAL/LED/app1.o
LOAD build/default/production/Codes/ECUAL/Relay/app1.o
LOAD build/default/production/Codes/MCAL/GPIO/app1.o
LOAD build/default/production/APP_Layer/main.o
LOAD build/default/production/ECUAL_Layer/7SEG/ecual_7seg.o
LOAD build/default/production/ECUAL_Layer/BTN/ecual_btn.o
LOAD build/default/production/ECUAL_Layer/DC_Motor/ecual_dc_motor.o
LOAD build/default/production/ECUAL_Layer/LED/ecual_led.o
LOAD build/default/production/ECUAL_Layer/Relay/ecual_relay.o
LOAD build/default/production/MCAL_Layer/GPIO/hal_gpio.o
LOAD build/default/production/MCAL_Layer/device_cfg.o
LOAD build/default/production/Codes/ECUAL/7SEG/app1.o
LOAD build/default/production/ECUAL_Layer/ECUAL_INIT.o
LOAD build/default/production/ECUAL_Layer/Keypad/ecual_keypad.o
START GROUP
LOAD /Applications/microchip/xc8/v3.00/avr/bin/../lib/gcc/avr/5.4.0/../../../../avr/lib/avr5/libm.a
END GROUP
START GROUP
LOAD /Applications/microchip/xc8/v3.00/avr/bin/../lib/gcc/avr/5.4.0/avr5/libgcc.a
LOAD /Applications/microchip/xc8/v3.00/avr/bin/../lib/gcc/avr/5.4.0/../../../../avr/lib/avr5/libm.a
LOAD /Applications/microchip/xc8/v3.00/avr/bin/../lib/gcc/avr/5.4.0/../../../../avr/lib/avr5/libc.a
LOAD /Applications/microchip/mplabx/v6.25/packs/Microchip/ATmega_DFP/3.3.279/xc8/avr/lib/avr5/libatmega32.a
END GROUP
                0x0000000000000000                __TEXT_REGION_ORIGIN__ = DEFINED (__TEXT_REGION_ORIGIN__)?__TEXT_REGION_ORIGIN__:0x0
                [0x0000000000800060]                __DATA_REGION_ORIGIN__ = DEFINED (__DATA_REGION_ORIGIN__)?__DATA_REGION_ORIGIN__:0x800060
                [0x0000000000008000]                __TEXT_REGION_LENGTH__ = DEFINED (__TEXT_REGION_LENGTH__)?__TEXT_REGION_LENGTH__:0x20000
                [0x0000000000000800]                __DATA_REGION_LENGTH__ = DEFINED (__DATA_REGION_LENGTH__)?__DATA_REGION_LENGTH__:0xffa0
                [0x0000000000000400]                __EEPROM_REGION_LENGTH__ = DEFINED (__EEPROM_REGION_LENGTH__)?__EEPROM_REGION_LENGTH__:0x10000
                [0x0000000000000002]                __FUSE_REGION_LENGTH__ = DEFINED (__FUSE_REGION_LENGTH__)?__FUSE_REGION_LENGTH__:0x400
                0x0000000000000400                __LOCK_REGION_LENGTH__ = DEFINED (__LOCK_REGION_LENGTH__)?__LOCK_REGION_LENGTH__:0x400
                0x0000000000000400                __SIGNATURE_REGION_LENGTH__ = DEFINED (__SIGNATURE_REGION_LENGTH__)?__SIGNATURE_REGION_LENGTH__:0x400
                0x0000000000000400                __USER_SIGNATURE_REGION_LENGTH__ = DEFINED (__USER_SIGNATURE_REGION_LENGTH__)?__USER_SIGNATURE_REGION_LENGTH__:0x400
                0x0000000000000400                __BOOTROW_REGION_LENGTH__ = DEFINED (__BOOTROW_REGION_LENGTH__)?__BOOTROW_REGION_LENGTH__:0x400

.hash
 *(.hash)

.dynsym
 *(.dynsym)

.dynstr
 *(.dynstr)

.gnu.version
 *(.gnu.version)

.gnu.version_d
 *(.gnu.version_d)

.gnu.version_r
 *(.gnu.version_r)

.rel.init
 *(.rel.init)

.rela.init
 *(.rela.init)

.rel.text
 *(.rel.text)
 *(.rel.text.*)
 *(.rel.gnu.linkonce.t*)

.rela.text
 *(.rela.text)
 *(.rela.text.*)
 *(.rela.gnu.linkonce.t*)

.rel.fini
 *(.rel.fini)

.rela.fini
 *(.rela.fini)

.rel.rodata
 *(.rel.rodata)
 *(.rel.rodata.*)
 *(.rel.gnu.linkonce.r*)

.rela.rodata
 *(.rela.rodata)
 *(.rela.rodata.*)
 *(.rela.gnu.linkonce.r*)

.rel.data
 *(.rel.data)
 *(.rel.data.*)
 *(.rel.gnu.linkonce.d*)

.rela.data
 *(.rela.data)
 *(.rela.data.*)
 *(.rela.gnu.linkonce.d*)

.rel.ctors
 *(.rel.ctors)

.rela.ctors
 *(.rela.ctors)

.rel.dtors
 *(.rel.dtors)

.rela.dtors
 *(.rela.dtors)

.rel.got
 *(.rel.got)

.rela.got
 *(.rela.got)

.rel.bss
 *(.rel.bss)

.rela.bss
 *(.rela.bss)

.rel.plt
 *(.rel.plt)

.rela.plt
 *(.rela.plt)

.text           0x0000000000000000       0xb4
 *(.vectors)
 .vectors       0x0000000000000000       0x54 /Applications/microchip/mplabx/v6.25/packs/Microchip/ATmega_DFP/3.3.279/xc8/avr/lib/avr5/crtatmega32.o
                0x0000000000000000                __vectors
                0x0000000000000000                __vector_default
 *(.vectors)
 *(.progmem.gcc*)
 *(.dinit)
 .dinit         0x0000000000000054        0xc data_init
                0x0000000000000060                . = ALIGN (0x2)
 *fill*         0x0000000000000060        0x0 
                0x0000000000000060                __trampolines_start = .
 *(.trampolines)
 .trampolines   0x0000000000000060        0x0 linker stubs
 *(.trampolines*)
                0x0000000000000060                __trampolines_end = .
 *libprintf_flt.a:*(.progmem.data)
 *libc.a:*(.progmem.data)
                0x0000000000000060                . = ALIGN (0x2)
 *(.jumptables)
 *(.jumptables*)
 *(.lowtext)
 *(.lowtext*)
                0x0000000000000060                __ctors_start = .
 *(.ctors)
                0x0000000000000060                __ctors_end = .
                0x0000000000000060                __dtors_start = .
 *(.dtors)
                0x0000000000000060                __dtors_end = .
 SORT(*)(.ctors)
 SORT(*)(.dtors)
 *(.init0)
 .init0         0x0000000000000060        0x0 /Applications/microchip/mplabx/v6.25/packs/Microchip/ATmega_DFP/3.3.279/xc8/avr/lib/avr5/crtatmega32.o
                0x0000000000000060                __init
 *(.init0)
 *(.init1)
 *(.init1)
 *(.init2)
 .init2         0x0000000000000060        0xc /Applications/microchip/mplabx/v6.25/packs/Microchip/ATmega_DFP/3.3.279/xc8/avr/lib/avr5/crtatmega32.o
 *(.init2)
 *(.init3)
 *(.init3)
 *(.init4)
 .init4         0x000000000000006c       0x3c /Applications/microchip/xc8/v3.00/avr/bin/../lib/gcc/avr/5.4.0/avr5/libgcc.a(_copy_data.o)
                0x000000000000006c                __do_copy_data
                0x000000000000009a                __do_clear_bss
 *(.init4)
 *(.init5)
 *(.init5)
 *(.init6)
 *(.init6)
 *(.init7)
 *(.init7)
 *(.init8)
 *(.init8)
 *(.init9)
 .init9         0x00000000000000a8        0x8 /Applications/microchip/mplabx/v6.25/packs/Microchip/ATmega_DFP/3.3.279/xc8/avr/lib/avr5/crtatmega32.o
 *(.init9)
                0x00000000000000b0                . = ALIGN (0x2)
 *(.fini9)
 .fini9         0x00000000000000b0        0x0 /Applications/microchip/xc8/v3.00/avr/bin/../lib/gcc/avr/5.4.0/avr5/libgcc.a(_exit.o)
                0x00000000000000b0                _exit
 *(.fini9)
 *(.fini8)
 *(.fini8)
 *(.fini7)
 *(.fini7)
 *(.fini6)
 *(.fini6)
 *(.fini5)
 *(.fini5)
 *(.fini4)
 *(.fini4)
 *(.fini3)
 *(.fini3)
 *(.fini2)
 *(.fini2)
 *(.fini1)
 *(.fini1)
 *(.fini0)
 .fini0         0x00000000000000b0        0x4 /Applications/microchip/xc8/v3.00/avr/bin/../lib/gcc/avr/5.4.0/avr5/libgcc.a(_exit.o)
 *(.fini0)
                0x00000000000000b4                _etext = .

.data           0x0000000000800060        0x0 load address 0x00000000000000b4
                [!provide]                        PROVIDE (__data_start, .)
 *(.gnu.linkonce.d*)
 *(.gnu.linkonce.r*)
                0x0000000000800060                . = ALIGN (0x2)
 *fill*         0x0000000000800060        0x0 
                0x0000000000800060                _edata = .
                [!provide]                        PROVIDE (__data_end, .)

.bss            0x0000000000800060        0x0
                [!provide]                        PROVIDE (__bss_start, .)
 *(COMMON)
                [!provide]                        PROVIDE (__bss_end, .)
                0x00000000000000b4                __data_load_start = LOADADDR (.data)
                0x00000000000000b4                __data_load_end = (__data_load_start + SIZEOF (.data))

.noinit         0x0000000000800060        0x0
                [!provide]                        PROVIDE (__noinit_start, .)
 *(.noinit*)
                [!provide]                        PROVIDE (__noinit_end, .)
                0x0000000000800060                _end = .

.eeprom         0x0000000000810000        0x0
 *(.eeprom*)
                0x0000000000810000                __eeprom_end = .

.fuse
 *(.fuse)
 *(.lfuse)
 *(.hfuse)
 *(.efuse)

.lock
 *(.lock*)

.signature
 *(.signature*)

.user_signatures
 *(.user_signatures*)

.bootrow
 *(.bootrow*)

.stab
 *(.stab)

.stabstr
 *(.stabstr)

.stab.excl
 *(.stab.excl)

.stab.exclstr
 *(.stab.exclstr)

.stab.index
 *(.stab.index)

.stab.indexstr
 *(.stab.indexstr)

.comment        0x0000000000000000       0x5b
 *(.comment)
 .comment       0x0000000000000000       0x2f build/default/production/APP_Layer/main.o
                                         0x30 (size before relaxing)
 .comment       0x000000000000002f       0x30 build/default/production/ECUAL_Layer/LED/ecual_led.o
 .comment       0x000000000000002f       0x30 build/default/production/MCAL_Layer/GPIO/hal_gpio.o
 .comment       0x000000000000002f       0x30 build/default/production/ECUAL_Layer/ECUAL_INIT.o
 .comment       0x000000000000002f       0x30 build/default/production/ECUAL_Layer/Keypad/ecual_keypad.o
 .comment       0x000000000000002f       0x2c /Applications/microchip/xc8/v3.00/avr/bin/../lib/gcc/avr/5.4.0/../../../../avr/lib/avr5/libc.a(exit.o)
                                         0x2d (size before relaxing)
 .comment       0x000000000000005b       0x2d /Applications/microchip/xc8/v3.00/avr/bin/../lib/gcc/avr/5.4.0/../../../../avr/lib/avr5/libc.a(_Exit.o)

.stack.descriptors.hdr
                0x0000000000000000       0x2a
 .stack.descriptors.hdr
                0x0000000000000000        0xe /Applications/microchip/xc8/v3.00/avr/bin/../lib/gcc/avr/5.4.0/../../../../avr/lib/avr5/libc.a(exit.o)
 .stack.descriptors.hdr
                0x000000000000000e        0xe /Applications/microchip/xc8/v3.00/avr/bin/../lib/gcc/avr/5.4.0/../../../../avr/lib/avr5/libc.a(_Exit.o)
 .stack.descriptors.hdr
                0x000000000000001c        0xe /Applications/microchip/xc8/v3.00/avr/bin/../lib/gcc/avr/5.4.0/avr5/libgcc.a(_exit.o)

.note.GNU-stack
                0x0000000000000000        0x0
 .note.GNU-stack
                0x0000000000000000        0x0 /Applications/microchip/xc8/v3.00/avr/bin/../lib/gcc/avr/5.4.0/../../../../avr/lib/avr5/libc.a(exit.o)
 .note.GNU-stack
                0x0000000000000000        0x0 /Applications/microchip/xc8/v3.00/avr/bin/../lib/gcc/avr/5.4.0/../../../../avr/lib/avr5/libc.a(_Exit.o)

.note.gnu.build-id
 *(.note.gnu.build-id)

.debug
 *(.debug)

.line
 *(.line)

.debug_srcinfo
 *(.debug_srcinfo)

.debug_sfnames
 *(.debug_sfnames)

.debug_aranges  0x0000000000000000      0x128
 *(.debug_aranges)
 .debug_aranges
                0x0000000000000000       0x28 build/default/production/APP_Layer/main.o
 .debug_aranges
                0x0000000000000028       0x40 build/default/production/ECUAL_Layer/LED/ecual_led.o
 .debug_aranges
                0x0000000000000068       0x78 build/default/production/MCAL_Layer/GPIO/hal_gpio.o
 .debug_aranges
                0x00000000000000e0       0x20 build/default/production/ECUAL_Layer/ECUAL_INIT.o
 .debug_aranges
                0x0000000000000100       0x28 build/default/production/ECUAL_Layer/Keypad/ecual_keypad.o

.debug_pubnames
 *(.debug_pubnames)

.debug_info     0x0000000000000000     0x286c
 *(.debug_info .gnu.linkonce.wi.*)
 .debug_info    0x0000000000000000      0x4e6 /Applications/microchip/mplabx/v6.25/packs/Microchip/ATmega_DFP/3.3.279/xc8/avr/lib/avr5/crtatmega32.o
 .debug_info    0x00000000000004e6      0x576 build/default/production/APP_Layer/main.o
 .debug_info    0x0000000000000a5c      0x718 build/default/production/ECUAL_Layer/LED/ecual_led.o
 .debug_info    0x0000000000001174      0x98d build/default/production/MCAL_Layer/GPIO/hal_gpio.o
 .debug_info    0x0000000000001b01      0x601 build/default/production/ECUAL_Layer/ECUAL_INIT.o
 .debug_info    0x0000000000002102      0x76a build/default/production/ECUAL_Layer/Keypad/ecual_keypad.o

.debug_abbrev   0x0000000000000000      0xb6c
 *(.debug_abbrev)
 .debug_abbrev  0x0000000000000000      0x4a3 /Applications/microchip/mplabx/v6.25/packs/Microchip/ATmega_DFP/3.3.279/xc8/avr/lib/avr5/crtatmega32.o
 .debug_abbrev  0x00000000000004a3      0x143 build/default/production/APP_Layer/main.o
 .debug_abbrev  0x00000000000005e6      0x116 build/default/production/ECUAL_Layer/LED/ecual_led.o
 .debug_abbrev  0x00000000000006fc      0x1ce build/default/production/MCAL_Layer/GPIO/hal_gpio.o
 .debug_abbrev  0x00000000000008ca       0xf9 build/default/production/ECUAL_Layer/ECUAL_INIT.o
 .debug_abbrev  0x00000000000009c3      0x1a9 build/default/production/ECUAL_Layer/Keypad/ecual_keypad.o

.debug_line     0x0000000000000000      0xbf3
 *(.debug_line .debug_line.* .debug_line_end)
 .debug_line    0x0000000000000000      0x116 /Applications/microchip/mplabx/v6.25/packs/Microchip/ATmega_DFP/3.3.279/xc8/avr/lib/avr5/crtatmega32.o
 .debug_line    0x0000000000000116      0x19e build/default/production/APP_Layer/main.o
 .debug_line    0x00000000000002b4      0x255 build/default/production/ECUAL_Layer/LED/ecual_led.o
 .debug_line    0x0000000000000509      0x3cf build/default/production/MCAL_Layer/GPIO/hal_gpio.o
 .debug_line    0x00000000000008d8      0x10c build/default/production/ECUAL_Layer/ECUAL_INIT.o
 .debug_line    0x00000000000009e4      0x20f build/default/production/ECUAL_Layer/Keypad/ecual_keypad.o

.debug_frame    0x0000000000000000      0x27c
 *(.debug_frame)
 .debug_frame   0x0000000000000000       0x34 build/default/production/APP_Layer/main.o
 .debug_frame   0x0000000000000034       0x98 build/default/production/ECUAL_Layer/LED/ecual_led.o
 .debug_frame   0x00000000000000cc       0xec build/default/production/MCAL_Layer/GPIO/hal_gpio.o
 .debug_frame   0x00000000000001b8       0x24 build/default/production/ECUAL_Layer/ECUAL_INIT.o
 .debug_frame   0x00000000000001dc       0xa0 build/default/production/ECUAL_Layer/Keypad/ecual_keypad.o

.debug_str      0x0000000000000000      0x2c8
 *(.debug_str)
 .debug_str     0x0000000000000000      0x196 /Applications/microchip/mplabx/v6.25/packs/Microchip/ATmega_DFP/3.3.279/xc8/avr/lib/avr5/crtatmega32.o
 .debug_str     0x0000000000000196       0x44 build/default/production/APP_Layer/main.o
 .debug_str     0x00000000000001da       0x64 build/default/production/ECUAL_Layer/LED/ecual_led.o
 .debug_str     0x000000000000023e       0x1c build/default/production/MCAL_Layer/GPIO/hal_gpio.o
 .debug_str     0x000000000000025a       0x1f build/default/production/ECUAL_Layer/ECUAL_INIT.o
 .debug_str     0x0000000000000279       0x4f build/default/production/ECUAL_Layer/Keypad/ecual_keypad.o

.debug_loc      0x0000000000000000      0xd55
 *(.debug_loc)
 .debug_loc     0x0000000000000000       0x14 build/default/production/APP_Layer/main.o
 .debug_loc     0x0000000000000014      0x3e9 build/default/production/ECUAL_Layer/LED/ecual_led.o
 .debug_loc     0x00000000000003fd      0x65e build/default/production/MCAL_Layer/GPIO/hal_gpio.o
 .debug_loc     0x0000000000000a5b       0x14 build/default/production/ECUAL_Layer/ECUAL_INIT.o
 .debug_loc     0x0000000000000a6f      0x2e6 build/default/production/ECUAL_Layer/Keypad/ecual_keypad.o

.debug_macinfo
 *(.debug_macinfo)

.debug_weaknames
 *(.debug_weaknames)

.debug_funcnames
 *(.debug_funcnames)

.debug_typenames
 *(.debug_typenames)

.debug_varnames
 *(.debug_varnames)

.debug_pubtypes
 *(.debug_pubtypes)

.debug_ranges   0x0000000000000000      0x108
 *(.debug_ranges)
 .debug_ranges  0x0000000000000000       0x18 build/default/production/APP_Layer/main.o
 .debug_ranges  0x0000000000000018       0x60 build/default/production/ECUAL_Layer/LED/ecual_led.o
 .debug_ranges  0x0000000000000078       0x68 build/default/production/MCAL_Layer/GPIO/hal_gpio.o
 .debug_ranges  0x00000000000000e0       0x10 build/default/production/ECUAL_Layer/ECUAL_INIT.o
 .debug_ranges  0x00000000000000f0       0x18 build/default/production/ECUAL_Layer/Keypad/ecual_keypad.o

.debug_macro
 *(.debug_macro)
OUTPUT(dist/default/production/MCU_ATMEGA32_Drivers.X.production.elf elf32-avr)
LOAD linker stubs
LOAD data_init

.note.gnu.avr.deviceinfo
                0x0000000000000000       0x3c
 .note.gnu.avr.deviceinfo
                0x0000000000000000       0x3c /Applications/microchip/mplabx/v6.25/packs/Microchip/ATmega_DFP/3.3.279/xc8/avr/lib/avr5/crtatmega32.o

.bss.data       0x0000000000800093        0x1
 .bss.data      0x0000000000800093        0x1 build/default/production/APP_Layer/main.o
                0x0000000000800093                data

.text.GPIO_Keypad_Read_Data
                0x00000000000000b4       0xf0
 .text.GPIO_Keypad_Read_Data
                0x00000000000000b4       0xf0 build/default/production/ECUAL_Layer/Keypad/ecual_keypad.o
                0x00000000000000b4                GPIO_Keypad_Read_Data

.text.GPIO_Pin_Direction_INIT
                0x00000000000001a4       0x8e
 .text.GPIO_Pin_Direction_INIT
                0x00000000000001a4       0x8e build/default/production/MCAL_Layer/GPIO/hal_gpio.o
                0x00000000000001a4                GPIO_Pin_Direction_INIT

.text.GPIO_Pin_Write_Logic
                0x0000000000000232       0x84
 .text.GPIO_Pin_Write_Logic
                0x0000000000000232       0x84 build/default/production/MCAL_Layer/GPIO/hal_gpio.o
                0x0000000000000232                GPIO_Pin_Write_Logic

.text.GPIO_Led_INIT
                0x00000000000002b6       0x56
 .text.GPIO_Led_INIT
                0x00000000000002b6       0x56 build/default/production/ECUAL_Layer/LED/ecual_led.o
                0x00000000000002b6                GPIO_Led_INIT

.text.GPIO_Keypad_INIT
                0x000000000000030c       0x4e
 .text.GPIO_Keypad_INIT
                0x000000000000030c       0x4e build/default/production/ECUAL_Layer/Keypad/ecual_keypad.o
                0x000000000000030c                GPIO_Keypad_INIT

.text.GPIO_Pin_Read_Logic
                0x000000000000035a       0x4a
 .text.GPIO_Pin_Read_Logic
                0x000000000000035a       0x4a build/default/production/MCAL_Layer/GPIO/hal_gpio.o
                0x000000000000035a                GPIO_Pin_Read_Logic

.text.main      0x00000000000003a4       0x3a
 .text.main     0x00000000000003a4       0x3a build/default/production/APP_Layer/main.o
                0x00000000000003a4                main

.text.GPIO_Led_Turn_Off
                0x00000000000003de       0x2a
 .text.GPIO_Led_Turn_Off
                0x00000000000003de       0x2a build/default/production/ECUAL_Layer/LED/ecual_led.o
                0x00000000000003de                GPIO_Led_Turn_Off

.text.GPIO_Led_Turn_On
                0x0000000000000408       0x2a
 .text.GPIO_Led_Turn_On
                0x0000000000000408       0x2a build/default/production/ECUAL_Layer/LED/ecual_led.o
                0x0000000000000408                GPIO_Led_Turn_On

.text.GPIO_Pin_INIT
                0x0000000000000432       0x26
 .text.GPIO_Pin_INIT
                0x0000000000000432       0x26 build/default/production/MCAL_Layer/GPIO/hal_gpio.o
                0x0000000000000432                GPIO_Pin_INIT

.text.exit      0x0000000000000458       0x16
 .text.exit     0x0000000000000458       0x16 /Applications/microchip/xc8/v3.00/avr/bin/../lib/gcc/avr/5.4.0/../../../../avr/lib/avr5/libc.a(exit.o)
                0x0000000000000458                exit

.text.Ecual_Init
                0x000000000000046e       0x12
 .text.Ecual_Init
                0x000000000000046e       0x12 build/default/production/ECUAL_Layer/ECUAL_INIT.o
                0x000000000000046e                Ecual_Init

.text           0x0000000000000480        0x4
 .text          0x0000000000000480        0x4 /Applications/microchip/mplabx/v6.25/packs/Microchip/ATmega_DFP/3.3.279/xc8/avr/lib/avr5/crtatmega32.o
                0x0000000000000480                __vector_20
                0x0000000000000480                __vector_12
                0x0000000000000480                __bad_interrupt
                0x0000000000000480                __vector_6
                0x0000000000000480                __vector_3
                0x0000000000000480                __vector_11
                0x0000000000000480                __vector_13
                0x0000000000000480                __vector_17
                0x0000000000000480                __vector_19
                0x0000000000000480                __vector_7
                0x0000000000000480                __vector_5
                0x0000000000000480                __vector_4
                0x0000000000000480                __vector_9
                0x0000000000000480                __vector_2
                0x0000000000000480                __vector_15
                0x0000000000000480                __vector_8
                0x0000000000000480                __vector_14
                0x0000000000000480                __vector_10
                0x0000000000000480                __vector_16
                0x0000000000000480                __vector_18
                0x0000000000000480                __vector_1

.text._Exit     0x0000000000000484        0x4
 .text._Exit    0x0000000000000484        0x4 /Applications/microchip/xc8/v3.00/avr/bin/../lib/gcc/avr/5.4.0/../../../../avr/lib/avr5/libc.a(_Exit.o)
                0x0000000000000484                _Exit

.text.__dummy_fini
                0x0000000000000488        0x2
 .text.__dummy_fini
                0x0000000000000488        0x2 /Applications/microchip/xc8/v3.00/avr/bin/../lib/gcc/avr/5.4.0/../../../../avr/lib/avr5/libc.a(exit.o)
                0x0000000000000488                _fini

.text.__dummy_funcs_on_exit
                0x000000000000048a        0x2
 .text.__dummy_funcs_on_exit
                0x000000000000048a        0x2 /Applications/microchip/xc8/v3.00/avr/bin/../lib/gcc/avr/5.4.0/../../../../avr/lib/avr5/libc.a(exit.o)
                0x000000000000048a                __funcs_on_exit

.text.__dummy_simulator_exit
                0x000000000000048c        0x2
 .text.__dummy_simulator_exit
                0x000000000000048c        0x2 /Applications/microchip/xc8/v3.00/avr/bin/../lib/gcc/avr/5.4.0/../../../../avr/lib/avr5/libc.a(exit.o)
                0x000000000000048c                __simulator_exit

.rodata.Keypad_Btns
                0x0000000000800060       0x10 load address 0x000000000000048e
 .rodata.Keypad_Btns
                0x0000000000800060       0x10 build/default/production/ECUAL_Layer/Keypad/ecual_keypad.o
                0x0000000000800060                Keypad_Btns

.data.PORT_REGs
                0x0000000000800070        0x8 load address 0x000000000000049e
 .data.PORT_REGs
                0x0000000000800070        0x8 build/default/production/MCAL_Layer/GPIO/hal_gpio.o
                0x0000000000800070                PORT_REGs

.data.PIN_REGs  0x0000000000800078        0x8 load address 0x00000000000004a6
 .data.PIN_REGs
                0x0000000000800078        0x8 build/default/production/MCAL_Layer/GPIO/hal_gpio.o
                0x0000000000800078                PIN_REGs

.data.DDR_REGs  0x0000000000800080        0x8 load address 0x00000000000004ae
 .data.DDR_REGs
                0x0000000000800080        0x8 build/default/production/MCAL_Layer/GPIO/hal_gpio.o
                0x0000000000800080                DDR_REGs

.data.keypad1   0x0000000000800088        0x8 load address 0x00000000000004b6
 .data.keypad1  0x0000000000800088        0x8 build/default/production/ECUAL_Layer/ECUAL_INIT.o
                0x0000000000800088                keypad1

.data.led1      0x0000000000800090        0x3 load address 0x00000000000004be
 .data.led1     0x0000000000800090        0x3 build/default/production/ECUAL_Layer/ECUAL_INIT.o
                0x0000000000800090                led1
