Archive member included to satisfy reference by file (symbol)

/Applications/microchip/xc8/v3.00/avr/bin/../lib/gcc/avr/5.4.0/../../../../avr/lib/avr5/libm.a(addsf3.o)
                              build/default/production/MCAL_Layer/USART/hal_usart.o (__subsf3)
/Applications/microchip/xc8/v3.00/avr/bin/../lib/gcc/avr/5.4.0/../../../../avr/lib/avr5/libm.a(addsf3x.o)
                              /Applications/microchip/xc8/v3.00/avr/bin/../lib/gcc/avr/5.4.0/../../../../avr/lib/avr5/libm.a(addsf3.o) (__addsf3x)
/Applications/microchip/xc8/v3.00/avr/bin/../lib/gcc/avr/5.4.0/../../../../avr/lib/avr5/libm.a(divsf3.o)
                              build/default/production/MCAL_Layer/USART/hal_usart.o (__divsf3)
/Applications/microchip/xc8/v3.00/avr/bin/../lib/gcc/avr/5.4.0/../../../../avr/lib/avr5/libm.a(divsf3x.o)
                              /Applications/microchip/xc8/v3.00/avr/bin/../lib/gcc/avr/5.4.0/../../../../avr/lib/avr5/libm.a(divsf3.o) (__divsf3x)
/Applications/microchip/xc8/v3.00/avr/bin/../lib/gcc/avr/5.4.0/../../../../avr/lib/avr5/libm.a(fixunssfsi.o)
                              build/default/production/MCAL_Layer/USART/hal_usart.o (__fixunssfsi)
/Applications/microchip/xc8/v3.00/avr/bin/../lib/gcc/avr/5.4.0/../../../../avr/lib/avr5/libm.a(floatsisf.o)
                              build/default/production/MCAL_Layer/USART/hal_usart.o (__floatunsisf)
/Applications/microchip/xc8/v3.00/avr/bin/../lib/gcc/avr/5.4.0/../../../../avr/lib/avr5/libm.a(fp_inf.o)
                              /Applications/microchip/xc8/v3.00/avr/bin/../lib/gcc/avr/5.4.0/../../../../avr/lib/avr5/libm.a(addsf3x.o) (__fp_inf)
/Applications/microchip/xc8/v3.00/avr/bin/../lib/gcc/avr/5.4.0/../../../../avr/lib/avr5/libm.a(fp_nan.o)
                              /Applications/microchip/xc8/v3.00/avr/bin/../lib/gcc/avr/5.4.0/../../../../avr/lib/avr5/libm.a(addsf3x.o) (__fp_nan)
/Applications/microchip/xc8/v3.00/avr/bin/../lib/gcc/avr/5.4.0/../../../../avr/lib/avr5/libm.a(fp_pscA.o)
                              /Applications/microchip/xc8/v3.00/avr/bin/../lib/gcc/avr/5.4.0/../../../../avr/lib/avr5/libm.a(addsf3x.o) (__fp_pscA)
/Applications/microchip/xc8/v3.00/avr/bin/../lib/gcc/avr/5.4.0/../../../../avr/lib/avr5/libm.a(fp_pscB.o)
                              /Applications/microchip/xc8/v3.00/avr/bin/../lib/gcc/avr/5.4.0/../../../../avr/lib/avr5/libm.a(addsf3x.o) (__fp_pscB)
/Applications/microchip/xc8/v3.00/avr/bin/../lib/gcc/avr/5.4.0/../../../../avr/lib/avr5/libm.a(fp_round.o)
                              /Applications/microchip/xc8/v3.00/avr/bin/../lib/gcc/avr/5.4.0/../../../../avr/lib/avr5/libm.a(addsf3.o) (__fp_round)
/Applications/microchip/xc8/v3.00/avr/bin/../lib/gcc/avr/5.4.0/../../../../avr/lib/avr5/libm.a(fp_split3.o)
                              /Applications/microchip/xc8/v3.00/avr/bin/../lib/gcc/avr/5.4.0/../../../../avr/lib/avr5/libm.a(addsf3x.o) (__fp_split3)
/Applications/microchip/xc8/v3.00/avr/bin/../lib/gcc/avr/5.4.0/../../../../avr/lib/avr5/libm.a(fp_zero.o)
                              /Applications/microchip/xc8/v3.00/avr/bin/../lib/gcc/avr/5.4.0/../../../../avr/lib/avr5/libm.a(addsf3x.o) (__fp_zero)
/Applications/microchip/xc8/v3.00/avr/bin/../lib/gcc/avr/5.4.0/../../../../avr/lib/avr5/libm.a(mulsf3.o)
                              build/default/production/MCAL_Layer/USART/hal_usart.o (__mulsf3)
/Applications/microchip/xc8/v3.00/avr/bin/../lib/gcc/avr/5.4.0/../../../../avr/lib/avr5/libm.a(mulsf3x.o)
                              /Applications/microchip/xc8/v3.00/avr/bin/../lib/gcc/avr/5.4.0/../../../../avr/lib/avr5/libm.a(mulsf3.o) (__mulsf3x)
/Applications/microchip/xc8/v3.00/avr/bin/../lib/gcc/avr/5.4.0/avr5/libgcc.a(_tablejump2.o)
                              build/default/production/MCAL_Layer/ADC/hal_adc.o (__tablejump2__)
/Applications/microchip/xc8/v3.00/avr/bin/../lib/gcc/avr/5.4.0/avr5/libgcc.a(_copy_data.o)
                              build/default/production/APP_Layer/Main.o (__do_copy_data)
/Applications/microchip/xc8/v3.00/avr/bin/../lib/gcc/avr/5.4.0/../../../../avr/lib/avr5/libc.a(exit.o)
                              /Applications/microchip/mplabx/v6.25/packs/Microchip/ATmega_DFP/3.3.279/xc8/avr/lib/avr5/crtatmega32.o (exit)
/Applications/microchip/xc8/v3.00/avr/bin/../lib/gcc/avr/5.4.0/../../../../avr/lib/avr5/libc.a(__sio_sprintf_doux.o)
                              build/default/production/ECUAL_Layer/Chr_Lcd/ecual_chr_lcd.o (_sprintf_cdopuxX)
/Applications/microchip/xc8/v3.00/avr/bin/../lib/gcc/avr/5.4.0/../../../../avr/lib/avr5/libc.a(__fmt_d.o)
                              /Applications/microchip/xc8/v3.00/avr/bin/../lib/gcc/avr/5.4.0/../../../../avr/lib/avr5/libc.a(__sio_sprintf_doux.o) (__fmt_d_needed)
/Applications/microchip/xc8/v3.00/avr/bin/../lib/gcc/avr/5.4.0/../../../../avr/lib/avr5/libc.a(__fmt_o.o)
                              /Applications/microchip/xc8/v3.00/avr/bin/../lib/gcc/avr/5.4.0/../../../../avr/lib/avr5/libc.a(__sio_sprintf_doux.o) (__fmt_o_needed)
[...]
Memory Configuration

Name             Origin             Length             Attributes
text             0x0000000000000000 0x0000000000008000 xr
data             0x0000000000800060 0x0000000000000800 rw !x
eeprom           0x0000000000810000 0x0000000000000400 rw !x
fuse             0x0000000000820000 0x0000000000000002 rw !x
lock             0x0000000000830000 0x0000000000000400 rw !x
signature        0x0000000000840000 0x0000000000000400 rw !x
user_signatures  0x0000000000850000 0x0000000000000400 rw !x
bootrow          0x0000000000860000 0x0000000000000400 rw !x
*default*        0x0000000000000000 0xffffffffffffffff

Linker script and memory map

LOAD /Applications/microchip/mplabx/v6.25/packs/Microchip/ATmega_DFP/3.3.279/xc8/avr/lib/avr5/crtatmega32.o
                0x0000000000000001                __MPLAB_BUILD = 0x1
LOAD build/default/production/Codes/ECUAL/7SEG/app1.o
LOAD build/default/production/Codes/ECUAL/BTN/app1.o
LOAD build/default/production/Codes/ECUAL/Chr_Lcd/app1.o
LOAD build/default/production/Codes/ECUAL/DC_Motor/app1.o
LOAD build/default/production/Codes/ECUAL/Keypad/app1.o
LOAD build/default/production/Codes/ECUAL/LED/app1.o
LOAD build/default/production/Codes/ECUAL/Relay/app1.o
LOAD build/default/production/Codes/MCAL/ADC/app1.o
LOAD build/default/production/Codes/MCAL/ADC/app2.o
LOAD build/default/production/Codes/MCAL/EEPROM/app1.o
LOAD build/default/production/Codes/MCAL/GPIO/app1.o
LOAD build/default/production/Codes/MCAL/Interrupt/app1.o
LOAD build/default/production/Codes/MCAL/Timers/Timer0/app1.o
LOAD build/default/production/Codes/MCAL/Timers/Timer0/app2.o
LOAD build/default/production/Codes/MCAL/Timers/Timer0/app3.o
LOAD build/default/production/Codes/MCAL/Timers/Timer0/app4.o
LOAD build/default/production/Codes/MCAL/Timers/Timer1/app1.o
LOAD build/default/production/APP_Layer/Main.o
LOAD build/default/production/ECUAL_Layer/7SEG/ecual_7seg.o
LOAD build/default/production/ECUAL_Layer/BTN/ecual_btn.o
LOAD build/default/production/ECUAL_Layer/Chr_Lcd/ecual_chr_lcd.o
LOAD build/default/production/ECUAL_Layer/DC_Motor/ecual_dc_motor.o
LOAD build/default/production/ECUAL_Layer/Keypad/ecual_keypad.o
LOAD build/default/production/ECUAL_Layer/LED/ecual_led.o
LOAD build/default/production/ECUAL_Layer/Relay/ecual_relay.o
LOAD build/default/production/ECUAL_Layer/ECUAL_INIT.o
LOAD build/default/production/MCAL_Layer/ADC/hal_adc.o
LOAD build/default/production/MCAL_Layer/EEPROM/hal_eeprom.o
LOAD build/default/production/MCAL_Layer/GPIO/hal_gpio.o
LOAD build/default/production/MCAL_Layer/Interrupt/hal_ext_interrupt.o
LOAD build/default/production/MCAL_Layer/Interrupt/hal_int_interrupt.o
LOAD build/default/production/MCAL_Layer/Interrupt/hal_interrupt_mng.o
LOAD build/default/production/MCAL_Layer/PWM/hal_pwm.o
LOAD build/default/production/MCAL_Layer/Timers/Timer0/hal_timer0.o
LOAD build/default/production/MCAL_Layer/Timers/Timer1/hal_timer1.o
LOAD build/default/production/MCAL_Layer/Timers/Timer2/hal_timer2.o
LOAD build/default/production/MCAL_Layer/device_cfg.o
LOAD build/default/production/MCAL_Layer/USART/hal_usart.o
LOAD build/default/production/Codes/MCAL/PWM/app1.o
LOAD build/default/production/Codes/MCAL/USART/app1.o
START GROUP
LOAD /Applications/microchip/xc8/v3.00/avr/bin/../lib/gcc/avr/5.4.0/../../../../avr/lib/avr5/libm.a
END GROUP
START GROUP
LOAD /Applications/microchip/xc8/v3.00/avr/bin/../lib/gcc/avr/5.4.0/avr5/libgcc.a
LOAD /Applications/microchip/xc8/v3.00/avr/bin/../lib/gcc/avr/5.4.0/../../../../avr/lib/avr5/libm.a
LOAD /Applications/microchip/xc8/v3.00/avr/bin/../lib/gcc/avr/5.4.0/../../../../avr/lib/avr5/libc.a
LOAD /Applications/microchip/mplabx/v6.25/packs/Microchip/ATmega_DFP/3.3.279/xc8/avr/lib/avr5/libatmega32.a
END GROUP
                0x0000000000000000                __TEXT_REGION_ORIGIN__ = DEFINED (__TEXT_REGION_ORIGIN__)?__TEXT_REGION_ORIGIN__:0x0
                [0x0000000000800060]                __DATA_REGION_ORIGIN__ = DEFINED (__DATA_REGION_ORIGIN__)?__DATA_REGION_ORIGIN__:0x800060
                [0x0000000000008000]                __TEXT_REGION_LENGTH__ = DEFINED (__TEXT_REGION_LENGTH__)?__TEXT_REGION_LENGTH__:0x20000
                [0x0000000000000800]                __DATA_REGION_LENGTH__ = DEFINED (__DATA_REGION_LENGTH__)?__DATA_REGION_LENGTH__:0xffa0
                [0x0000000000000400]                __EEPROM_REGION_LENGTH__ = DEFINED (__EEPROM_REGION_LENGTH__)?__EEPROM_REGION_LENGTH__:0x10000
                [0x0000000000000002]                __FUSE_REGION_LENGTH__ = DEFINED (__FUSE_REGION_LENGTH__)?__FUSE_REGION_LENGTH__:0x400
                0x0000000000000400                __LOCK_REGION_LENGTH__ = DEFINED (__LOCK_REGION_LENGTH__)?__LOCK_REGION_LENGTH__:0x400
                0x0000000000000400                __SIGNATURE_REGION_LENGTH__ = DEFINED (__SIGNATURE_REGION_LENGTH__)?__SIGNATURE_REGION_LENGTH__:0x400
                0x0000000000000400                __USER_SIGNATURE_REGION_LENGTH__ = DEFINED (__USER_SIGNATURE_REGION_LENGTH__)?__USER_SIGNATURE_REGION_LENGTH__:0x400
                0x0000000000000400                __BOOTROW_REGION_LENGTH__ = DEFINED (__BOOTROW_REGION_LENGTH__)?__BOOTROW_REGION_LENGTH__:0x400

.hash
 *(.hash)

.dynsym
 *(.dynsym)

.dynstr
 *(.dynstr)

.gnu.version
 *(.gnu.version)

.gnu.version_d
 *(.gnu.version_d)

.gnu.version_r
 *(.gnu.version_r)

.rel.init
 *(.rel.init)

.rela.init
 *(.rela.init)

.rel.text
 *(.rel.text)
 *(.rel.text.*)
 *(.rel.gnu.linkonce.t*)

.rela.text
 *(.rela.text)
 *(.rela.text.*)
 *(.rela.gnu.linkonce.t*)

.rel.fini
 *(.rel.fini)

.rela.fini
 *(.rela.fini)

.rel.rodata
 *(.rel.rodata)
 *(.rel.rodata.*)
 *(.rel.gnu.linkonce.r*)

.rela.rodata
 *(.rela.rodata)
 *(.rela.rodata.*)
 *(.rela.gnu.linkonce.r*)

.rel.data
 *(.rel.data)
 *(.rel.data.*)
 *(.rel.gnu.linkonce.d*)

.rela.data
 *(.rela.data)
 *(.rela.data.*)
 *(.rela.gnu.linkonce.d*)

.rel.ctors
 *(.rel.ctors)

.rela.ctors
 *(.rela.ctors)

.rel.dtors
 *(.rel.dtors)

.rela.dtors
 *(.rela.dtors)

.rel.got
 *(.rel.got)

.rela.got
 *(.rela.got)

.rel.bss
 *(.rel.bss)

.rela.bss
 *(.rela.bss)

.rel.plt
 *(.rel.plt)

.rela.plt
 *(.rela.plt)

.text           0x0000000000000000       0xbc
 *(.vectors)
 .vectors       0x0000000000000000       0x54 /Applications/microchip/mplabx/v6.25/packs/Microchip/ATmega_DFP/3.3.279/xc8/avr/lib/avr5/crtatmega32.o
                0x0000000000000000                __vectors
                0x0000000000000000                __vector_default
 *(.vectors)
 *(.progmem.gcc*)
 *(.dinit)
 .dinit         0x0000000000000054       0x13 data_init
                0x0000000000000068                . = ALIGN (0x2)
 *fill*         0x0000000000000067        0x1 
                0x0000000000000068                __trampolines_start = .
 *(.trampolines)
 .trampolines   0x0000000000000068        0x0 linker stubs
 *(.trampolines*)
                0x0000000000000068                __trampolines_end = .
 *libprintf_flt.a:*(.progmem.data)
 *libc.a:*(.progmem.data)
                0x0000000000000068                . = ALIGN (0x2)
 *(.jumptables)
 *(.jumptables*)
 *(.lowtext)
 *(.lowtext*)
                0x0000000000000068                __ctors_start = .
 *(.ctors)
                0x0000000000000068                __ctors_end = .
                0x0000000000000068                __dtors_start = .
 *(.dtors)
                0x0000000000000068                __dtors_end = .
 SORT(*)(.ctors)
 SORT(*)(.dtors)
 *(.init0)
 .init0         0x0000000000000068        0x0 /Applications/microchip/mplabx/v6.25/packs/Microchip/ATmega_DFP/3.3.279/xc8/avr/lib/avr5/crtatmega32.o
                0x0000000000000068                __init
 *(.init0)
 *(.init1)
 *(.init1)
 *(.init2)
 .init2         0x0000000000000068        0xc /Applications/microchip/mplabx/v6.25/packs/Microchip/ATmega_DFP/3.3.279/xc8/avr/lib/avr5/crtatmega32.o
 *(.init2)
 *(.init3)
 *(.init3)
 *(.init4)
 .init4         0x0000000000000074       0x3c /Applications/microchip/xc8/v3.00/avr/bin/../lib/gcc/avr/5.4.0/avr5/libgcc.a(_copy_data.o)
                0x0000000000000074                __do_copy_data
                0x00000000000000a2                __do_clear_bss
 *(.init4)
 *(.init5)
 *(.init5)
 *(.init6)
 *(.init6)
 *(.init7)
 *(.init7)
 *(.init8)
 *(.init8)
 *(.init9)
 .init9         0x00000000000000b0        0x8 /Applications/microchip/mplabx/v6.25/packs/Microchip/ATmega_DFP/3.3.279/xc8/avr/lib/avr5/crtatmega32.o
 *(.init9)
                0x00000000000000b8                . = ALIGN (0x2)
 *(.fini9)
 .fini9         0x00000000000000b8        0x0 /Applications/microchip/xc8/v3.00/avr/bin/../lib/gcc/avr/5.4.0/avr5/libgcc.a(_exit.o)
                0x00000000000000b8                _exit
 *(.fini9)
 *(.fini8)
 *(.fini8)
 *(.fini7)
 *(.fini7)
 *(.fini6)
 *(.fini6)
 *(.fini5)
 *(.fini5)
 *(.fini4)
 *(.fini4)
 *(.fini3)
 *(.fini3)
 *(.fini2)
 *(.fini2)
 *(.fini1)
 *(.fini1)
 *(.fini0)
 .fini0         0x00000000000000b8        0x4 /Applications/microchip/xc8/v3.00/avr/bin/../lib/gcc/avr/5.4.0/avr5/libgcc.a(_exit.o)
 *(.fini0)
                0x00000000000000bc                _etext = .

.data           0x0000000000800060        0x0 load address 0x00000000000000bc
                [!provide]                        PROVIDE (__data_start, .)
 *(.gnu.linkonce.d*)
 *(.gnu.linkonce.r*)
                0x0000000000800060                . = ALIGN (0x2)
                0x0000000000800060                _edata = .
                [!provide]                        PROVIDE (__data_end, .)

.bss            0x0000000000800060        0x0
                [!provide]                        PROVIDE (__bss_start, .)
 *(COMMON)
                [!provide]                        PROVIDE (__bss_end, .)
                0x00000000000000bc                __data_load_start = LOADADDR (.data)
                0x00000000000000bc                __data_load_end = (__data_load_start + SIZEOF (.data))

.noinit         0x0000000000800060        0x0
                [!provide]                        PROVIDE (__noinit_start, .)
 *(.noinit*)
                [!provide]                        PROVIDE (__noinit_end, .)
                0x0000000000800060                _end = .

.eeprom         0x0000000000810000        0x0
 *(.eeprom*)
                0x0000000000810000                __eeprom_end = .

.fuse
 *(.fuse)
 *(.lfuse)
 *(.hfuse)
 *(.efuse)

.lock
 *(.lock*)

.signature
 *(.signature*)

.user_signatures
 *(.user_signatures*)

.bootrow
 *(.bootrow*)

.stab
 *(.stab)

.stabstr
 *(.stabstr)

.stab.excl
 *(.stab.excl)

.stab.exclstr
 *(.stab.exclstr)

.stab.index
 *(.stab.index)

.stab.indexstr
 *(.stab.indexstr)

.comment        0x0000000000000000       0x5b
 *(.comment)
 .comment       0x0000000000000000       0x2f build/default/production/APP_Layer/Main.o
                                         0x30 (size before relaxing)
 .comment       0x000000000000002f       0x30 build/default/production/ECUAL_Layer/ECUAL_INIT.o
 .comment       0x000000000000002f       0x30 build/default/production/MCAL_Layer/ADC/hal_adc.o
 .comment       0x000000000000002f       0x30 build/default/production/MCAL_Layer/GPIO/hal_gpio.o
 .comment       0x000000000000002f       0x30 build/default/production/MCAL_Layer/Interrupt/hal_ext_interrupt.o
 .comment       0x000000000000002f       0x30 build/default/production/MCAL_Layer/Interrupt/hal_interrupt_mng.o
 .comment       0x000000000000002f       0x30 build/default/production/MCAL_Layer/Timers/Timer0/hal_timer0.o
 .comment       0x000000000000002f       0x30 build/default/production/MCAL_Layer/Timers/Timer1/hal_timer1.o
 .comment       0x000000000000002f       0x30 build/default/production/MCAL_Layer/Timers/Timer2/hal_timer2.o
 .comment       0x000000000000002f       0x30 build/default/production/MCAL_Layer/USART/hal_usart.o
 .comment       0x000000000000002f       0x2c /Applications/microchip/xc8/v3.00/avr/bin/../lib/gcc/avr/5.4.0/../../../../avr/lib/avr5/libc.a(exit.o)
                                         0x2d (size before relaxing)
 .comment       0x000000000000005b       0x2d /Applications/microchip/xc8/v3.00/avr/bin/../lib/gcc/avr/5.4.0/../../../../avr/lib/avr5/libc.a(_Exit.o)

.stack.descriptors.hdr
                0x0000000000000000       0xfc
 .stack.descriptors.hdr
                0x0000000000000000        0xe /Applications/microchip/xc8/v3.00/avr/bin/../lib/gcc/avr/5.4.0/../../../../avr/lib/avr5/libm.a(addsf3.o)
 .stack.descriptors.hdr
                0x000000000000000e        0xe /Applications/microchip/xc8/v3.00/avr/bin/../lib/gcc/avr/5.4.0/../../../../avr/lib/avr5/libm.a(addsf3x.o)
 .stack.descriptors.hdr
                0x000000000000001c        0xe /Applications/microchip/xc8/v3.00/avr/bin/../lib/gcc/avr/5.4.0/../../../../avr/lib/avr5/libm.a(divsf3.o)
 .stack.descriptors.hdr
                0x000000000000002a        0xe /Applications/microchip/xc8/v3.00/avr/bin/../lib/gcc/avr/5.4.0/../../../../avr/lib/avr5/libm.a(divsf3x.o)
 .stack.descriptors.hdr
                0x0000000000000038        0xe /Applications/microchip/xc8/v3.00/avr/bin/../lib/gcc/avr/5.4.0/../../../../avr/lib/avr5/libm.a(fixunssfsi.o)
 .stack.descriptors.hdr
                0x0000000000000046        0xe /Applications/microchip/xc8/v3.00/avr/bin/../lib/gcc/avr/5.4.0/../../../../avr/lib/avr5/libm.a(floatsisf.o)
 .stack.descriptors.hdr
                0x0000000000000054        0xe /Applications/microchip/xc8/v3.00/avr/bin/../lib/gcc/avr/5.4.0/../../../../avr/lib/avr5/libm.a(fp_inf.o)
 .stack.descriptors.hdr
                0x0000000000000062        0xe /Applications/microchip/xc8/v3.00/avr/bin/../lib/gcc/avr/5.4.0/../../../../avr/lib/avr5/libm.a(fp_nan.o)
 .stack.descriptors.hdr
                0x0000000000000070        0xe /Applications/microchip/xc8/v3.00/avr/bin/../lib/gcc/avr/5.4.0/../../../../avr/lib/avr5/libm.a(fp_pscA.o)
 .stack.descriptors.hdr
                0x000000000000007e        0xe /Applications/microchip/xc8/v3.00/avr/bin/../lib/gcc/avr/5.4.0/../../../../avr/lib/avr5/libm.a(fp_pscB.o)
 .stack.descriptors.hdr
                0x000000000000008c        0xe /Applications/microchip/xc8/v3.00/avr/bin/../lib/gcc/avr/5.4.0/../../../../avr/lib/avr5/libm.a(fp_round.o)
 .stack.descriptors.hdr
                0x000000000000009a        0xe /Applications/microchip/xc8/v3.00/avr/bin/../lib/gcc/avr/5.4.0/../../../../avr/lib/avr5/libm.a(fp_split3.o)
 .stack.descriptors.hdr
                0x00000000000000a8        0xe /Applications/microchip/xc8/v3.00/avr/bin/../lib/gcc/avr/5.4.0/../../../../avr/lib/avr5/libm.a(fp_zero.o)
 .stack.descriptors.hdr
                0x00000000000000b6        0xe /Applications/microchip/xc8/v3.00/avr/bin/../lib/gcc/avr/5.4.0/../../../../avr/lib/avr5/libm.a(mulsf3.o)
 .stack.descriptors.hdr
                0x00000000000000c4        0xe /Applications/microchip/xc8/v3.00/avr/bin/../lib/gcc/avr/5.4.0/../../../../avr/lib/avr5/libm.a(mulsf3x.o)
 .stack.descriptors.hdr
                0x00000000000000d2        0xe /Applications/microchip/xc8/v3.00/avr/bin/../lib/gcc/avr/5.4.0/../../../../avr/lib/avr5/libc.a(exit.o)
 .stack.descriptors.hdr
                0x00000000000000e0        0xe /Applications/microchip/xc8/v3.00/avr/bin/../lib/gcc/avr/5.4.0/../../../../avr/lib/avr5/libc.a(_Exit.o)
 .stack.descriptors.hdr
                0x00000000000000ee        0xe /Applications/microchip/xc8/v3.00/avr/bin/../lib/gcc/avr/5.4.0/avr5/libgcc.a(_exit.o)

.note.GNU-stack
                0x0000000000000000        0x0
 .note.GNU-stack
                0x0000000000000000        0x0 /Applications/microchip/xc8/v3.00/avr/bin/../lib/gcc/avr/5.4.0/../../../../avr/lib/avr5/libm.a(addsf3.o)
 .note.GNU-stack
                0x0000000000000000        0x0 /Applications/microchip/xc8/v3.00/avr/bin/../lib/gcc/avr/5.4.0/../../../../avr/lib/avr5/libm.a(addsf3x.o)
 .note.GNU-stack
                0x0000000000000000        0x0 /Applications/microchip/xc8/v3.00/avr/bin/../lib/gcc/avr/5.4.0/../../../../avr/lib/avr5/libm.a(divsf3.o)
 .note.GNU-stack
                0x0000000000000000        0x0 /Applications/microchip/xc8/v3.00/avr/bin/../lib/gcc/avr/5.4.0/../../../../avr/lib/avr5/libm.a(divsf3x.o)
 .note.GNU-stack
                0x0000000000000000        0x0 /Applications/microchip/xc8/v3.00/avr/bin/../lib/gcc/avr/5.4.0/../../../../avr/lib/avr5/libm.a(fixunssfsi.o)
 .note.GNU-stack
                0x0000000000000000        0x0 /Applications/microchip/xc8/v3.00/avr/bin/../lib/gcc/avr/5.4.0/../../../../avr/lib/avr5/libm.a(floatsisf.o)
 .note.GNU-stack
                0x0000000000000000        0x0 /Applications/microchip/xc8/v3.00/avr/bin/../lib/gcc/avr/5.4.0/../../../../avr/lib/avr5/libm.a(fp_inf.o)
 .note.GNU-stack
                0x0000000000000000        0x0 /Applications/microchip/xc8/v3.00/avr/bin/../lib/gcc/avr/5.4.0/../../../../avr/lib/avr5/libm.a(fp_nan.o)
 .note.GNU-stack
                0x0000000000000000        0x0 /Applications/microchip/xc8/v3.00/avr/bin/../lib/gcc/avr/5.4.0/../../../../avr/lib/avr5/libm.a(fp_pscA.o)
 .note.GNU-stack
                0x0000000000000000        0x0 /Applications/microchip/xc8/v3.00/avr/bin/../lib/gcc/avr/5.4.0/../../../../avr/lib/avr5/libm.a(fp_pscB.o)
 .note.GNU-stack
                0x0000000000000000        0x0 /Applications/microchip/xc8/v3.00/avr/bin/../lib/gcc/avr/5.4.0/../../../../avr/lib/avr5/libm.a(fp_round.o)
 .note.GNU-stack
                0x0000000000000000        0x0 /Applications/microchip/xc8/v3.00/avr/bin/../lib/gcc/avr/5.4.0/../../../../avr/lib/avr5/libm.a(fp_split3.o)
 .note.GNU-stack
                0x0000000000000000        0x0 /Applications/microchip/xc8/v3.00/avr/bin/../lib/gcc/avr/5.4.0/../../../../avr/lib/avr5/libm.a(fp_zero.o)
 .note.GNU-stack
                0x0000000000000000        0x0 /Applications/microchip/xc8/v3.00/avr/bin/../lib/gcc/avr/5.4.0/../../../../avr/lib/avr5/libm.a(mulsf3.o)
 .note.GNU-stack
                0x0000000000000000        0x0 /Applications/microchip/xc8/v3.00/avr/bin/../lib/gcc/avr/5.4.0/../../../../avr/lib/avr5/libm.a(mulsf3x.o)
 .note.GNU-stack
                0x0000000000000000        0x0 /Applications/microchip/xc8/v3.00/avr/bin/../lib/gcc/avr/5.4.0/../../../../avr/lib/avr5/libc.a(exit.o)
 .note.GNU-stack
                0x0000000000000000        0x0 /Applications/microchip/xc8/v3.00/avr/bin/../lib/gcc/avr/5.4.0/../../../../avr/lib/avr5/libc.a(_Exit.o)

.note.gnu.build-id
 *(.note.gnu.build-id)

.debug
 *(.debug)

.line
 *(.line)

.debug_srcinfo
 *(.debug_srcinfo)

.debug_sfnames
 *(.debug_sfnames)

.debug_aranges  0x0000000000000000      0x3a8
 *(.debug_aranges)
 .debug_aranges
                0x0000000000000000       0x28 build/default/production/APP_Layer/Main.o
 .debug_aranges
                0x0000000000000028       0x20 build/default/production/ECUAL_Layer/ECUAL_INIT.o
 .debug_aranges
                0x0000000000000048       0x68 build/default/production/MCAL_Layer/ADC/hal_adc.o
 .debug_aranges
                0x00000000000000b0       0x78 build/default/production/MCAL_Layer/GPIO/hal_gpio.o
 .debug_aranges
                0x0000000000000128       0x50 build/default/production/MCAL_Layer/Interrupt/hal_ext_interrupt.o
 .debug_aranges
                0x0000000000000178       0x90 build/default/production/MCAL_Layer/Interrupt/hal_interrupt_mng.o
 .debug_aranges
                0x0000000000000208       0x58 build/default/production/MCAL_Layer/Timers/Timer0/hal_timer0.o
 .debug_aranges
                0x0000000000000260       0x78 build/default/production/MCAL_Layer/Timers/Timer1/hal_timer1.o
 .debug_aranges
                0x00000000000002d8       0x58 build/default/production/MCAL_Layer/Timers/Timer2/hal_timer2.o
 .debug_aranges
                0x0000000000000330       0x78 build/default/production/MCAL_Layer/USART/hal_usart.o

.debug_pubnames
 *(.debug_pubnames)

.debug_info     0x0000000000000000     0x7c1f
 *(.debug_info .gnu.linkonce.wi.*)
 .debug_info    0x0000000000000000      0x4e6 /Applications/microchip/mplabx/v6.25/packs/Microchip/ATmega_DFP/3.3.279/xc8/avr/lib/avr5/crtatmega32.o
 .debug_info    0x00000000000004e6      0xccb build/default/production/APP_Layer/Main.o
 .debug_info    0x00000000000011b1      0x321 build/default/production/ECUAL_Layer/ECUAL_INIT.o
 .debug_info    0x00000000000014d2     0x10bf build/default/production/MCAL_Layer/ADC/hal_adc.o
 .debug_info    0x0000000000002591      0x98d build/default/production/MCAL_Layer/GPIO/hal_gpio.o
 .debug_info    0x0000000000002f1e      0xabd build/default/production/MCAL_Layer/Interrupt/hal_ext_interrupt.o
 .debug_info    0x00000000000039db      0x60c build/default/production/MCAL_Layer/Interrupt/hal_interrupt_mng.o
 .debug_info    0x0000000000003fe7      0xccf build/default/production/MCAL_Layer/Timers/Timer0/hal_timer0.o
 .debug_info    0x0000000000004cb6      0xfbd build/default/production/MCAL_Layer/Timers/Timer1/hal_timer1.o
 .debug_info    0x0000000000005c73      0xbb6 build/default/production/MCAL_Layer/Timers/Timer2/hal_timer2.o
 .debug_info    0x0000000000006829     0x13f6 build/default/production/MCAL_Layer/USART/hal_usart.o

.debug_abbrev   0x0000000000000000     0x166e
 *(.debug_abbrev)
 .debug_abbrev  0x0000000000000000      0x4a3 /Applications/microchip/mplabx/v6.25/packs/Microchip/ATmega_DFP/3.3.279/xc8/avr/lib/avr5/crtatmega32.o
 .debug_abbrev  0x00000000000004a3      0x1c9 build/default/production/APP_Layer/Main.o
 .debug_abbrev  0x000000000000066c       0x6d build/default/production/ECUAL_Layer/ECUAL_INIT.o
 .debug_abbrev  0x00000000000006d9      0x22d build/default/production/MCAL_Layer/ADC/hal_adc.o
 .debug_abbrev  0x0000000000000906      0x1ce build/default/production/MCAL_Layer/GPIO/hal_gpio.o
 .debug_abbrev  0x0000000000000ad4      0x20a build/default/production/MCAL_Layer/Interrupt/hal_ext_interrupt.o
 .debug_abbrev  0x0000000000000cde       0x6a build/default/production/MCAL_Layer/Interrupt/hal_interrupt_mng.o
 .debug_abbrev  0x0000000000000d48      0x22c build/default/production/MCAL_Layer/Timers/Timer0/hal_timer0.o
 .debug_abbrev  0x0000000000000f74      0x24d build/default/production/MCAL_Layer/Timers/Timer1/hal_timer1.o
 .debug_abbrev  0x00000000000011c1      0x246 build/default/production/MCAL_Layer/Timers/Timer2/hal_timer2.o
 .debug_abbrev  0x0000000000001407      0x267 build/default/production/MCAL_Layer/USART/hal_usart.o

.debug_line     0x0000000000000000     0x2672
 *(.debug_line .debug_line.* .debug_line_end)
 .debug_line    0x0000000000000000      0x116 /Applications/microchip/mplabx/v6.25/packs/Microchip/ATmega_DFP/3.3.279/xc8/avr/lib/avr5/crtatmega32.o
 .debug_line    0x0000000000000116      0x1cc build/default/production/APP_Layer/Main.o
 .debug_line    0x00000000000002e2       0x83 build/default/production/ECUAL_Layer/ECUAL_INIT.o
 .debug_line    0x0000000000000365      0x3fa build/default/production/MCAL_Layer/ADC/hal_adc.o
 .debug_line    0x000000000000075f      0x3cb build/default/production/MCAL_Layer/GPIO/hal_gpio.o
 .debug_line    0x0000000000000b2a      0x3c7 build/default/production/MCAL_Layer/Interrupt/hal_ext_interrupt.o
 .debug_line    0x0000000000000ef1      0x207 build/default/production/MCAL_Layer/Interrupt/hal_interrupt_mng.o
 .debug_line    0x00000000000010f8      0x3f5 build/default/production/MCAL_Layer/Timers/Timer0/hal_timer0.o
 .debug_line    0x00000000000014ed      0x5e2 build/default/production/MCAL_Layer/Timers/Timer1/hal_timer1.o
 .debug_line    0x0000000000001acf      0x38c build/default/production/MCAL_Layer/Timers/Timer2/hal_timer2.o
 .debug_line    0x0000000000001e5b      0x817 build/default/production/MCAL_Layer/USART/hal_usart.o

.debug_frame    0x0000000000000000      0xb90
 *(.debug_frame)
 .debug_frame   0x0000000000000000       0x34 build/default/production/APP_Layer/Main.o
 .debug_frame   0x0000000000000034       0x24 build/default/production/ECUAL_Layer/ECUAL_INIT.o
 .debug_frame   0x0000000000000058       0xf0 build/default/production/MCAL_Layer/ADC/hal_adc.o
 .debug_frame   0x0000000000000148       0xec build/default/production/MCAL_Layer/GPIO/hal_gpio.o
 .debug_frame   0x0000000000000234       0x9c build/default/production/MCAL_Layer/Interrupt/hal_ext_interrupt.o
 .debug_frame   0x00000000000002d0      0x53c build/default/production/MCAL_Layer/Interrupt/hal_interrupt_mng.o
 .debug_frame   0x000000000000080c       0xb0 build/default/production/MCAL_Layer/Timers/Timer0/hal_timer0.o
 .debug_frame   0x00000000000008bc      0x10c build/default/production/MCAL_Layer/Timers/Timer1/hal_timer1.o
 .debug_frame   0x00000000000009c8       0xb0 build/default/production/MCAL_Layer/Timers/Timer2/hal_timer2.o
 .debug_frame   0x0000000000000a78      0x118 build/default/production/MCAL_Layer/USART/hal_usart.o

.debug_str      0x0000000000000000      0x3e8
 *(.debug_str)
 .debug_str     0x0000000000000000      0x196 /Applications/microchip/mplabx/v6.25/packs/Microchip/ATmega_DFP/3.3.279/xc8/avr/lib/avr5/crtatmega32.o
 .debug_str     0x0000000000000196       0x7b build/default/production/APP_Layer/Main.o
 .debug_str     0x0000000000000211        0x0 build/default/production/ECUAL_Layer/ECUAL_INIT.o
 .debug_str     0x0000000000000211       0x1d build/default/production/MCAL_Layer/ADC/hal_adc.o
 .debug_str     0x000000000000022e       0x1c build/default/production/MCAL_Layer/GPIO/hal_gpio.o
 .debug_str     0x000000000000024a       0x24 build/default/production/MCAL_Layer/Interrupt/hal_ext_interrupt.o
 .debug_str     0x000000000000026e       0x96 build/default/production/MCAL_Layer/Interrupt/hal_interrupt_mng.o
 .debug_str     0x0000000000000304       0x3c build/default/production/MCAL_Layer/Timers/Timer0/hal_timer0.o
 .debug_str     0x0000000000000340       0x3c build/default/production/MCAL_Layer/Timers/Timer1/hal_timer1.o
 .debug_str     0x000000000000037c       0x2c build/default/production/MCAL_Layer/Timers/Timer2/hal_timer2.o
 .debug_str     0x00000000000003a8       0x40 build/default/production/MCAL_Layer/USART/hal_usart.o

.debug_loc      0x0000000000000000     0x2749
 *(.debug_loc)
 .debug_loc     0x0000000000000000       0x48 build/default/production/APP_Layer/Main.o
 .debug_loc     0x0000000000000048      0x88b build/default/production/MCAL_Layer/ADC/hal_adc.o
 .debug_loc     0x00000000000008d3      0x65e build/default/production/MCAL_Layer/GPIO/hal_gpio.o
 .debug_loc     0x0000000000000f31      0x345 build/default/production/MCAL_Layer/Interrupt/hal_ext_interrupt.o
 .debug_loc     0x0000000000001276      0x3b6 build/default/production/MCAL_Layer/Timers/Timer0/hal_timer0.o
 .debug_loc     0x000000000000162c      0x580 build/default/production/MCAL_Layer/Timers/Timer1/hal_timer1.o
 .debug_loc     0x0000000000001bac      0x366 build/default/production/MCAL_Layer/Timers/Timer2/hal_timer2.o
 .debug_loc     0x0000000000001f12      0x837 build/default/production/MCAL_Layer/USART/hal_usart.o

.debug_macinfo
 *(.debug_macinfo)

.debug_weaknames
 *(.debug_weaknames)

.debug_funcnames
 *(.debug_funcnames)

.debug_typenames
 *(.debug_typenames)

.debug_varnames
 *(.debug_varnames)

.debug_pubtypes
 *(.debug_pubtypes)

.debug_ranges   0x0000000000000000      0x3e8
 *(.debug_ranges)
 .debug_ranges  0x0000000000000000       0x18 build/default/production/APP_Layer/Main.o
 .debug_ranges  0x0000000000000018       0x10 build/default/production/ECUAL_Layer/ECUAL_INIT.o
 .debug_ranges  0x0000000000000028       0x80 build/default/production/MCAL_Layer/ADC/hal_adc.o
 .debug_ranges  0x00000000000000a8       0x68 build/default/production/MCAL_Layer/GPIO/hal_gpio.o
 .debug_ranges  0x0000000000000110       0x58 build/default/production/MCAL_Layer/Interrupt/hal_ext_interrupt.o
 .debug_ranges  0x0000000000000168       0x80 build/default/production/MCAL_Layer/Interrupt/hal_interrupt_mng.o
 .debug_ranges  0x00000000000001e8       0x78 build/default/production/MCAL_Layer/Timers/Timer0/hal_timer0.o
 .debug_ranges  0x0000000000000260       0x80 build/default/production/MCAL_Layer/Timers/Timer1/hal_timer1.o
 .debug_ranges  0x00000000000002e0       0x60 build/default/production/MCAL_Layer/Timers/Timer2/hal_timer2.o
 .debug_ranges  0x0000000000000340       0xa8 build/default/production/MCAL_Layer/USART/hal_usart.o

.debug_macro
 *(.debug_macro)
OUTPUT(dist/default/production/MCU_ATMEGA32_Drivers.X.production.elf elf32-avr)
LOAD linker stubs
LOAD data_init

.note.gnu.avr.deviceinfo
                0x0000000000000000       0x3c
 .note.gnu.avr.deviceinfo
                0x0000000000000000       0x3c /Applications/microchip/mplabx/v6.25/packs/Microchip/ATmega_DFP/3.3.279/xc8/avr/lib/avr5/crtatmega32.o

.bss.data       0x00000000008000af        0x2
 .bss.data      0x00000000008000af        0x2 build/default/production/APP_Layer/Main.o
                0x00000000008000af                data

.bss.ADC_Interrupt_Handler
                0x00000000008000b1        0x2
 .bss.ADC_Interrupt_Handler
                0x00000000008000b1        0x2 build/default/production/MCAL_Layer/ADC/hal_adc.o

.bss.INT2_Handler
                0x00000000008000b3        0x2
 .bss.INT2_Handler
                0x00000000008000b3        0x2 build/default/production/MCAL_Layer/Interrupt/hal_ext_interrupt.o

.bss.INT1_Handler
                0x00000000008000b5        0x2
 .bss.INT1_Handler
                0x00000000008000b5        0x2 build/default/production/MCAL_Layer/Interrupt/hal_ext_interrupt.o

.bss.INT0_Handler
                0x00000000008000b7        0x2
 .bss.INT0_Handler
                0x00000000008000b7        0x2 build/default/production/MCAL_Layer/Interrupt/hal_ext_interrupt.o

.bss.Timer0_Handler_Function
                0x00000000008000b9        0x2
 .bss.Timer0_Handler_Function
                0x00000000008000b9        0x2 build/default/production/MCAL_Layer/Timers/Timer0/hal_timer0.o

.bss.preloaded_value
                0x00000000008000cb        0x1
 .bss.preloaded_value
                0x00000000008000cb        0x1 build/default/production/MCAL_Layer/Timers/Timer0/hal_timer0.o

.bss.Timer1_Handler_Function
                0x00000000008000bb        0x2
 .bss.Timer1_Handler_Function
                0x00000000008000bb        0x2 build/default/production/MCAL_Layer/Timers/Timer1/hal_timer1.o

.bss.timer1_preloaded_value
                0x00000000008000bd        0x2
 .bss.timer1_preloaded_value
                0x00000000008000bd        0x2 build/default/production/MCAL_Layer/Timers/Timer1/hal_timer1.o

.bss.Timer2_Handler_Function
                0x00000000008000bf        0x2
 .bss.Timer2_Handler_Function
                0x00000000008000bf        0x2 build/default/production/MCAL_Layer/Timers/Timer2/hal_timer2.o

.bss.timer2_preloaded_value
                0x00000000008000cc        0x1
 .bss.timer2_preloaded_value
                0x00000000008000cc        0x1 build/default/production/MCAL_Layer/Timers/Timer2/hal_timer2.o

.bss.Overrun_Handler_Function
                0x00000000008000c1        0x2
 .bss.Overrun_Handler_Function
                0x00000000008000c1        0x2 build/default/production/MCAL_Layer/USART/hal_usart.o

.bss.Framming_Handler_Function
                0x00000000008000c3        0x2
 .bss.Framming_Handler_Function
                0x00000000008000c3        0x2 build/default/production/MCAL_Layer/USART/hal_usart.o

.bss.Rx_Handler_Function
                0x00000000008000c5        0x2
 .bss.Rx_Handler_Function
                0x00000000008000c5        0x2 build/default/production/MCAL_Layer/USART/hal_usart.o

.bss.TSR_Handler_Function
                0x00000000008000c7        0x2
 .bss.TSR_Handler_Function
                0x00000000008000c7        0x2 build/default/production/MCAL_Layer/USART/hal_usart.o

.bss.Tx_Handler_Function
                0x00000000008000c9        0x2
 .bss.Tx_Handler_Function
                0x00000000008000c9        0x2 build/default/production/MCAL_Layer/USART/hal_usart.o

.text.USART_INIT
                0x00000000000000bc      0x33e
 .text.USART_INIT
                0x00000000000000bc      0x33e build/default/production/MCAL_Layer/USART/hal_usart.o
                0x00000000000000bc                USART_INIT

.text           0x00000000000003fa       0xde
 .text          0x00000000000003fa       0xde /Applications/microchip/xc8/v3.00/avr/bin/../lib/gcc/avr/5.4.0/../../../../avr/lib/avr5/libm.a(divsf3x.o)
                0x00000000000003fa                __divsf3x
                0x0000000000000422                __divsf3_pse

.text           0x00000000000004d8       0xd4
 .text          0x00000000000004d8       0xd4 /Applications/microchip/xc8/v3.00/avr/bin/../lib/gcc/avr/5.4.0/../../../../avr/lib/avr5/libm.a(mulsf3x.o)
                0x00000000000004d8                __mulsf3x
                0x00000000000004fe                __mulsf3_pse

.text           0x00000000000005ac       0xce
 .text          0x00000000000005ac       0xce /Applications/microchip/xc8/v3.00/avr/bin/../lib/gcc/avr/5.4.0/../../../../avr/lib/avr5/libm.a(addsf3x.o)
                0x00000000000005ac                __addsf3x

.text.USART_Rx_Read_Byte_Blocking
                0x000000000000067a       0xb4
 .text.USART_Rx_Read_Byte_Blocking
                0x000000000000067a       0xb4 build/default/production/MCAL_Layer/USART/hal_usart.o
                0x000000000000067a                USART_Rx_Read_Byte_Blocking

.text.GPIO_Pin_Direction_INIT
                0x000000000000072e       0x8e
 .text.GPIO_Pin_Direction_INIT
                0x000000000000072e       0x8e build/default/production/MCAL_Layer/GPIO/hal_gpio.o
                0x000000000000072e                GPIO_Pin_Direction_INIT

.text.GPIO_Pin_Write_Logic
                0x00000000000007bc       0x84
 .text.GPIO_Pin_Write_Logic
                0x00000000000007bc       0x84 build/default/production/MCAL_Layer/GPIO/hal_gpio.o
                0x00000000000007bc                GPIO_Pin_Write_Logic

.text           0x0000000000000840       0x7a
 .text          0x0000000000000840       0x7a /Applications/microchip/xc8/v3.00/avr/bin/../lib/gcc/avr/5.4.0/../../../../avr/lib/avr5/libm.a(floatsisf.o)
                0x0000000000000840                __floatunsisf
                0x0000000000000844                __floatsisf

.text.USART_Tx_Write_Byte_Blocking
                0x00000000000008ba       0x6a
 .text.USART_Tx_Write_Byte_Blocking
                0x00000000000008ba       0x6a build/default/production/MCAL_Layer/USART/hal_usart.o
                0x00000000000008ba                USART_Tx_Write_Byte_Blocking

.text           0x0000000000000924       0x5e
 .text          0x0000000000000924       0x5e /Applications/microchip/xc8/v3.00/avr/bin/../lib/gcc/avr/5.4.0/../../../../avr/lib/avr5/libm.a(fixunssfsi.o)
                0x0000000000000924                __fixunssfsi

.text.main      0x0000000000000982       0x54
 .text.main     0x0000000000000982       0x54 build/default/production/APP_Layer/Main.o
                0x0000000000000982                main

.text.__vector_1
                0x00000000000009d6       0x48
 .text.__vector_1
                0x00000000000009d6       0x48 build/default/production/MCAL_Layer/Interrupt/hal_interrupt_mng.o
                0x00000000000009d6                __vector_1

.text.__vector_2
                0x0000000000000a1e       0x48
 .text.__vector_2
                0x0000000000000a1e       0x48 build/default/production/MCAL_Layer/Interrupt/hal_interrupt_mng.o
                0x0000000000000a1e                __vector_2

.text.__vector_3
                0x0000000000000a66       0x48
 .text.__vector_3
                0x0000000000000a66       0x48 build/default/production/MCAL_Layer/Interrupt/hal_interrupt_mng.o
                0x0000000000000a66                __vector_3

.text.__vector_16
                0x0000000000000aae       0x48
 .text.__vector_16
                0x0000000000000aae       0x48 build/default/production/MCAL_Layer/Interrupt/hal_interrupt_mng.o
                0x0000000000000aae                __vector_16

.text.__vector_11
                0x0000000000000af6       0x48
 .text.__vector_11
                0x0000000000000af6       0x48 build/default/production/MCAL_Layer/Interrupt/hal_interrupt_mng.o
                0x0000000000000af6                __vector_11

.text.__vector_10
                0x0000000000000b3e       0x48
 .text.__vector_10
                0x0000000000000b3e       0x48 build/default/production/MCAL_Layer/Interrupt/hal_interrupt_mng.o
                0x0000000000000b3e                __vector_10

.text.__vector_9
                0x0000000000000b86       0x48
 .text.__vector_9
                0x0000000000000b86       0x48 build/default/production/MCAL_Layer/Interrupt/hal_interrupt_mng.o
                0x0000000000000b86                __vector_9

.text.__vector_7
                0x0000000000000bce       0x48
 .text.__vector_7
                0x0000000000000bce       0x48 build/default/production/MCAL_Layer/Interrupt/hal_interrupt_mng.o
                0x0000000000000bce                __vector_7

.text.__vector_8
                0x0000000000000c16       0x48
 .text.__vector_8
                0x0000000000000c16       0x48 build/default/production/MCAL_Layer/Interrupt/hal_interrupt_mng.o
                0x0000000000000c16                __vector_8

.text.__vector_6
                0x0000000000000c5e       0x48
 .text.__vector_6
                0x0000000000000c5e       0x48 build/default/production/MCAL_Layer/Interrupt/hal_interrupt_mng.o
                0x0000000000000c5e                __vector_6

.text.__vector_5
                0x0000000000000ca6       0x48
 .text.__vector_5
                0x0000000000000ca6       0x48 build/default/production/MCAL_Layer/Interrupt/hal_interrupt_mng.o
                0x0000000000000ca6                __vector_5

.text.__vector_4
                0x0000000000000cee       0x48
 .text.__vector_4
                0x0000000000000cee       0x48 build/default/production/MCAL_Layer/Interrupt/hal_interrupt_mng.o
                0x0000000000000cee                __vector_4

.text.__vector_15
                0x0000000000000d36       0x48
 .text.__vector_15
                0x0000000000000d36       0x48 build/default/production/MCAL_Layer/Interrupt/hal_interrupt_mng.o
                0x0000000000000d36                __vector_15

.text.__vector_14
                0x0000000000000d7e       0x48
 .text.__vector_14
                0x0000000000000d7e       0x48 build/default/production/MCAL_Layer/Interrupt/hal_interrupt_mng.o
                0x0000000000000d7e                __vector_14

.text.__vector_13
                0x0000000000000dc6       0x48
 .text.__vector_13
                0x0000000000000dc6       0x48 build/default/production/MCAL_Layer/Interrupt/hal_interrupt_mng.o
                0x0000000000000dc6                __vector_13

.text.USART_Tx_Write_String_Blocking
                0x0000000000000e0e       0x46
 .text.USART_Tx_Write_String_Blocking
                0x0000000000000e0e       0x46 build/default/production/MCAL_Layer/USART/hal_usart.o
                0x0000000000000e0e                USART_Tx_Write_String_Blocking

.text           0x0000000000000e54       0x44
 .text          0x0000000000000e54       0x44 /Applications/microchip/xc8/v3.00/avr/bin/../lib/gcc/avr/5.4.0/../../../../avr/lib/avr5/libm.a(fp_split3.o)
                0x0000000000000e54                __fp_split3
                0x0000000000000e64                __fp_splitA

.text.USART_RX_ISR
                0x0000000000000e98       0x2c
 .text.USART_RX_ISR
                0x0000000000000e98       0x2c build/default/production/MCAL_Layer/USART/hal_usart.o
                0x0000000000000e98                USART_RX_ISR

.text.GPIO_Pin_INIT
                0x0000000000000ec4       0x26
 .text.GPIO_Pin_INIT
                0x0000000000000ec4       0x26 build/default/production/MCAL_Layer/GPIO/hal_gpio.o
                0x0000000000000ec4                GPIO_Pin_INIT

.text.TMR1_ISR  0x0000000000000eea       0x22
 .text.TMR1_ISR
                0x0000000000000eea       0x22 build/default/production/MCAL_Layer/Timers/Timer1/hal_timer1.o
                0x0000000000000eea                TMR1_ISR

.text           0x0000000000000f0c       0x22
 .text          0x0000000000000f0c       0x22 /Applications/microchip/xc8/v3.00/avr/bin/../lib/gcc/avr/5.4.0/../../../../avr/lib/avr5/libm.a(fp_round.o)
                0x0000000000000f0c                __fp_round

.text.TMR0_ISR  0x0000000000000f2e       0x1c
 .text.TMR0_ISR
                0x0000000000000f2e       0x1c build/default/production/MCAL_Layer/Timers/Timer0/hal_timer0.o
                0x0000000000000f2e                TMR0_ISR

.text.TMR2_ISR  0x0000000000000f4a       0x1c
 .text.TMR2_ISR
                0x0000000000000f4a       0x1c build/default/production/MCAL_Layer/Timers/Timer2/hal_timer2.o
                0x0000000000000f4a                TMR2_ISR

.text.INT0_ISR  0x0000000000000f66       0x16
 .text.INT0_ISR
                0x0000000000000f66       0x16 build/default/production/MCAL_Layer/Interrupt/hal_ext_interrupt.o
                0x0000000000000f66                INT0_ISR

.text.INT1_ISR  0x0000000000000f7c       0x16
 .text.INT1_ISR
                0x0000000000000f7c       0x16 build/default/production/MCAL_Layer/Interrupt/hal_ext_interrupt.o
                0x0000000000000f7c                INT1_ISR

.text.INT2_ISR  0x0000000000000f92       0x16
 .text.INT2_ISR
                0x0000000000000f92       0x16 build/default/production/MCAL_Layer/Interrupt/hal_ext_interrupt.o
                0x0000000000000f92                INT2_ISR

.text.CTC0_ISR  0x0000000000000fa8       0x16
 .text.CTC0_ISR
                0x0000000000000fa8       0x16 build/default/production/MCAL_Layer/Timers/Timer0/hal_timer0.o
                0x0000000000000fa8                CTC0_ISR

.text.CTC_OCRA_ISR
                0x0000000000000fbe       0x16
 .text.CTC_OCRA_ISR
                0x0000000000000fbe       0x16 build/default/production/MCAL_Layer/Timers/Timer1/hal_timer1.o
                0x0000000000000fbe                CTC_OCRA_ISR

.text.CTC_OCRB_ISR
                0x0000000000000fd4       0x16
 .text.CTC_OCRB_ISR
                0x0000000000000fd4       0x16 build/default/production/MCAL_Layer/Timers/Timer1/hal_timer1.o
                0x0000000000000fd4                CTC_OCRB_ISR

.text.CTC_ICR_ISR
                0x0000000000000fea       0x16
 .text.CTC_ICR_ISR
                0x0000000000000fea       0x16 build/default/production/MCAL_Layer/Timers/Timer1/hal_timer1.o
                0x0000000000000fea                CTC_ICR_ISR

.text.CTC2_ISR  0x0000000000001000       0x16
 .text.CTC2_ISR
                0x0000000000001000       0x16 build/default/production/MCAL_Layer/Timers/Timer2/hal_timer2.o
                0x0000000000001000                CTC2_ISR

.text.USART_Rx_Restart
                0x0000000000001016       0x16
 .text.USART_Rx_Restart
                0x0000000000001016       0x16 build/default/production/MCAL_Layer/USART/hal_usart.o
                0x0000000000001016                USART_Rx_Restart

.text.exit      0x000000000000102c       0x16
 .text.exit     0x000000000000102c       0x16 /Applications/microchip/xc8/v3.00/avr/bin/../lib/gcc/avr/5.4.0/../../../../avr/lib/avr5/libc.a(exit.o)
                0x000000000000102c                exit

.text.ADC_ISR   0x0000000000001042       0x12
 .text.ADC_ISR  0x0000000000001042       0x12 build/default/production/MCAL_Layer/ADC/hal_adc.o
                0x0000000000001042                ADC_ISR

.text.USART_TX_ISR
                0x0000000000001054       0x12
 .text.USART_TX_ISR
                0x0000000000001054       0x12 build/default/production/MCAL_Layer/USART/hal_usart.o
                0x0000000000001054                USART_TX_ISR

.text.USART_TSR_ISR
                0x0000000000001066       0x10
 .text.USART_TSR_ISR
                0x0000000000001066       0x10 build/default/production/MCAL_Layer/USART/hal_usart.o
                0x0000000000001066                USART_TSR_ISR

.text.Application_Init
                0x0000000000001076        0xe
 .text.Application_Init
                0x0000000000001076        0xe build/default/production/APP_Layer/Main.o
                0x0000000000001076                Application_Init

.text           0x0000000000001084        0xe
 .text          0x0000000000001084        0xe /Applications/microchip/xc8/v3.00/avr/bin/../lib/gcc/avr/5.4.0/../../../../avr/lib/avr5/libm.a(addsf3.o)
                0x0000000000001084                __subsf3
                0x0000000000001086                __addsf3

.text           0x0000000000001092        0xe
 .text          0x0000000000001092        0xe /Applications/microchip/xc8/v3.00/avr/bin/../lib/gcc/avr/5.4.0/../../../../avr/lib/avr5/libm.a(fp_pscA.o)
                0x0000000000001092                __fp_pscA

.text           0x00000000000010a0        0xe
 .text          0x00000000000010a0        0xe /Applications/microchip/xc8/v3.00/avr/bin/../lib/gcc/avr/5.4.0/../../../../avr/lib/avr5/libm.a(fp_pscB.o)
                0x00000000000010a0                __fp_pscB

.text           0x00000000000010ae        0xe
 .text          0x00000000000010ae        0xe /Applications/microchip/xc8/v3.00/avr/bin/../lib/gcc/avr/5.4.0/../../../../avr/lib/avr5/libm.a(fp_zero.o)
                0x00000000000010ae                __fp_zero
                0x00000000000010b0                __fp_szero

.text           0x00000000000010bc        0xc
 .text          0x00000000000010bc        0xc /Applications/microchip/xc8/v3.00/avr/bin/../lib/gcc/avr/5.4.0/../../../../avr/lib/avr5/libm.a(fp_inf.o)
                0x00000000000010bc                __fp_inf

.text           0x00000000000010c8        0x8
 .text          0x00000000000010c8        0x8 /Applications/microchip/xc8/v3.00/avr/bin/../lib/gcc/avr/5.4.0/../../../../avr/lib/avr5/libm.a(divsf3.o)
                0x00000000000010c8                __divsf3

.text           0x00000000000010d0        0x8
 .text          0x00000000000010d0        0x8 /Applications/microchip/xc8/v3.00/avr/bin/../lib/gcc/avr/5.4.0/../../../../avr/lib/avr5/libm.a(mulsf3.o)
                0x00000000000010d0                __mulsf3

.text           0x00000000000010d8        0x6
 .text          0x00000000000010d8        0x6 /Applications/microchip/xc8/v3.00/avr/bin/../lib/gcc/avr/5.4.0/../../../../avr/lib/avr5/libm.a(fp_nan.o)
                0x00000000000010d8                __fp_nan

.text           0x00000000000010de        0x4
 .text          0x00000000000010de        0x4 /Applications/microchip/mplabx/v6.25/packs/Microchip/ATmega_DFP/3.3.279/xc8/avr/lib/avr5/crtatmega32.o
                0x00000000000010de                __vector_12
                0x00000000000010de                __bad_interrupt
                0x00000000000010de                __vector_17
                0x00000000000010de                __vector_19
                0x00000000000010de                __vector_18
                0x00000000000010de                __vector_20

.text._Exit     0x00000000000010e2        0x4
 .text._Exit    0x00000000000010e2        0x4 /Applications/microchip/xc8/v3.00/avr/bin/../lib/gcc/avr/5.4.0/../../../../avr/lib/avr5/libc.a(_Exit.o)
                0x00000000000010e2                _Exit

.text.Ecual_Init
                0x00000000000010e6        0x2
 .text.Ecual_Init
                0x00000000000010e6        0x2 build/default/production/ECUAL_Layer/ECUAL_INIT.o
                0x00000000000010e6                Ecual_Init

.text.__dummy_fini
                0x00000000000010e8        0x2
 .text.__dummy_fini
                0x00000000000010e8        0x2 /Applications/microchip/xc8/v3.00/avr/bin/../lib/gcc/avr/5.4.0/../../../../avr/lib/avr5/libc.a(exit.o)
                0x00000000000010e8                _fini

.text.__dummy_funcs_on_exit
                0x00000000000010ea        0x2
 .text.__dummy_funcs_on_exit
                0x00000000000010ea        0x2 /Applications/microchip/xc8/v3.00/avr/bin/../lib/gcc/avr/5.4.0/../../../../avr/lib/avr5/libc.a(exit.o)
                0x00000000000010ea                __funcs_on_exit

.text.__dummy_simulator_exit
                0x00000000000010ec        0x2
 .text.__dummy_simulator_exit
                0x00000000000010ec        0x2 /Applications/microchip/xc8/v3.00/avr/bin/../lib/gcc/avr/5.4.0/../../../../avr/lib/avr5/libc.a(exit.o)
                0x00000000000010ec                __simulator_exit

.rodata         0x0000000000800060       0x23 load address 0x00000000000010ee
 .rodata        0x0000000000800060       0x23 build/default/production/APP_Layer/Main.o

.data.usart1    0x0000000000800083       0x1c load address 0x0000000000001111
 .data.usart1   0x0000000000800083       0x1c build/default/production/APP_Layer/Main.o
                0x0000000000800083                usart1

.data.PORT_REGs
                0x000000000080009f        0x8 load address 0x000000000000112d
 .data.PORT_REGs
                0x000000000080009f        0x8 build/default/production/MCAL_Layer/GPIO/hal_gpio.o
                0x000000000080009f                PORT_REGs

.data.DDR_REGs  0x00000000008000a7        0x8 load address 0x0000000000001135
 .data.DDR_REGs
                0x00000000008000a7        0x8 build/default/production/MCAL_Layer/GPIO/hal_gpio.o
                0x00000000008000a7                DDR_REGs

.rodata         0x00000000008000cd        0x1 load address 0x000000000000113d
 .rodata        0x00000000008000cd        0x1 build/default/production/MCAL_Layer/USART/hal_usart.o
