Archive member included to satisfy reference by file (symbol)

/Applications/microchip/xc8/v3.00/avr/bin/../lib/gcc/avr/5.4.0/avr5/libgcc.a(_tablejump2.o)
                              build/default/debug/MCAL_Layer/ADC/hal_adc.o (__tablejump2__)
/Applications/microchip/xc8/v3.00/avr/bin/../lib/gcc/avr/5.4.0/avr5/libgcc.a(_copy_data.o)
                              build/default/debug/ECUAL_Layer/Chr_Lcd/ecual_chr_lcd.o (__do_copy_data)
/Applications/microchip/xc8/v3.00/avr/bin/../lib/gcc/avr/5.4.0/../../../../avr/lib/avr5/libc.a(exit.o)
                              /Applications/microchip/mplabx/v6.25/packs/Microchip/ATmega_DFP/3.3.279/xc8/avr/lib/avr5/crtatmega32.o (exit)
/Applications/microchip/xc8/v3.00/avr/bin/../lib/gcc/avr/5.4.0/../../../../avr/lib/avr5/libc.a(__sio_sprintf_doux.o)
                              build/default/debug/ECUAL_Layer/Chr_Lcd/ecual_chr_lcd.o (_sprintf_cdopuxX)
/Applications/microchip/xc8/v3.00/avr/bin/../lib/gcc/avr/5.4.0/../../../../avr/lib/avr5/libc.a(__fmt_d.o)
                              /Applications/microchip/xc8/v3.00/avr/bin/../lib/gcc/avr/5.4.0/../../../../avr/lib/avr5/libc.a(__sio_sprintf_doux.o) (__fmt_d_needed)
/Applications/microchip/xc8/v3.00/avr/bin/../lib/gcc/avr/5.4.0/../../../../avr/lib/avr5/libc.a(__fmt_o.o)
                              /Applications/microchip/xc8/v3.00/avr/bin/../lib/gcc/avr/5.4.0/../../../../avr/lib/avr5/libc.a(__sio_sprintf_doux.o) (__fmt_o_needed)
/Applications/microchip/xc8/v3.00/avr/bin/../lib/gcc/avr/5.4.0/../../../../avr/lib/avr5/libc.a(__fmt_s.o)
                              /Applications/microchip/xc8/v3.00/avr/bin/../lib/gcc/avr/5.4.0/../../../../avr/lib/avr5/libc.a(__sio_sprintf_doux.o) (__fmt_s_needed)
/Applications/microchip/xc8/v3.00/avr/bin/../lib/gcc/avr/5.4.0/../../../../avr/lib/avr5/libc.a(__fmt_u.o)
                              /Applications/microchip/xc8/v3.00/avr/bin/../lib/gcc/avr/5.4.0/../../../../avr/lib/avr5/libc.a(__fmt_d.o) (__cvt_u)
/Applications/microchip/xc8/v3.00/avr/bin/../lib/gcc/avr/5.4.0/../../../../avr/lib/avr5/libc.a(__fmt_x.o)
                              /Applications/microchip/xc8/v3.00/avr/bin/../lib/gcc/avr/5.4.0/../../../../avr/lib/avr5/libc.a(__sio_sprintf_doux.o) (__fmt_x_needed)
/Applications/microchip/xc8/v3.00/avr/bin/../lib/gcc/avr/5.4.0/../../../../avr/lib/avr5/libc.a(__pop_int.o)
                              /Applications/microchip/xc8/v3.00/avr/bin/../lib/gcc/avr/5.4.0/../../../../avr/lib/avr5/libc.a(__sio_sprintf_doux.o) (__pop_int_needed)
/Applications/microchip/xc8/v3.00/avr/bin/../lib/gcc/avr/5.4.0/../../../../avr/lib/avr5/libc.a(__printf_core.o)
                              /Applications/microchip/xc8/v3.00/avr/bin/../lib/gcc/avr/5.4.0/../../../../avr/lib/avr5/libc.a(__fmt_d.o) (__pad)
/Applications/microchip/xc8/v3.00/avr/bin/../lib/gcc/avr/5.4.0/../../../../avr/lib/avr5/libc.a(fputc.o)
                              /Applications/microchip/xc8/v3.00/avr/bin/../lib/gcc/avr/5.4.0/../../../../avr/lib/avr5/libc.a(__printf_core.o) (fputc)
/Applications/microchip/xc8/v3.00/avr/bin/../lib/gcc/avr/5.4.0/../../../../avr/lib/avr5/libc.a(memset.o)
                              build/default/debug/ECUAL_Layer/Chr_Lcd/ecual_chr_lcd.o (memset)
/Applications/microchip/xc8/v3.00/avr/bin/../lib/gcc/avr/5.4.0/../../../../avr/lib/avr5/libc.a(strlen.o)
                              /Applications/microchip/xc8/v3.00/avr/bin/../lib/gcc/avr/5.4.0/../../../../avr/lib/avr5/libc.a(__fmt_s.o) (strlen)
/Applications/microchip/xc8/v3.00/avr/bin/../lib/gcc/avr/5.4.0/../../../../avr/lib/avr5/libc.a(tolower.o)
                              /Applications/microchip/xc8/v3.00/avr/bin/../lib/gcc/avr/5.4.0/../../../../avr/lib/avr5/libc.a(__printf_core.o) (tolower)
/Applications/microchip/xc8/v3.00/avr/bin/../lib/gcc/avr/5.4.0/../../../../avr/lib/avr5/libc.a(toupper.o)
                              /Applications/microchip/xc8/v3.00/avr/bin/../lib/gcc/avr/5.4.0/../../../../avr/lib/avr5/libc.a(__fmt_x.o) (toupper)
/Applications/microchip/xc8/v3.00/avr/bin/../lib/gcc/avr/5.4.0/../../../../avr/lib/avr5/libc.a(errno.o)
                              /Applications/microchip/xc8/v3.00/avr/bin/../lib/gcc/avr/5.4.0/../../../../avr/lib/avr5/libc.a(__printf_core.o) (__errno_val)
/Applications/microchip/xc8/v3.00/avr/bin/../lib/gcc/avr/5.4.0/../../../../avr/lib/avr5/libc.a(_Exit.o)
                              /Applications/microchip/xc8/v3.00/avr/bin/../lib/gcc/avr/5.4.0/../../../../avr/lib/avr5/libc.a(exit.o) (_Exit)
/Applications/microchip/xc8/v3.00/avr/bin/../lib/gcc/avr/5.4.0/../../../../avr/lib/avr5/libc.a(__int_vsprintf.o)
                              /Applications/microchip/xc8/v3.00/avr/bin/../lib/gcc/avr/5.4.0/../../../../avr/lib/avr5/libc.a(__sio_sprintf_doux.o) (__vsprintf)
/Applications/microchip/xc8/v3.00/avr/bin/../lib/gcc/avr/5.4.0/../../../../avr/lib/avr5/libc.a(__int_vsnprintf.o)
[...]
Memory Configuration

Name             Origin             Length             Attributes
text             0x0000000000000000 0x0000000000008000 xr
data             0x0000000000800060 0x0000000000000800 rw !x
eeprom           0x0000000000810000 0x0000000000000400 rw !x
fuse             0x0000000000820000 0x0000000000000002 rw !x
lock             0x0000000000830000 0x0000000000000400 rw !x
signature        0x0000000000840000 0x0000000000000400 rw !x
user_signatures  0x0000000000850000 0x0000000000000400 rw !x
bootrow          0x0000000000860000 0x0000000000000400 rw !x
*default*        0x0000000000000000 0xffffffffffffffff

Linker script and memory map

LOAD /Applications/microchip/mplabx/v6.25/packs/Microchip/ATmega_DFP/3.3.279/xc8/avr/lib/avr5/crtatmega32.o
                0x0000000000000001                __MPLAB_BUILD = 0x1
LOAD build/default/debug/Codes/ECUAL/7SEG/app1.o
LOAD build/default/debug/Codes/ECUAL/BTN/app1.o
LOAD build/default/debug/Codes/ECUAL/Chr_Lcd/app1.o
LOAD build/default/debug/Codes/ECUAL/DC_Motor/app1.o
LOAD build/default/debug/Codes/ECUAL/Keypad/app1.o
LOAD build/default/debug/Codes/ECUAL/LED/app1.o
LOAD build/default/debug/Codes/ECUAL/Relay/app1.o
LOAD build/default/debug/Codes/MCAL/ADC/app1.o
LOAD build/default/debug/Codes/MCAL/EEPROM/app1.o
LOAD build/default/debug/Codes/MCAL/GPIO/app1.o
LOAD build/default/debug/Codes/MCAL/Interrupt/app1.o
LOAD build/default/debug/ECUAL_Layer/7SEG/ecual_7seg.o
LOAD build/default/debug/ECUAL_Layer/BTN/ecual_btn.o
LOAD build/default/debug/ECUAL_Layer/Chr_Lcd/ecual_chr_lcd.o
LOAD build/default/debug/ECUAL_Layer/DC_Motor/ecual_dc_motor.o
LOAD build/default/debug/ECUAL_Layer/Keypad/ecual_keypad.o
LOAD build/default/debug/ECUAL_Layer/LED/ecual_led.o
LOAD build/default/debug/ECUAL_Layer/Relay/ecual_relay.o
LOAD build/default/debug/ECUAL_Layer/ECUAL_INIT.o
LOAD build/default/debug/MCAL_Layer/ADC/hal_adc.o
LOAD build/default/debug/MCAL_Layer/EEPROM/hal_eeprom.o
LOAD build/default/debug/MCAL_Layer/GPIO/hal_gpio.o
LOAD build/default/debug/MCAL_Layer/Interrupt/hal_ext_interrupt.o
LOAD build/default/debug/MCAL_Layer/Interrupt/hal_int_interrupt.o
LOAD build/default/debug/MCAL_Layer/Interrupt/hal_interrupt_mng.o
LOAD build/default/debug/MCAL_Layer/device_cfg.o
LOAD build/default/debug/Codes/MCAL/ADC/app2.o
LOAD build/default/debug/APP_Layer/Main.o
LOAD build/default/debug/MCAL_Layer/Timers/Timer0/hal_timer0.o
LOAD build/default/debug/Codes/MCAL/Timers/Timer0/app1.o
LOAD build/default/debug/Codes/MCAL/Timers/Timer0/app2.o
LOAD build/default/debug/Codes/MCAL/Timers/Timer0/app3.o
LOAD build/default/debug/Codes/MCAL/Timers/Timer0/app4.o
START GROUP
LOAD /Applications/microchip/xc8/v3.00/avr/bin/../lib/gcc/avr/5.4.0/../../../../avr/lib/avr5/libm.a
END GROUP
                0x0000000000000001                __MPLAB_DEBUG = 0x1
                0x0000000000000001                __DEBUG = 0x1
START GROUP
LOAD /Applications/microchip/xc8/v3.00/avr/bin/../lib/gcc/avr/5.4.0/avr5/libgcc.a
LOAD /Applications/microchip/xc8/v3.00/avr/bin/../lib/gcc/avr/5.4.0/../../../../avr/lib/avr5/libm.a
LOAD /Applications/microchip/xc8/v3.00/avr/bin/../lib/gcc/avr/5.4.0/../../../../avr/lib/avr5/libc.a
LOAD /Applications/microchip/mplabx/v6.25/packs/Microchip/ATmega_DFP/3.3.279/xc8/avr/lib/avr5/libatmega32.a
END GROUP
                0x0000000000000000                __TEXT_REGION_ORIGIN__ = DEFINED (__TEXT_REGION_ORIGIN__)?__TEXT_REGION_ORIGIN__:0x0
                [0x0000000000800060]                __DATA_REGION_ORIGIN__ = DEFINED (__DATA_REGION_ORIGIN__)?__DATA_REGION_ORIGIN__:0x800060
                [0x0000000000008000]                __TEXT_REGION_LENGTH__ = DEFINED (__TEXT_REGION_LENGTH__)?__TEXT_REGION_LENGTH__:0x20000
                [0x0000000000000800]                __DATA_REGION_LENGTH__ = DEFINED (__DATA_REGION_LENGTH__)?__DATA_REGION_LENGTH__:0xffa0
                [0x0000000000000400]                __EEPROM_REGION_LENGTH__ = DEFINED (__EEPROM_REGION_LENGTH__)?__EEPROM_REGION_LENGTH__:0x10000
                [0x0000000000000002]                __FUSE_REGION_LENGTH__ = DEFINED (__FUSE_REGION_LENGTH__)?__FUSE_REGION_LENGTH__:0x400
                0x0000000000000400                __LOCK_REGION_LENGTH__ = DEFINED (__LOCK_REGION_LENGTH__)?__LOCK_REGION_LENGTH__:0x400
                0x0000000000000400                __SIGNATURE_REGION_LENGTH__ = DEFINED (__SIGNATURE_REGION_LENGTH__)?__SIGNATURE_REGION_LENGTH__:0x400
                0x0000000000000400                __USER_SIGNATURE_REGION_LENGTH__ = DEFINED (__USER_SIGNATURE_REGION_LENGTH__)?__USER_SIGNATURE_REGION_LENGTH__:0x400
                0x0000000000000400                __BOOTROW_REGION_LENGTH__ = DEFINED (__BOOTROW_REGION_LENGTH__)?__BOOTROW_REGION_LENGTH__:0x400

.hash
 *(.hash)

.dynsym
 *(.dynsym)

.dynstr
 *(.dynstr)

.gnu.version
 *(.gnu.version)

.gnu.version_d
 *(.gnu.version_d)

.gnu.version_r
 *(.gnu.version_r)

.rel.init
 *(.rel.init)

.rela.init
 *(.rela.init)

.rel.text
 *(.rel.text)
 *(.rel.text.*)
 *(.rel.gnu.linkonce.t*)

.rela.text
 *(.rela.text)
 *(.rela.text.*)
 *(.rela.gnu.linkonce.t*)

.rel.fini
 *(.rel.fini)

.rela.fini
 *(.rela.fini)

.rel.rodata
 *(.rel.rodata)
 *(.rel.rodata.*)
 *(.rel.gnu.linkonce.r*)

.rela.rodata
 *(.rela.rodata)
 *(.rela.rodata.*)
 *(.rela.gnu.linkonce.r*)

.rel.data
 *(.rel.data)
 *(.rel.data.*)
 *(.rel.gnu.linkonce.d*)

.rela.data
 *(.rela.data)
 *(.rela.data.*)
 *(.rela.gnu.linkonce.d*)

.rel.ctors
 *(.rel.ctors)

.rela.ctors
 *(.rela.ctors)

.rel.dtors
 *(.rel.dtors)

.rela.dtors
 *(.rela.dtors)

.rel.got
 *(.rel.got)

.rela.got
 *(.rela.got)

.rel.bss
 *(.rel.bss)

.rela.bss
 *(.rela.bss)

.rel.plt
 *(.rel.plt)

.rela.plt
 *(.rela.plt)

.text           0x0000000000000000       0xc0
 *(.vectors)
 .vectors       0x0000000000000000       0x54 /Applications/microchip/mplabx/v6.25/packs/Microchip/ATmega_DFP/3.3.279/xc8/avr/lib/avr5/crtatmega32.o
                0x0000000000000000                __vectors
                0x0000000000000000                __vector_default
 *(.vectors)
 *(.progmem.gcc*)
 *(.dinit)
 .dinit         0x0000000000000054       0x18 data_init
                0x000000000000006c                . = ALIGN (0x2)
                0x000000000000006c                __trampolines_start = .
 *(.trampolines)
 .trampolines   0x000000000000006c        0x0 linker stubs
 *(.trampolines*)
                0x000000000000006c                __trampolines_end = .
 *libprintf_flt.a:*(.progmem.data)
 *libc.a:*(.progmem.data)
                0x000000000000006c                . = ALIGN (0x2)
 *(.jumptables)
 *(.jumptables*)
 *(.lowtext)
 *(.lowtext*)
                0x000000000000006c                __ctors_start = .
 *(.ctors)
                0x000000000000006c                __ctors_end = .
                0x000000000000006c                __dtors_start = .
 *(.dtors)
                0x000000000000006c                __dtors_end = .
 SORT(*)(.ctors)
 SORT(*)(.dtors)
 *(.init0)
 .init0         0x000000000000006c        0x0 /Applications/microchip/mplabx/v6.25/packs/Microchip/ATmega_DFP/3.3.279/xc8/avr/lib/avr5/crtatmega32.o
                0x000000000000006c                __init
 *(.init0)
 *(.init1)
 *(.init1)
 *(.init2)
 .init2         0x000000000000006c        0xc /Applications/microchip/mplabx/v6.25/packs/Microchip/ATmega_DFP/3.3.279/xc8/avr/lib/avr5/crtatmega32.o
 *(.init2)
 *(.init3)
 *(.init3)
 *(.init4)
 .init4         0x0000000000000078       0x3c /Applications/microchip/xc8/v3.00/avr/bin/../lib/gcc/avr/5.4.0/avr5/libgcc.a(_copy_data.o)
                0x0000000000000078                __do_copy_data
                0x00000000000000a6                __do_clear_bss
 *(.init4)
 *(.init5)
 *(.init5)
 *(.init6)
 *(.init6)
 *(.init7)
 *(.init7)
 *(.init8)
 *(.init8)
 *(.init9)
 .init9         0x00000000000000b4        0x8 /Applications/microchip/mplabx/v6.25/packs/Microchip/ATmega_DFP/3.3.279/xc8/avr/lib/avr5/crtatmega32.o
 *(.init9)
                0x00000000000000bc                . = ALIGN (0x2)
 *(.fini9)
 .fini9         0x00000000000000bc        0x0 /Applications/microchip/xc8/v3.00/avr/bin/../lib/gcc/avr/5.4.0/avr5/libgcc.a(_exit.o)
                0x00000000000000bc                _exit
 *(.fini9)
 *(.fini8)
 *(.fini8)
 *(.fini7)
 *(.fini7)
 *(.fini6)
 *(.fini6)
 *(.fini5)
 *(.fini5)
 *(.fini4)
 *(.fini4)
 *(.fini3)
 *(.fini3)
 *(.fini2)
 *(.fini2)
 *(.fini1)
 *(.fini1)
 *(.fini0)
 .fini0         0x00000000000000bc        0x4 /Applications/microchip/xc8/v3.00/avr/bin/../lib/gcc/avr/5.4.0/avr5/libgcc.a(_exit.o)
 *(.fini0)
                0x00000000000000c0                _etext = .

.data           0x0000000000800060        0x0 load address 0x00000000000000c0
                [!provide]                        PROVIDE (__data_start, .)
 *(.gnu.linkonce.d*)
 *(.gnu.linkonce.r*)
                0x0000000000800060                . = ALIGN (0x2)
 *fill*         0x0000000000800060        0x0 
                0x0000000000800060                _edata = .
                [!provide]                        PROVIDE (__data_end, .)

.bss            0x0000000000800060        0x0
                [!provide]                        PROVIDE (__bss_start, .)
 *(COMMON)
                [!provide]                        PROVIDE (__bss_end, .)
                0x00000000000000c0                __data_load_start = LOADADDR (.data)
                0x00000000000000c0                __data_load_end = (__data_load_start + SIZEOF (.data))

.noinit         0x0000000000800060        0x0
                [!provide]                        PROVIDE (__noinit_start, .)
 *(.noinit*)
                [!provide]                        PROVIDE (__noinit_end, .)
                0x0000000000800060                _end = .

.eeprom         0x0000000000810000        0x0
 *(.eeprom*)
                0x0000000000810000                __eeprom_end = .

.fuse
 *(.fuse)
 *(.lfuse)
 *(.hfuse)
 *(.efuse)

.lock
 *(.lock*)

.signature
 *(.signature*)

.user_signatures
 *(.user_signatures*)

.bootrow
 *(.bootrow*)

.stab
 *(.stab)

.stabstr
 *(.stabstr)

.stab.excl
 *(.stab.excl)

.stab.exclstr
 *(.stab.exclstr)

.stab.index
 *(.stab.index)

.stab.indexstr
 *(.stab.indexstr)

.comment        0x0000000000000000       0x5b
 *(.comment)
 .comment       0x0000000000000000       0x2f build/default/debug/ECUAL_Layer/LED/ecual_led.o
                                         0x30 (size before relaxing)
 .comment       0x000000000000002f       0x30 build/default/debug/ECUAL_Layer/ECUAL_INIT.o
 .comment       0x000000000000002f       0x30 build/default/debug/MCAL_Layer/ADC/hal_adc.o
 .comment       0x000000000000002f       0x30 build/default/debug/MCAL_Layer/GPIO/hal_gpio.o
 .comment       0x000000000000002f       0x30 build/default/debug/MCAL_Layer/Interrupt/hal_ext_interrupt.o
 .comment       0x000000000000002f       0x30 build/default/debug/MCAL_Layer/Interrupt/hal_interrupt_mng.o
 .comment       0x000000000000002f       0x30 build/default/debug/APP_Layer/Main.o
 .comment       0x000000000000002f       0x30 build/default/debug/MCAL_Layer/Timers/Timer0/hal_timer0.o
 .comment       0x000000000000002f       0x2c /Applications/microchip/xc8/v3.00/avr/bin/../lib/gcc/avr/5.4.0/../../../../avr/lib/avr5/libc.a(exit.o)
                                         0x2d (size before relaxing)
 .comment       0x000000000000005b       0x2d /Applications/microchip/xc8/v3.00/avr/bin/../lib/gcc/avr/5.4.0/../../../../avr/lib/avr5/libc.a(_Exit.o)

.stack.descriptors.hdr
                0x0000000000000000       0x2a
 .stack.descriptors.hdr
                0x0000000000000000        0xe /Applications/microchip/xc8/v3.00/avr/bin/../lib/gcc/avr/5.4.0/../../../../avr/lib/avr5/libc.a(exit.o)
 .stack.descriptors.hdr
                0x000000000000000e        0xe /Applications/microchip/xc8/v3.00/avr/bin/../lib/gcc/avr/5.4.0/../../../../avr/lib/avr5/libc.a(_Exit.o)
 .stack.descriptors.hdr
                0x000000000000001c        0xe /Applications/microchip/xc8/v3.00/avr/bin/../lib/gcc/avr/5.4.0/avr5/libgcc.a(_exit.o)

.note.GNU-stack
                0x0000000000000000        0x0
 .note.GNU-stack
                0x0000000000000000        0x0 /Applications/microchip/xc8/v3.00/avr/bin/../lib/gcc/avr/5.4.0/../../../../avr/lib/avr5/libc.a(exit.o)
 .note.GNU-stack
                0x0000000000000000        0x0 /Applications/microchip/xc8/v3.00/avr/bin/../lib/gcc/avr/5.4.0/../../../../avr/lib/avr5/libc.a(_Exit.o)

.note.gnu.build-id
 *(.note.gnu.build-id)

.debug
 *(.debug)

.line
 *(.line)

.debug_srcinfo
 *(.debug_srcinfo)

.debug_sfnames
 *(.debug_sfnames)

.debug_aranges  0x0000000000000000      0x260
 *(.debug_aranges)
 .debug_aranges
                0x0000000000000000       0x40 build/default/debug/ECUAL_Layer/LED/ecual_led.o
 .debug_aranges
                0x0000000000000040       0x20 build/default/debug/ECUAL_Layer/ECUAL_INIT.o
 .debug_aranges
                0x0000000000000060       0x68 build/default/debug/MCAL_Layer/ADC/hal_adc.o
 .debug_aranges
                0x00000000000000c8       0x78 build/default/debug/MCAL_Layer/GPIO/hal_gpio.o
 .debug_aranges
                0x0000000000000140       0x50 build/default/debug/MCAL_Layer/Interrupt/hal_ext_interrupt.o
 .debug_aranges
                0x0000000000000190       0x48 build/default/debug/MCAL_Layer/Interrupt/hal_interrupt_mng.o
 .debug_aranges
                0x00000000000001d8       0x30 build/default/debug/APP_Layer/Main.o
 .debug_aranges
                0x0000000000000208       0x58 build/default/debug/MCAL_Layer/Timers/Timer0/hal_timer0.o

.debug_pubnames
 *(.debug_pubnames)

.debug_info     0x0000000000000000     0x4eb5
 *(.debug_info .gnu.linkonce.wi.*)
 .debug_info    0x0000000000000000      0x4e6 /Applications/microchip/mplabx/v6.25/packs/Microchip/ATmega_DFP/3.3.279/xc8/avr/lib/avr5/crtatmega32.o
 .debug_info    0x00000000000004e6      0x725 build/default/debug/ECUAL_Layer/LED/ecual_led.o
 .debug_info    0x0000000000000c0b      0x32e build/default/debug/ECUAL_Layer/ECUAL_INIT.o
 .debug_info    0x0000000000000f39     0x10cc build/default/debug/MCAL_Layer/ADC/hal_adc.o
 .debug_info    0x0000000000002005      0x99a build/default/debug/MCAL_Layer/GPIO/hal_gpio.o
 .debug_info    0x000000000000299f      0xaca build/default/debug/MCAL_Layer/Interrupt/hal_ext_interrupt.o
 .debug_info    0x0000000000003469      0x438 build/default/debug/MCAL_Layer/Interrupt/hal_interrupt_mng.o
 .debug_info    0x00000000000038a1      0x943 build/default/debug/APP_Layer/Main.o
 .debug_info    0x00000000000041e4      0xcd1 build/default/debug/MCAL_Layer/Timers/Timer0/hal_timer0.o

.debug_abbrev   0x0000000000000000      0xfed
 *(.debug_abbrev)
 .debug_abbrev  0x0000000000000000      0x4a3 /Applications/microchip/mplabx/v6.25/packs/Microchip/ATmega_DFP/3.3.279/xc8/avr/lib/avr5/crtatmega32.o
 .debug_abbrev  0x00000000000004a3      0x116 build/default/debug/ECUAL_Layer/LED/ecual_led.o
 .debug_abbrev  0x00000000000005b9       0x6d build/default/debug/ECUAL_Layer/ECUAL_INIT.o
 .debug_abbrev  0x0000000000000626      0x22d build/default/debug/MCAL_Layer/ADC/hal_adc.o
 .debug_abbrev  0x0000000000000853      0x1ce build/default/debug/MCAL_Layer/GPIO/hal_gpio.o
 .debug_abbrev  0x0000000000000a21      0x20a build/default/debug/MCAL_Layer/Interrupt/hal_ext_interrupt.o
 .debug_abbrev  0x0000000000000c2b       0x6a build/default/debug/MCAL_Layer/Interrupt/hal_interrupt_mng.o
 .debug_abbrev  0x0000000000000c95      0x139 build/default/debug/APP_Layer/Main.o
 .debug_abbrev  0x0000000000000dce      0x21f build/default/debug/MCAL_Layer/Timers/Timer0/hal_timer0.o

.debug_line     0x0000000000000000     0x160f
 *(.debug_line .debug_line.* .debug_line_end)
 .debug_line    0x0000000000000000      0x116 /Applications/microchip/mplabx/v6.25/packs/Microchip/ATmega_DFP/3.3.279/xc8/avr/lib/avr5/crtatmega32.o
 .debug_line    0x0000000000000116      0x251 build/default/debug/ECUAL_Layer/LED/ecual_led.o
 .debug_line    0x0000000000000367       0x83 build/default/debug/ECUAL_Layer/ECUAL_INIT.o
 .debug_line    0x00000000000003ea      0x3fa build/default/debug/MCAL_Layer/ADC/hal_adc.o
 .debug_line    0x00000000000007e4      0x3cb build/default/debug/MCAL_Layer/GPIO/hal_gpio.o
 .debug_line    0x0000000000000baf      0x3c7 build/default/debug/MCAL_Layer/Interrupt/hal_ext_interrupt.o
 .debug_line    0x0000000000000f76      0x105 build/default/debug/MCAL_Layer/Interrupt/hal_interrupt_mng.o
 .debug_line    0x000000000000107b      0x1a5 build/default/debug/APP_Layer/Main.o
 .debug_line    0x0000000000001220      0x3ef build/default/debug/MCAL_Layer/Timers/Timer0/hal_timer0.o

.debug_frame    0x0000000000000000      0x64c
 *(.debug_frame)
 .debug_frame   0x0000000000000000       0x98 build/default/debug/ECUAL_Layer/LED/ecual_led.o
 .debug_frame   0x0000000000000098       0x24 build/default/debug/ECUAL_Layer/ECUAL_INIT.o
 .debug_frame   0x00000000000000bc       0xf0 build/default/debug/MCAL_Layer/ADC/hal_adc.o
 .debug_frame   0x00000000000001ac       0xec build/default/debug/MCAL_Layer/GPIO/hal_gpio.o
 .debug_frame   0x0000000000000298       0x9c build/default/debug/MCAL_Layer/Interrupt/hal_ext_interrupt.o
 .debug_frame   0x0000000000000334      0x224 build/default/debug/MCAL_Layer/Interrupt/hal_interrupt_mng.o
 .debug_frame   0x0000000000000558       0x44 build/default/debug/APP_Layer/Main.o
 .debug_frame   0x000000000000059c       0xb0 build/default/debug/MCAL_Layer/Timers/Timer0/hal_timer0.o

.debug_str      0x0000000000000000      0x2ed
 *(.debug_str)
 .debug_str     0x0000000000000000      0x196 /Applications/microchip/mplabx/v6.25/packs/Microchip/ATmega_DFP/3.3.279/xc8/avr/lib/avr5/crtatmega32.o
 .debug_str     0x0000000000000196       0x64 build/default/debug/ECUAL_Layer/LED/ecual_led.o
 .debug_str     0x00000000000001fa        0x0 build/default/debug/ECUAL_Layer/ECUAL_INIT.o
 .debug_str     0x00000000000001fa       0x1d build/default/debug/MCAL_Layer/ADC/hal_adc.o
 .debug_str     0x0000000000000217       0x1c build/default/debug/MCAL_Layer/GPIO/hal_gpio.o
 .debug_str     0x0000000000000233       0x24 build/default/debug/MCAL_Layer/Interrupt/hal_ext_interrupt.o
 .debug_str     0x0000000000000257       0x24 build/default/debug/MCAL_Layer/Interrupt/hal_interrupt_mng.o
 .debug_str     0x000000000000027b       0x36 build/default/debug/APP_Layer/Main.o
 .debug_str     0x00000000000002b1       0x3c build/default/debug/MCAL_Layer/Timers/Timer0/hal_timer0.o

.debug_loc      0x0000000000000000     0x19cd
 *(.debug_loc)
 .debug_loc     0x0000000000000000      0x3e9 build/default/debug/ECUAL_Layer/LED/ecual_led.o
 .debug_loc     0x00000000000003e9      0x88b build/default/debug/MCAL_Layer/ADC/hal_adc.o
 .debug_loc     0x0000000000000c74      0x65e build/default/debug/MCAL_Layer/GPIO/hal_gpio.o
 .debug_loc     0x00000000000012d2      0x345 build/default/debug/MCAL_Layer/Interrupt/hal_ext_interrupt.o
 .debug_loc     0x0000000000001617      0x3b6 build/default/debug/MCAL_Layer/Timers/Timer0/hal_timer0.o

.debug_macinfo
 *(.debug_macinfo)

.debug_weaknames
 *(.debug_weaknames)

.debug_funcnames
 *(.debug_funcnames)

.debug_typenames
 *(.debug_typenames)

.debug_varnames
 *(.debug_varnames)

.debug_pubtypes
 *(.debug_pubtypes)

.debug_ranges   0x0000000000000000      0x280
 *(.debug_ranges)
 .debug_ranges  0x0000000000000000       0x60 build/default/debug/ECUAL_Layer/LED/ecual_led.o
 .debug_ranges  0x0000000000000060       0x10 build/default/debug/ECUAL_Layer/ECUAL_INIT.o
 .debug_ranges  0x0000000000000070       0x80 build/default/debug/MCAL_Layer/ADC/hal_adc.o
 .debug_ranges  0x00000000000000f0       0x68 build/default/debug/MCAL_Layer/GPIO/hal_gpio.o
 .debug_ranges  0x0000000000000158       0x58 build/default/debug/MCAL_Layer/Interrupt/hal_ext_interrupt.o
 .debug_ranges  0x00000000000001b0       0x38 build/default/debug/MCAL_Layer/Interrupt/hal_interrupt_mng.o
 .debug_ranges  0x00000000000001e8       0x20 build/default/debug/APP_Layer/Main.o
 .debug_ranges  0x0000000000000208       0x78 build/default/debug/MCAL_Layer/Timers/Timer0/hal_timer0.o

.debug_macro
 *(.debug_macro)
OUTPUT(dist/default/debug/MCU_ATMEGA32_Drivers.X.debug.elf elf32-avr)
LOAD linker stubs
LOAD data_init

.note.gnu.avr.deviceinfo
                0x0000000000000000       0x3c
 .note.gnu.avr.deviceinfo
                0x0000000000000000       0x3c /Applications/microchip/mplabx/v6.25/packs/Microchip/ATmega_DFP/3.3.279/xc8/avr/lib/avr5/crtatmega32.o

.bss.ADC_Interrupt_Handler
                0x000000000080007b        0x2
 .bss.ADC_Interrupt_Handler
                0x000000000080007b        0x2 build/default/debug/MCAL_Layer/ADC/hal_adc.o

.bss.INT2_Handler
                0x000000000080007d        0x2
 .bss.INT2_Handler
                0x000000000080007d        0x2 build/default/debug/MCAL_Layer/Interrupt/hal_ext_interrupt.o

.bss.INT1_Handler
                0x000000000080007f        0x2
 .bss.INT1_Handler
                0x000000000080007f        0x2 build/default/debug/MCAL_Layer/Interrupt/hal_ext_interrupt.o

.bss.INT0_Handler
                0x0000000000800081        0x2
 .bss.INT0_Handler
                0x0000000000800081        0x2 build/default/debug/MCAL_Layer/Interrupt/hal_ext_interrupt.o

.bss.cout       0x0000000000800085        0x1
 .bss.cout      0x0000000000800085        0x1 build/default/debug/APP_Layer/Main.o
                0x0000000000800085                cout

.bss.Timer0_Handler_Function
                0x0000000000800083        0x2
 .bss.Timer0_Handler_Function
                0x0000000000800083        0x2 build/default/debug/MCAL_Layer/Timers/Timer0/hal_timer0.o

.bss.preloaded_value
                0x0000000000800087        0x1
 .bss.preloaded_value
                0x0000000000800087        0x1 build/default/debug/MCAL_Layer/Timers/Timer0/hal_timer0.o

.text.Timer0_INIT
                0x00000000000000c0      0x192
 .text.Timer0_INIT
                0x00000000000000c0      0x192 build/default/debug/MCAL_Layer/Timers/Timer0/hal_timer0.o
                0x00000000000000c0                Timer0_INIT

.text.GPIO_Pin_Direction_INIT
                0x0000000000000252       0x8e
 .text.GPIO_Pin_Direction_INIT
                0x0000000000000252       0x8e build/default/debug/MCAL_Layer/GPIO/hal_gpio.o
                0x0000000000000252                GPIO_Pin_Direction_INIT

.text.GPIO_Pin_Write_Logic
                0x00000000000002e0       0x84
 .text.GPIO_Pin_Write_Logic
                0x00000000000002e0       0x84 build/default/debug/MCAL_Layer/GPIO/hal_gpio.o
                0x00000000000002e0                GPIO_Pin_Write_Logic

.text.GPIO_Led_INIT
                0x0000000000000364       0x56
 .text.GPIO_Led_INIT
                0x0000000000000364       0x56 build/default/debug/ECUAL_Layer/LED/ecual_led.o
                0x0000000000000364                GPIO_Led_INIT

.text.__vector_1
                0x00000000000003ba       0x48
 .text.__vector_1
                0x00000000000003ba       0x48 build/default/debug/MCAL_Layer/Interrupt/hal_interrupt_mng.o
                0x00000000000003ba                __vector_1

.text.__vector_2
                0x0000000000000402       0x48
 .text.__vector_2
                0x0000000000000402       0x48 build/default/debug/MCAL_Layer/Interrupt/hal_interrupt_mng.o
                0x0000000000000402                __vector_2

.text.__vector_3
                0x000000000000044a       0x48
 .text.__vector_3
                0x000000000000044a       0x48 build/default/debug/MCAL_Layer/Interrupt/hal_interrupt_mng.o
                0x000000000000044a                __vector_3

.text.__vector_16
                0x0000000000000492       0x48
 .text.__vector_16
                0x0000000000000492       0x48 build/default/debug/MCAL_Layer/Interrupt/hal_interrupt_mng.o
                0x0000000000000492                __vector_16

.text.__vector_11
                0x00000000000004da       0x48
 .text.__vector_11
                0x00000000000004da       0x48 build/default/debug/MCAL_Layer/Interrupt/hal_interrupt_mng.o
                0x00000000000004da                __vector_11

.text.__vector_10
                0x0000000000000522       0x48
 .text.__vector_10
                0x0000000000000522       0x48 build/default/debug/MCAL_Layer/Interrupt/hal_interrupt_mng.o
                0x0000000000000522                __vector_10

.text.GPIO_Pin_INIT
                0x000000000000056a       0x26
 .text.GPIO_Pin_INIT
                0x000000000000056a       0x26 build/default/debug/MCAL_Layer/GPIO/hal_gpio.o
                0x000000000000056a                GPIO_Pin_INIT

.text.Timer0_Read_Data
                0x0000000000000590       0x1c
 .text.Timer0_Read_Data
                0x0000000000000590       0x1c build/default/debug/MCAL_Layer/Timers/Timer0/hal_timer0.o
                0x0000000000000590                Timer0_Read_Data

.text.TMR0_ISR  0x00000000000005ac       0x1c
 .text.TMR0_ISR
                0x00000000000005ac       0x1c build/default/debug/MCAL_Layer/Timers/Timer0/hal_timer0.o
                0x00000000000005ac                TMR0_ISR

.text.INT0_ISR  0x00000000000005c8       0x16
 .text.INT0_ISR
                0x00000000000005c8       0x16 build/default/debug/MCAL_Layer/Interrupt/hal_ext_interrupt.o
                0x00000000000005c8                INT0_ISR

.text.INT1_ISR  0x00000000000005de       0x16
 .text.INT1_ISR
                0x00000000000005de       0x16 build/default/debug/MCAL_Layer/Interrupt/hal_ext_interrupt.o
                0x00000000000005de                INT1_ISR

.text.INT2_ISR  0x00000000000005f4       0x16
 .text.INT2_ISR
                0x00000000000005f4       0x16 build/default/debug/MCAL_Layer/Interrupt/hal_ext_interrupt.o
                0x00000000000005f4                INT2_ISR

.text.Application_Init
                0x000000000000060a       0x16
 .text.Application_Init
                0x000000000000060a       0x16 build/default/debug/APP_Layer/Main.o
                0x000000000000060a                Application_Init

.text.CTC_ISR   0x0000000000000620       0x16
 .text.CTC_ISR  0x0000000000000620       0x16 build/default/debug/MCAL_Layer/Timers/Timer0/hal_timer0.o
                0x0000000000000620                CTC_ISR

.text.exit      0x0000000000000636       0x16
 .text.exit     0x0000000000000636       0x16 /Applications/microchip/xc8/v3.00/avr/bin/../lib/gcc/avr/5.4.0/../../../../avr/lib/avr5/libc.a(exit.o)
                0x0000000000000636                exit

.text.ADC_ISR   0x000000000000064c       0x12
 .text.ADC_ISR  0x000000000000064c       0x12 build/default/debug/MCAL_Layer/ADC/hal_adc.o
                0x000000000000064c                ADC_ISR

.text.main      0x000000000000065e       0x12
 .text.main     0x000000000000065e       0x12 build/default/debug/APP_Layer/Main.o
                0x000000000000065e                main

.text           0x0000000000000670        0x4
 .text          0x0000000000000670        0x4 /Applications/microchip/mplabx/v6.25/packs/Microchip/ATmega_DFP/3.3.279/xc8/avr/lib/avr5/crtatmega32.o
                0x0000000000000670                __vector_20
                0x0000000000000670                __bad_interrupt
                0x0000000000000670                __vector_6
                0x0000000000000670                __vector_13
                0x0000000000000670                __vector_17
                0x0000000000000670                __vector_19
                0x0000000000000670                __vector_7
                0x0000000000000670                __vector_5
                0x0000000000000670                __vector_4
                0x0000000000000670                __vector_9
                0x0000000000000670                __vector_15
                0x0000000000000670                __vector_8
                0x0000000000000670                __vector_14
                0x0000000000000670                __vector_18
                0x0000000000000670                __vector_12

.text._Exit     0x0000000000000674        0x4
 .text._Exit    0x0000000000000674        0x4 /Applications/microchip/xc8/v3.00/avr/bin/../lib/gcc/avr/5.4.0/../../../../avr/lib/avr5/libc.a(_Exit.o)
                0x0000000000000674                _Exit

.text.Ecual_Init
                0x0000000000000678        0x2
 .text.Ecual_Init
                0x0000000000000678        0x2 build/default/debug/ECUAL_Layer/ECUAL_INIT.o
                0x0000000000000678                Ecual_Init

.text.tmr0_app_isr
                0x000000000000067a        0x2
 .text.tmr0_app_isr
                0x000000000000067a        0x2 build/default/debug/APP_Layer/Main.o
                0x000000000000067a                tmr0_app_isr

.text.__dummy_fini
                0x000000000000067c        0x2
 .text.__dummy_fini
                0x000000000000067c        0x2 /Applications/microchip/xc8/v3.00/avr/bin/../lib/gcc/avr/5.4.0/../../../../avr/lib/avr5/libc.a(exit.o)
                0x000000000000067c                _fini

.text.__dummy_funcs_on_exit
                0x000000000000067e        0x2
 .text.__dummy_funcs_on_exit
                0x000000000000067e        0x2 /Applications/microchip/xc8/v3.00/avr/bin/../lib/gcc/avr/5.4.0/../../../../avr/lib/avr5/libc.a(exit.o)
                0x000000000000067e                __funcs_on_exit

.text.__dummy_simulator_exit
                0x0000000000000680        0x2
 .text.__dummy_simulator_exit
                0x0000000000000680        0x2 /Applications/microchip/xc8/v3.00/avr/bin/../lib/gcc/avr/5.4.0/../../../../avr/lib/avr5/libc.a(exit.o)
                0x0000000000000680                __simulator_exit

.data.PORT_REGs
                0x0000000000800060        0x8 load address 0x0000000000000682
 .data.PORT_REGs
                0x0000000000800060        0x8 build/default/debug/MCAL_Layer/GPIO/hal_gpio.o
                0x0000000000800060                PORT_REGs

.data.DDR_REGs  0x0000000000800068        0x8 load address 0x000000000000068a
 .data.DDR_REGs
                0x0000000000800068        0x8 build/default/debug/MCAL_Layer/GPIO/hal_gpio.o
                0x0000000000800068                DDR_REGs

.data.t0_counter
                0x0000000000800070        0x8 load address 0x0000000000000692
 .data.t0_counter
                0x0000000000800070        0x8 build/default/debug/APP_Layer/Main.o
                0x0000000000800070                t0_counter

.data.led1      0x0000000000800078        0x3 load address 0x000000000000069a
 .data.led1     0x0000000000800078        0x3 build/default/debug/APP_Layer/Main.o
                0x0000000000800078                led1

.rodata         0x0000000000800086        0x1 load address 0x000000000000069d
 .rodata        0x0000000000800086        0x1 build/default/debug/MCAL_Layer/Timers/Timer0/hal_timer0.o
