Microchip MPLAB XC8 Compiler V3.00

Linker command line:

-W-3 \
  --edf=/Applications/microchip/mplabx/v6.25/packs/Microchip/PIC18F-K_DFP/1.14.301/xc8/pic/dat/20241213203129_en.msgs \
  -cn -h+dist/default/production/MCU_PIC_Drivers_Revision.X.production.sym \
  --cmf=dist/default/production/MCU_PIC_Drivers_Revision.X.production.cmf \
  -z -Q18F46K20 -o/tmp/xcigreo7j/driver_tmp_3.o --defsym=__MPLAB_BUILD=1 \
  --fixupoverflow=error \
  -Mdist/default/production/MCU_PIC_Drivers_Revision.X.production.map \
  --md=/tmp/xcigreo7j/driver_tmp_0.dat -E1 -ver=XC8 Compiler \
  -ACODE=00h-0FFFFh -ACONST=00h-0FFFFh -ASMALLCONST=01000h-010FFhx240 \
  -AMEDIUMCONST=01000h-0FFFFh -ACOMRAM=01h-05Fh -AABS1=00h-0F5Fh \
  -ABIGRAM=01h-0F5Fh -ARAM=060h-0FFh,0100h-01FFhx14,0F00h-0F5Fh \
  -ABANK0=060h-0FFh -ABANK1=0100h-01FFh -ABANK2=0200h-02FFh \
  -ABANK3=0300h-03FFh -ABANK4=0400h-04FFh -ABANK5=0500h-05FFh \
  -ABANK6=0600h-06FFh -ABANK7=0700h-07FFh -ABANK8=0800h-08FFh \
  -ABANK9=0900h-09FFh -ABANK10=0A00h-0AFFh -ABANK11=0B00h-0BFFh \
  -ABANK12=0C00h-0CFFh -ABANK13=0D00h-0DFFh -ABANK14=0E00h-0EFFh \
  -ABANK15=0F00h-0F5Fh -ASFR=0F60h-0FFFh -ABIGSFR=0F60h-0FFFh \
  -ACONFIG=0300000h-030000Dh -AIDLOC=0200000h-0200007h \
  -AEEDATA=0F00000h-0F003FFh -peeprom_data=EEDATA \
  -preset_vec=00h,intcode=8h,intcodelo=18h,sivt_lo,sivt_hi=CODE \
  -ppowerup=CODE,init -pramtop=01000h -psmallconst=SMALLCONST \
  -pmediumconst=MEDIUMCONST -pconst=CONST -AFARRAM=00h-00h \
  -prdata=COMRAM,nvrram=COMRAM,nvbit=COMRAM,rbss=COMRAM,rbit=COMRAM \
  -pfarbss=FARRAM,fardata=FARRAM,nvFARRAM=FARRAM \
  -pintsave_regs=BIGRAM,bigbss=BIGRAM,bigdata=BIGRAM -pbss=RAM \
  -pidata=CODE,irdata=CODE,ibigdata=CODE,ifardata=CODE -prparam=COMRAM \
  /tmp/xcigreo7j/driver_tmp_9.o \
  dist/default/production/MCU_PIC_Drivers_Revision.X.production.o 

Object code version is 3.11

Machine type is 18F46K20



                Name                               Link     Load   Length Selector   Space Scale
/tmp/xcigreo7j/driver_tmp_9.o
                config                           300000   300000        E        0       4
                init                               FFFC     FFFC        4     7FFE       0
                reset_vec                             0        0        4        0       0
dist/default/production/MCU_PIC_Drivers_Revision.X.production.o
                config                           300000   300000        E        0       4
                smallconst                         1000     1000       20      800       0
                text10                             1020     1020      124      810       0
                text9                              1144     1144      122      810       0
                text8                              14D2     14D2       5C      810       0
                text7                              15C8     15C8       24      810       0
                text6                              1322     1322       AC      810       0
                text5                              1462     1462       70      810       0
                text4                              1556     1556       28      810       0
                text3                              152E     152E       28      810       0
                text2                              13CE     13CE       94      810       0
                text1                              15A4     15A4       24      810       0
                text0                              1266     1266       BC      810       0
                cstackCOMRAM                          1        1       11        1       1
                dataCOMRAM                           14       14        2        1       1
                bssCOMRAM                            12       12        2        1       1
                cinit                              157E     157E       26      810       0
                idataCOMRAM                        15EC     15EC        2      810       0

TOTAL           Name                               Link     Load   Length     Space
        CLASS   CODE           
                init                               FFFC     FFFC        4         0
                reset_vec                             0        0        4         0
                text10                             1020     1020      124         0
                text9                              1144     1144      122         0
                text8                              14D2     14D2       5C         0
                text7                              15C8     15C8       24         0
                text6                              1322     1322       AC         0
                text5                              1462     1462       70         0
                text4                              1556     1556       28         0
                text3                              152E     152E       28         0
                text2                              13CE     13CE       94         0
                text1                              15A4     15A4       24         0
                text0                              1266     1266       BC         0
                cinit                              157E     157E       26         0
                idataCOMRAM                        15EC     15EC        2         0

        CLASS   CONST          

        CLASS   SMALLCONST     
                smallconst                         1000     1000       20         0

        CLASS   MEDIUMCONST    

        CLASS   COMRAM         
                cstackCOMRAM                          1        1       11         1
                dataCOMRAM                           14       14        2         1
                bssCOMRAM                            12       12        2         1

        CLASS   ABS1           

        CLASS   BIGRAM         

        CLASS   RAM            

        CLASS   BANK0          

        CLASS   BANK1          

        CLASS   BANK2          

        CLASS   BANK3          

        CLASS   BANK4          

        CLASS   BANK5          

        CLASS   BANK6          

        CLASS   BANK7          

        CLASS   BANK8          

        CLASS   BANK9          

        CLASS   BANK10         

        CLASS   BANK11         

        CLASS   BANK12         

        CLASS   BANK13         

        CLASS   BANK14         

        CLASS   BANK15         

        CLASS   SFR            

        CLASS   BIGSFR         

        CLASS   CONFIG         
                config                           300000   300000        E         4

        CLASS   IDLOC          

        CLASS   EEDATA         

        CLASS   FARRAM         

        CLASS   HEAP           

        CLASS   STACK          



SEGMENTS        Name                           Load    Length   Top    Selector   Space  Class

                reset_vec                      000000  000004  000004         0       0  CODE    
                text10                         001020  0005CE  0015EE       810       0  CODE    
                cstackCOMRAM                   000001  000015  000016         1       1  COMRAM  
                smallconst                     001000  000020  001020       800       0  SMALLCON
                init                           00FFFC  000004  010000      7FFE       0  CODE    


UNUSED ADDRESS RANGES

        Name                Unused          Largest block    Delta
        BANK0            000060-0000FF               A0
        BANK1            000100-0001FF              100
        BANK10           000A00-000AFF              100
        BANK11           000B00-000BFF              100
        BANK12           000C00-000CFF              100
        BANK13           000D00-000DFF              100
        BANK14           000E00-000EFF              100
        BANK15           000F00-000F5F               60
        BANK2            000200-0002FF              100
        BANK3            000300-0003FF              100
        BANK4            000400-0004FF              100
        BANK5            000500-0005FF              100
        BANK6            000600-0006FF              100
        BANK7            000700-0007FF              100
        BANK8            000800-0008FF              100
        BANK9            000900-0009FF              100
        BIGRAM           000016-000F5F              F4A
        BIGSFR           000F60-000FFF               A0
        CODE             000004-000FFF              FFC
                         0015EE-00FFFB             EA0E
        COMRAM           000016-00005F               4A
        CONST            000004-000FFF              FFC
                         0015EE-00FFFB             EA0E
        EEDATA           F00000-F003FF              400
        IDLOC            200000-200007                8
        MEDIUMCONST      0015EE-00FFFB             EA0E
        RAM              000060-000F5F              100
        SFR              000F60-000FFF               A0
        SMALLCONST       0015EE-00FFFB              100

                                  Symbol Table

_LATA                            (abs)        000F89
_LATB                            (abs)        000F8A
_LATC                            (abs)        000F8B
_LATD                            (abs)        000F8C
_LATE                            (abs)        000F8D
_PORTA                           (abs)        000F80
_PORTB                           (abs)        000F81
_PORTC                           (abs)        000F82
_PORTD                           (abs)        000F83
_PORTE                           (abs)        000F84
_TRISA                           (abs)        000F92
_TRISB                           (abs)        000F93
_TRISC                           (abs)        000F94
_TRISD                           (abs)        000F95
_TRISE                           (abs)        000F96
__HRAM                           (abs)        000000
__H__absolute__                  __absolute__ 000000
__Habs1                          abs1         000000
__Hbank0                         bank0        000000
__Hbank1                         bank1        000000
__Hbank10                        bank10       000000
__Hbank11                        bank11       000000
__Hbank12                        bank12       000000
__Hbank13                        bank13       000000
__Hbank14                        bank14       000000
__Hbank15                        bank15       000000
__Hbank2                         bank2        000000
__Hbank3                         bank3        000000
__Hbank4                         bank4        000000
__Hbank5                         bank5        000000
__Hbank6                         bank6        000000
__Hbank7                         bank7        000000
__Hbank8                         bank8        000000
__Hbank9                         bank9        000000
__Hbigbss                        bigbss       000000
__Hbigdata                       bigdata      000000
__Hbigram                        bigram       000000
__Hbigsfr                        bigsfr       000000
__Hbss                           bss          000000
__HbssCOMRAM                     bssCOMRAM    000000
__Hcinit                         cinit        000000
__Hclrtext                       clrtext      000000
__Hcomram                        comram       000000
__Hconfig                        config       30000E
__Hconst                         const        000000
__HcstackCOMRAM                  cstackCOMRAM 000000
__Hdata                          data         000000
__HdataCOMRAM                    dataCOMRAM   000000
__Heeprom_data                   eeprom_data  000000
__Hfarbss                        farbss       000000
__Hfardata                       fardata      000000
__Hheap                          heap         000000
__Hibigdata                      ibigdata     000000
__Hidata                         idata        000000
__HidataCOMRAM                   idataCOMRAM  000000
__Hidloc                         idloc        000000
__Hifardata                      ifardata     000000
__Hinit                          init         010000
__Hintcode                       intcode      000008
__Hintcode_body                  intcode_body 000000
__Hintcodelo                     intcodelo    000018
__Hintentry                      intentry     000000
__Hintret                        intret       000000
__Hintsave_regs                  intsave_regs 000000
__Hirdata                        irdata       000000
__Hmediumconst                   mediumconst  000000
__HnvFARRAM                      nvFARRAM     000000
__Hnvbit                         nvbit        000000
__Hnvrram                        nvrram       000000
__Hparam                         rparam       000000
__Hpowerup                       powerup      000000
__Hram                           ram          000000
__Hramtop                        ramtop       001000
__Hrbit                          rbit         000000
__Hrbss                          rbss         000000
__Hrdata                         rdata        000000
__Hreset_vec                     reset_vec    000004
__Hrparam                        rparam       000000
__Hsfr                           sfr          000000
__Hsivt_hi                       sivt_hi      000000
__Hsivt_lo                       sivt_lo      000018
__Hsmallconst                    smallconst   001020
__Hspace_0                       (abs)        010000
__Hspace_1                       (abs)        000016
__Hspace_2                       (abs)        000000
__Hspace_4                       (abs)        60000E
__Hstack                         stack        000000
__Hstruct                        struct       000000
__Htemp                          temp         000000
__Htext                          text         000000
__Htext0                         text0        000000
__Htext1                         text1        000000
__Htext10                        text10       000000
__Htext2                         text2        000000
__Htext3                         text3        000000
__Htext4                         text4        000000
__Htext5                         text5        000000
__Htext6                         text6        000000
__Htext7                         text7        000000
__Htext8                         text8        000000
__Htext9                         text9        000000
__LRAM                           (abs)        000001
__L__absolute__                  __absolute__ 000000
__Labs1                          abs1         000000
__Lbank0                         bank0        000000
__Lbank1                         bank1        000000
__Lbank10                        bank10       000000
__Lbank11                        bank11       000000
__Lbank12                        bank12       000000
__Lbank13                        bank13       000000
__Lbank14                        bank14       000000
__Lbank15                        bank15       000000
__Lbank2                         bank2        000000
__Lbank3                         bank3        000000
__Lbank4                         bank4        000000
__Lbank5                         bank5        000000
__Lbank6                         bank6        000000
__Lbank7                         bank7        000000
__Lbank8                         bank8        000000
__Lbank9                         bank9        000000
__Lbigbss                        bigbss       000000
__Lbigdata                       bigdata      000000
__Lbigram                        bigram       000000
__Lbigsfr                        bigsfr       000000
__Lbss                           bss          000000
__LbssCOMRAM                     bssCOMRAM    000000
__Lcinit                         cinit        000000
__Lclrtext                       clrtext      000000
__Lcomram                        comram       000000
__Lconfig                        config       000000
__Lconst                         const        000000
__LcstackCOMRAM                  cstackCOMRAM 000000
__Ldata                          data         000000
__LdataCOMRAM                    dataCOMRAM   000000
__Leeprom_data                   eeprom_data  000000
__Lfarbss                        farbss       000000
__Lfardata                       fardata      000000
__Lheap                          heap         000000
__Libigdata                      ibigdata     000000
__Lidata                         idata        000000
__LidataCOMRAM                   idataCOMRAM  000000
__Lidloc                         idloc        000000
__Lifardata                      ifardata     000000
__Linit                          init         00FFFC
__Lintcode                       intcode      000008
__Lintcode_body                  intcode_body 000000
__Lintcodelo                     intcodelo    000018
__Lintentry                      intentry     000000
__Lintret                        intret       000000
__Lintsave_regs                  intsave_regs 000000
__Lirdata                        irdata       000000
__Lmediumconst                   mediumconst  000000
__LnvFARRAM                      nvFARRAM     000000
__Lnvbit                         nvbit        000000
__Lnvrram                        nvrram       000000
__Lparam                         rparam       000000
__Lpowerup                       powerup      000000
__Lram                           ram          000000
__Lramtop                        ramtop       001000
__Lrbit                          rbit         000000
__Lrbss                          rbss         000000
__Lrdata                         rdata        000000
__Lreset_vec                     reset_vec    000000
__Lrparam                        rparam       000000
__Lsfr                           sfr          000000
__Lsivt_hi                       sivt_hi      000000
__Lsivt_lo                       sivt_lo      000018
__Lsmallconst                    smallconst   001000
__Lspace_0                       (abs)        000000
__Lspace_1                       (abs)        000000
__Lspace_2                       (abs)        000000
__Lspace_4                       (abs)        000000
__Lstack                         stack        000000
__Lstruct                        struct       000000
__Ltemp                          temp         000000
__Ltext                          text         000000
__Ltext0                         text0        000000
__Ltext1                         text1        000000
__Ltext10                        text10       000000
__Ltext2                         text2        000000
__Ltext3                         text3        000000
__Ltext4                         text4        000000
__Ltext5                         text5        000000
__Ltext6                         text6        000000
__Ltext7                         text7        000000
__Ltext8                         text8        000000
__Ltext9                         text9        000000
__S0                             (abs)        010000
__S1                             (abs)        000016
__S4                             (abs)        000000
__S5                             (abs)        000000
___heap_hi                       (abs)        000000
___heap_lo                       (abs)        000000
___inthi_sp                      stack        000000
___inthi_stack_hi                stack        000000
___inthi_stack_lo                stack        000000
___intlo_sp                      stack        000000
___intlo_stack_hi                stack        000000
___intlo_stack_lo                stack        000000
___param_bank                    (abs)        000000
___rparam_used                   (abs)        000001
___sp                            stack        000000
___stack_hi                      stack        000000
___stack_lo                      stack        000000
__accesstop                      (abs)        000060
__activetblptr                   (abs)        000002
__end_of__initialization         cinit        00159A
__end_of_gpio_pin_direction_init text10       001144
__end_of_gpio_pin_init           text8        00152E
__end_of_gpio_pin_read_logic     text6        0013CE
__end_of_gpio_pin_toggle_logic   text2        001462
__end_of_gpio_pin_write_logic    text9        001266
__end_of_gpio_relay_init         text7        0015EC
__end_of_gpio_relay_read_logic   text5        0014D2
__end_of_gpio_relay_turn_off     text4        00157E
__end_of_gpio_relay_turn_on      text3        001556
__end_of_gpio_relay_turn_toggle  text1        0015C8
__end_of_lat_regs                smallconst   00100B
__end_of_main                    text0        001322
__end_of_port_regs               smallconst   001015
__end_of_tris_regs               smallconst   00101F
__initialization                 cinit        00157E
__mediumconst                    smallconst   001000
__pbssCOMRAM                     bssCOMRAM    000012
__pcinit                         cinit        00157E
__pcstackCOMRAM                  cstackCOMRAM 000001
__pdataCOMRAM                    dataCOMRAM   000014
__pidataCOMRAM                   idataCOMRAM  0015EC
__psmallconst                    smallconst   001000
__ptext0                         text0        001266
__ptext1                         text1        0015A4
__ptext10                        text10       001020
__ptext2                         text2        0013CE
__ptext3                         text3        00152E
__ptext4                         text4        001556
__ptext5                         text5        001462
__ptext6                         text6        001322
__ptext7                         text7        0015C8
__ptext8                         text8        0014D2
__ptext9                         text9        001144
__ramtop                         ramtop       001000
__smallconst                     smallconst   001000
_gpio_pin_direction_init         text10       001020
_gpio_pin_init                   text8        0014D2
_gpio_pin_read_logic             text6        001322
_gpio_pin_toggle_logic           text2        0013CE
_gpio_pin_write_logic            text9        001144
_gpio_relay_init                 text7        0015C8
_gpio_relay_read_logic           text5        001462
_gpio_relay_turn_off             text4        001556
_gpio_relay_turn_on              text3        00152E
_gpio_relay_turn_toggle          text1        0015A4
_lat_regs                        smallconst   001001
_main                            text0        001266
_port_regs                       smallconst   00100B
_relay1                          dataCOMRAM   000015
_relay2                          dataCOMRAM   000014
_st1                             bssCOMRAM    000013
_st2                             bssCOMRAM    000012
_tris_regs                       smallconst   001015
end_of_initialization            cinit        00159A
gpio_pin_direction_init@Retval   cstackCOMRAM 000008
gpio_pin_direction_init@pin      cstackCOMRAM 000001
gpio_pin_init@Retval             cstackCOMRAM 00000C
gpio_pin_init@pin                cstackCOMRAM 00000A
gpio_pin_read_logic@Retval       cstackCOMRAM 000008
gpio_pin_read_logic@logic        cstackCOMRAM 000002
gpio_pin_read_logic@pin          cstackCOMRAM 000001
gpio_pin_toggle_logic@Retval     cstackCOMRAM 000007
gpio_pin_toggle_logic@pin        cstackCOMRAM 000001
gpio_pin_write_logic@Retval      cstackCOMRAM 000009
gpio_pin_write_logic@logic       cstackCOMRAM 000002
gpio_pin_write_logic@pin         cstackCOMRAM 000001
gpio_relay_init@Retval           cstackCOMRAM 00000E
gpio_relay_init@relay            cstackCOMRAM 00000D
gpio_relay_read_logic@Retval     cstackCOMRAM 00000B
gpio_relay_read_logic@logic      cstackCOMRAM 00000C
gpio_relay_read_logic@relay      cstackCOMRAM 000009
gpio_relay_read_logic@state      cstackCOMRAM 00000A
gpio_relay_turn_off@Retval       cstackCOMRAM 00000B
gpio_relay_turn_off@relay        cstackCOMRAM 00000A
gpio_relay_turn_on@Retval        cstackCOMRAM 00000B
gpio_relay_turn_on@relay         cstackCOMRAM 00000A
gpio_relay_turn_toggle@Retval    cstackCOMRAM 000009
gpio_relay_turn_toggle@relay     cstackCOMRAM 000008
intlevel0                        text         000000
intlevel1                        text         000000
intlevel2                        text         000000
intlevel3                        text         000000
isa$std                          (abs)        000001
isa$xinst                        (abs)        000000
main@ret                         cstackCOMRAM 000011
stackhi                          (abs)        000000
stacklo                          (abs)        000000
start                            init         00FFFC
start_initialization             cinit        00157E


MODULE INFORMATION

Module		Function		Class		Link	Load	Size
APPL/app.c
		_main          		CODE           	1266	0000	188

APPL/app.c estimated size: 188

MCAL/GPIO/hal_gpio.c
		_gpio_pin_write_logic		CODE           	1144	0000	290
		_gpio_pin_direction_init		CODE           	1020	0000	292
		_gpio_pin_read_logic		CODE           	1322	0000	172
		_gpio_pin_toggle_logic		CODE           	13CE	0000	148
		_gpio_pin_init 		CODE           	14D2	0000	92

MCAL/GPIO/hal_gpio.c estimated size: 994

shared
		_tris_regs     		SMALLCONST     	1015	0000	10
		__initialization		CODE           	157E	0000	28
		_port_regs     		SMALLCONST     	100B	0000	10
		_lat_regs      		SMALLCONST     	1001	0000	10

shared estimated size: 58

ECUAL/Relay/ecual_relay.c
		_gpio_relay_turn_toggle		CODE           	15A4	0000	36
		_gpio_relay_init		CODE           	15C8	0000	36
		_gpio_relay_turn_on		CODE           	152E	0000	40
		_gpio_relay_turn_off		CODE           	1556	0000	40
		_gpio_relay_read_logic		CODE           	1462	0000	112

ECUAL/Relay/ecual_relay.c estimated size: 264

